

================================================================
== Vitis HLS Report for 'yolo_conv_top_Pipeline_VITIS_LOOP_55_3'
================================================================
* Date:           Mon Nov 18 23:56:28 2024

* Version:        2022.2 (Build 3670227 on Oct 13 2022)
* Project:        yolo_conv_prj
* Solution:       solution1 (Vivado IP Flow Target)
* Product family: zynq
* Target device:  xc7z020-clg400-1


================================================================
== Performance Estimates
================================================================
+ Timing: 
    * Summary: 
    +--------+---------+----------+------------+
    |  Clock |  Target | Estimated| Uncertainty|
    +--------+---------+----------+------------+
    |ap_clk  |  7.50 ns|  5.362 ns|     2.03 ns|
    +--------+---------+----------+------------+

+ Latency: 
    * Summary: 
    +---------+---------+-----------+-----------+-----+-----+---------+
    |  Latency (cycles) |   Latency (absolute)  |  Interval | Pipeline|
    |   min   |   max   |    min    |    max    | min | max |   Type  |
    +---------+---------+-----------+-----------+-----+-----+---------+
    |        5|        5|  37.500 ns|  37.500 ns|    5|    5|       no|
    +---------+---------+-----------+-----------+-----+-----+---------+

    + Detail: 
        * Instance: 
        N/A

        * Loop: 
        +-------------------+---------+---------+----------+-----------+-----------+------+----------+
        |                   |  Latency (cycles) | Iteration|  Initiation Interval  | Trip |          |
        |     Loop Name     |   min   |   max   |  Latency |  achieved |   target  | Count| Pipelined|
        +-------------------+---------+---------+----------+-----------+-----------+------+----------+
        |- VITIS_LOOP_55_3  |        3|        3|         1|          1|          1|     3|       yes|
        +-------------------+---------+---------+----------+-----------+-----------+------+----------+

============================================================
+ Verbose Summary: Synthesis Manager
============================================================
InlineROM: 1
ExposeGlobal: 0
============================================================
+ Verbose Summary: CDFG Model
============================================================
IsTopModel: 0
ResetActiveHigh: 1
IsCombinational: 0
IsDatapathOnly: 0
HasWiredReturn: 1
HasMFsm: 2
HasVarLatency: 1
IsPipeline: 0
IsRtlPipelined: 0
IsInstanceOverlapped: 0
IsDontTouch: 0
HasImplIP: 0
IsGatedGlobalClock: 0

+ Individual pipeline summary: 
  * Pipeline-0: initiation interval (II) = 1, depth = 1


============================================================
+ Verbose Summary: Schedule
============================================================
* Number of FSM states : 1
* Pipeline : 1
  Pipeline-0 : II = 1, D = 1, States = { 1 }
* Dataflow Pipeline: 0

* FSM state transitions: 
1 --> 

* FSM state operations: 

State 1 <SV = 0> <Delay = 5.36>
ST_1 : Operation 4 [1/1] (0.00ns)   --->   "%p_phi = alloca i32 1"   --->   Operation 4 'alloca' 'p_phi' <Predicate = true> <Delay = 0.00>
ST_1 : Operation 5 [1/1] (0.00ns)   --->   "%j = alloca i32 1"   --->   Operation 5 'alloca' 'j' <Predicate = true> <Delay = 0.00>
ST_1 : Operation 6 [1/1] (0.00ns)   --->   "%p_cast_mid2_read = read i3 @_ssdm_op_Read.ap_auto.i3, i3 %p_cast_mid2"   --->   Operation 6 'read' 'p_cast_mid2_read' <Predicate = true> <Delay = 0.00>
ST_1 : Operation 7 [1/1] (0.00ns)   --->   "%fold_win_area_read = read i3 @_ssdm_op_Read.ap_auto.i3, i3 %fold_win_area"   --->   Operation 7 'read' 'fold_win_area_read' <Predicate = true> <Delay = 0.00>
ST_1 : Operation 8 [1/1] (0.00ns)   --->   "%tmp = read i7 @_ssdm_op_Read.ap_auto.i7, i7 %empty"   --->   Operation 8 'read' 'tmp' <Predicate = true> <Delay = 0.00>
ST_1 : Operation 9 [1/1] (0.00ns)   --->   "%p_cast = zext i7 %tmp"   --->   Operation 9 'zext' 'p_cast' <Predicate = true> <Delay = 0.00>
ST_1 : Operation 10 [1/1] (0.00ns)   --->   "%specinterface_ln0 = specinterface void @_ssdm_op_SpecInterface, i112 %inStream, void @empty_15, i32 0, i32 0, void @empty_16, i32 0, i32 0, void @empty_8, void @empty_8, void @empty_8, i32 0, i32 0, i32 0, i32 0, void @empty_8, void @empty_8, i32 4294967295, i32 0"   --->   Operation 10 'specinterface' 'specinterface_ln0' <Predicate = true> <Delay = 0.00>
ST_1 : Operation 11 [1/1] (1.58ns)   --->   "%store_ln0 = store i3 0, i3 %j"   --->   Operation 11 'store' 'store_ln0' <Predicate = true> <Delay = 1.58>
ST_1 : Operation 12 [1/1] (0.00ns)   --->   "%br_ln0 = br void %for.body66"   --->   Operation 12 'br' 'br_ln0' <Predicate = true> <Delay = 0.00>
ST_1 : Operation 13 [1/1] (0.00ns)   --->   "%j_1 = load i3 %j" [src/yolo_conv.cpp:55]   --->   Operation 13 'load' 'j_1' <Predicate = true> <Delay = 0.00>
ST_1 : Operation 14 [1/1] (0.00ns)   --->   "%local_mem_group_data_V_70_addr = getelementptr i16 %local_mem_group_data_V_70, i64 0, i64 %p_cast"   --->   Operation 14 'getelementptr' 'local_mem_group_data_V_70_addr' <Predicate = true> <Delay = 0.00>
ST_1 : Operation 15 [1/1] (0.00ns)   --->   "%local_mem_group_data_V_69_addr = getelementptr i16 %local_mem_group_data_V_69, i64 0, i64 %p_cast"   --->   Operation 15 'getelementptr' 'local_mem_group_data_V_69_addr' <Predicate = true> <Delay = 0.00>
ST_1 : Operation 16 [1/1] (0.00ns)   --->   "%local_mem_group_data_V_68_addr = getelementptr i16 %local_mem_group_data_V_68, i64 0, i64 %p_cast"   --->   Operation 16 'getelementptr' 'local_mem_group_data_V_68_addr' <Predicate = true> <Delay = 0.00>
ST_1 : Operation 17 [1/1] (0.00ns)   --->   "%local_mem_group_data_V_66_addr = getelementptr i16 %local_mem_group_data_V_66, i64 0, i64 %p_cast"   --->   Operation 17 'getelementptr' 'local_mem_group_data_V_66_addr' <Predicate = true> <Delay = 0.00>
ST_1 : Operation 18 [1/1] (0.00ns)   --->   "%local_mem_group_data_V_65_addr = getelementptr i16 %local_mem_group_data_V_65, i64 0, i64 %p_cast"   --->   Operation 18 'getelementptr' 'local_mem_group_data_V_65_addr' <Predicate = true> <Delay = 0.00>
ST_1 : Operation 19 [1/1] (0.00ns)   --->   "%local_mem_group_data_V_64_addr = getelementptr i16 %local_mem_group_data_V_64, i64 0, i64 %p_cast"   --->   Operation 19 'getelementptr' 'local_mem_group_data_V_64_addr' <Predicate = true> <Delay = 0.00>
ST_1 : Operation 20 [1/1] (0.00ns)   --->   "%local_mem_group_data_V_61_addr = getelementptr i16 %local_mem_group_data_V_61, i64 0, i64 %p_cast"   --->   Operation 20 'getelementptr' 'local_mem_group_data_V_61_addr' <Predicate = true> <Delay = 0.00>
ST_1 : Operation 21 [1/1] (0.00ns)   --->   "%local_mem_group_data_V_60_addr = getelementptr i16 %local_mem_group_data_V_60, i64 0, i64 %p_cast"   --->   Operation 21 'getelementptr' 'local_mem_group_data_V_60_addr' <Predicate = true> <Delay = 0.00>
ST_1 : Operation 22 [1/1] (0.00ns)   --->   "%local_mem_group_data_V_59_addr = getelementptr i16 %local_mem_group_data_V_59, i64 0, i64 %p_cast"   --->   Operation 22 'getelementptr' 'local_mem_group_data_V_59_addr' <Predicate = true> <Delay = 0.00>
ST_1 : Operation 23 [1/1] (0.00ns)   --->   "%local_mem_group_data_V_57_addr = getelementptr i16 %local_mem_group_data_V_57, i64 0, i64 %p_cast"   --->   Operation 23 'getelementptr' 'local_mem_group_data_V_57_addr' <Predicate = true> <Delay = 0.00>
ST_1 : Operation 24 [1/1] (0.00ns)   --->   "%local_mem_group_data_V_56_addr = getelementptr i16 %local_mem_group_data_V_56, i64 0, i64 %p_cast"   --->   Operation 24 'getelementptr' 'local_mem_group_data_V_56_addr' <Predicate = true> <Delay = 0.00>
ST_1 : Operation 25 [1/1] (0.00ns)   --->   "%local_mem_group_data_V_55_addr = getelementptr i16 %local_mem_group_data_V_55, i64 0, i64 %p_cast"   --->   Operation 25 'getelementptr' 'local_mem_group_data_V_55_addr' <Predicate = true> <Delay = 0.00>
ST_1 : Operation 26 [1/1] (0.00ns)   --->   "%local_mem_group_data_V_52_addr = getelementptr i16 %local_mem_group_data_V_52, i64 0, i64 %p_cast"   --->   Operation 26 'getelementptr' 'local_mem_group_data_V_52_addr' <Predicate = true> <Delay = 0.00>
ST_1 : Operation 27 [1/1] (0.00ns)   --->   "%local_mem_group_data_V_51_addr = getelementptr i16 %local_mem_group_data_V_51, i64 0, i64 %p_cast"   --->   Operation 27 'getelementptr' 'local_mem_group_data_V_51_addr' <Predicate = true> <Delay = 0.00>
ST_1 : Operation 28 [1/1] (0.00ns)   --->   "%local_mem_group_data_V_50_addr = getelementptr i16 %local_mem_group_data_V_50, i64 0, i64 %p_cast"   --->   Operation 28 'getelementptr' 'local_mem_group_data_V_50_addr' <Predicate = true> <Delay = 0.00>
ST_1 : Operation 29 [1/1] (0.00ns)   --->   "%local_mem_group_data_V_48_addr = getelementptr i16 %local_mem_group_data_V_48, i64 0, i64 %p_cast"   --->   Operation 29 'getelementptr' 'local_mem_group_data_V_48_addr' <Predicate = true> <Delay = 0.00>
ST_1 : Operation 30 [1/1] (0.00ns)   --->   "%local_mem_group_data_V_47_addr = getelementptr i16 %local_mem_group_data_V_47, i64 0, i64 %p_cast"   --->   Operation 30 'getelementptr' 'local_mem_group_data_V_47_addr' <Predicate = true> <Delay = 0.00>
ST_1 : Operation 31 [1/1] (0.00ns)   --->   "%local_mem_group_data_V_46_addr = getelementptr i16 %local_mem_group_data_V_46, i64 0, i64 %p_cast"   --->   Operation 31 'getelementptr' 'local_mem_group_data_V_46_addr' <Predicate = true> <Delay = 0.00>
ST_1 : Operation 32 [1/1] (0.00ns)   --->   "%local_mem_group_data_V_43_addr = getelementptr i16 %local_mem_group_data_V_43, i64 0, i64 %p_cast"   --->   Operation 32 'getelementptr' 'local_mem_group_data_V_43_addr' <Predicate = true> <Delay = 0.00>
ST_1 : Operation 33 [1/1] (0.00ns)   --->   "%local_mem_group_data_V_42_addr = getelementptr i16 %local_mem_group_data_V_42, i64 0, i64 %p_cast"   --->   Operation 33 'getelementptr' 'local_mem_group_data_V_42_addr' <Predicate = true> <Delay = 0.00>
ST_1 : Operation 34 [1/1] (0.00ns)   --->   "%local_mem_group_data_V_41_addr = getelementptr i16 %local_mem_group_data_V_41, i64 0, i64 %p_cast"   --->   Operation 34 'getelementptr' 'local_mem_group_data_V_41_addr' <Predicate = true> <Delay = 0.00>
ST_1 : Operation 35 [1/1] (0.00ns)   --->   "%local_mem_group_data_V_39_addr = getelementptr i16 %local_mem_group_data_V_39, i64 0, i64 %p_cast"   --->   Operation 35 'getelementptr' 'local_mem_group_data_V_39_addr' <Predicate = true> <Delay = 0.00>
ST_1 : Operation 36 [1/1] (0.00ns)   --->   "%local_mem_group_data_V_38_addr = getelementptr i16 %local_mem_group_data_V_38, i64 0, i64 %p_cast"   --->   Operation 36 'getelementptr' 'local_mem_group_data_V_38_addr' <Predicate = true> <Delay = 0.00>
ST_1 : Operation 37 [1/1] (0.00ns)   --->   "%local_mem_group_data_V_37_addr = getelementptr i16 %local_mem_group_data_V_37, i64 0, i64 %p_cast"   --->   Operation 37 'getelementptr' 'local_mem_group_data_V_37_addr' <Predicate = true> <Delay = 0.00>
ST_1 : Operation 38 [1/1] (0.00ns)   --->   "%local_mem_group_data_V_34_addr = getelementptr i16 %local_mem_group_data_V_34, i64 0, i64 %p_cast"   --->   Operation 38 'getelementptr' 'local_mem_group_data_V_34_addr' <Predicate = true> <Delay = 0.00>
ST_1 : Operation 39 [1/1] (0.00ns)   --->   "%local_mem_group_data_V_33_addr = getelementptr i16 %local_mem_group_data_V_33, i64 0, i64 %p_cast"   --->   Operation 39 'getelementptr' 'local_mem_group_data_V_33_addr' <Predicate = true> <Delay = 0.00>
ST_1 : Operation 40 [1/1] (0.00ns)   --->   "%local_mem_group_data_V_32_addr = getelementptr i16 %local_mem_group_data_V_32, i64 0, i64 %p_cast"   --->   Operation 40 'getelementptr' 'local_mem_group_data_V_32_addr' <Predicate = true> <Delay = 0.00>
ST_1 : Operation 41 [1/1] (0.00ns)   --->   "%local_mem_group_data_V_30_addr = getelementptr i16 %local_mem_group_data_V_30, i64 0, i64 %p_cast"   --->   Operation 41 'getelementptr' 'local_mem_group_data_V_30_addr' <Predicate = true> <Delay = 0.00>
ST_1 : Operation 42 [1/1] (0.00ns)   --->   "%local_mem_group_data_V_29_addr = getelementptr i16 %local_mem_group_data_V_29, i64 0, i64 %p_cast"   --->   Operation 42 'getelementptr' 'local_mem_group_data_V_29_addr' <Predicate = true> <Delay = 0.00>
ST_1 : Operation 43 [1/1] (0.00ns)   --->   "%local_mem_group_data_V_28_addr = getelementptr i16 %local_mem_group_data_V_28, i64 0, i64 %p_cast"   --->   Operation 43 'getelementptr' 'local_mem_group_data_V_28_addr' <Predicate = true> <Delay = 0.00>
ST_1 : Operation 44 [1/1] (0.00ns)   --->   "%local_mem_group_data_V_25_addr = getelementptr i16 %local_mem_group_data_V_25, i64 0, i64 %p_cast"   --->   Operation 44 'getelementptr' 'local_mem_group_data_V_25_addr' <Predicate = true> <Delay = 0.00>
ST_1 : Operation 45 [1/1] (0.00ns)   --->   "%local_mem_group_data_V_24_addr = getelementptr i16 %local_mem_group_data_V_24, i64 0, i64 %p_cast"   --->   Operation 45 'getelementptr' 'local_mem_group_data_V_24_addr' <Predicate = true> <Delay = 0.00>
ST_1 : Operation 46 [1/1] (0.00ns)   --->   "%local_mem_group_data_V_23_addr = getelementptr i16 %local_mem_group_data_V_23, i64 0, i64 %p_cast"   --->   Operation 46 'getelementptr' 'local_mem_group_data_V_23_addr' <Predicate = true> <Delay = 0.00>
ST_1 : Operation 47 [1/1] (0.00ns)   --->   "%local_mem_group_data_V_21_addr = getelementptr i16 %local_mem_group_data_V_21, i64 0, i64 %p_cast"   --->   Operation 47 'getelementptr' 'local_mem_group_data_V_21_addr' <Predicate = true> <Delay = 0.00>
ST_1 : Operation 48 [1/1] (0.00ns)   --->   "%local_mem_group_data_V_20_addr = getelementptr i16 %local_mem_group_data_V_20, i64 0, i64 %p_cast"   --->   Operation 48 'getelementptr' 'local_mem_group_data_V_20_addr' <Predicate = true> <Delay = 0.00>
ST_1 : Operation 49 [1/1] (0.00ns)   --->   "%local_mem_group_data_V_19_addr = getelementptr i16 %local_mem_group_data_V_19, i64 0, i64 %p_cast"   --->   Operation 49 'getelementptr' 'local_mem_group_data_V_19_addr' <Predicate = true> <Delay = 0.00>
ST_1 : Operation 50 [1/1] (0.00ns)   --->   "%local_mem_group_data_V_16_addr = getelementptr i16 %local_mem_group_data_V_16, i64 0, i64 %p_cast"   --->   Operation 50 'getelementptr' 'local_mem_group_data_V_16_addr' <Predicate = true> <Delay = 0.00>
ST_1 : Operation 51 [1/1] (0.00ns)   --->   "%local_mem_group_data_V_15_addr = getelementptr i16 %local_mem_group_data_V_15, i64 0, i64 %p_cast"   --->   Operation 51 'getelementptr' 'local_mem_group_data_V_15_addr' <Predicate = true> <Delay = 0.00>
ST_1 : Operation 52 [1/1] (0.00ns)   --->   "%local_mem_group_data_V_14_addr = getelementptr i16 %local_mem_group_data_V_14, i64 0, i64 %p_cast"   --->   Operation 52 'getelementptr' 'local_mem_group_data_V_14_addr' <Predicate = true> <Delay = 0.00>
ST_1 : Operation 53 [1/1] (0.00ns)   --->   "%local_mem_group_data_V_12_addr = getelementptr i16 %local_mem_group_data_V_12, i64 0, i64 %p_cast"   --->   Operation 53 'getelementptr' 'local_mem_group_data_V_12_addr' <Predicate = true> <Delay = 0.00>
ST_1 : Operation 54 [1/1] (0.00ns)   --->   "%local_mem_group_data_V_11_addr = getelementptr i16 %local_mem_group_data_V_11, i64 0, i64 %p_cast"   --->   Operation 54 'getelementptr' 'local_mem_group_data_V_11_addr' <Predicate = true> <Delay = 0.00>
ST_1 : Operation 55 [1/1] (0.00ns)   --->   "%local_mem_group_data_V_10_addr = getelementptr i16 %local_mem_group_data_V_10, i64 0, i64 %p_cast"   --->   Operation 55 'getelementptr' 'local_mem_group_data_V_10_addr' <Predicate = true> <Delay = 0.00>
ST_1 : Operation 56 [1/1] (0.00ns)   --->   "%local_mem_group_data_V_7_addr = getelementptr i16 %local_mem_group_data_V_7, i64 0, i64 %p_cast"   --->   Operation 56 'getelementptr' 'local_mem_group_data_V_7_addr' <Predicate = true> <Delay = 0.00>
ST_1 : Operation 57 [1/1] (0.00ns)   --->   "%local_mem_group_data_V_6_addr = getelementptr i16 %local_mem_group_data_V_6, i64 0, i64 %p_cast"   --->   Operation 57 'getelementptr' 'local_mem_group_data_V_6_addr' <Predicate = true> <Delay = 0.00>
ST_1 : Operation 58 [1/1] (0.00ns)   --->   "%local_mem_group_data_V_5_addr = getelementptr i16 %local_mem_group_data_V_5, i64 0, i64 %p_cast"   --->   Operation 58 'getelementptr' 'local_mem_group_data_V_5_addr' <Predicate = true> <Delay = 0.00>
ST_1 : Operation 59 [1/1] (0.00ns)   --->   "%local_mem_group_data_V_3_addr = getelementptr i16 %local_mem_group_data_V_3, i64 0, i64 %p_cast"   --->   Operation 59 'getelementptr' 'local_mem_group_data_V_3_addr' <Predicate = true> <Delay = 0.00>
ST_1 : Operation 60 [1/1] (0.00ns)   --->   "%local_mem_group_data_V_2_addr = getelementptr i16 %local_mem_group_data_V_2, i64 0, i64 %p_cast"   --->   Operation 60 'getelementptr' 'local_mem_group_data_V_2_addr' <Predicate = true> <Delay = 0.00>
ST_1 : Operation 61 [1/1] (0.00ns)   --->   "%local_mem_group_data_V_1_addr = getelementptr i16 %local_mem_group_data_V_1, i64 0, i64 %p_cast"   --->   Operation 61 'getelementptr' 'local_mem_group_data_V_1_addr' <Predicate = true> <Delay = 0.00>
ST_1 : Operation 62 [1/1] (0.00ns)   --->   "%local_mem_group_data_V_71_addr = getelementptr i16 %local_mem_group_data_V_71, i64 0, i64 %p_cast"   --->   Operation 62 'getelementptr' 'local_mem_group_data_V_71_addr' <Predicate = true> <Delay = 0.00>
ST_1 : Operation 63 [1/1] (0.00ns)   --->   "%local_mem_group_data_V_67_addr = getelementptr i16 %local_mem_group_data_V_67, i64 0, i64 %p_cast"   --->   Operation 63 'getelementptr' 'local_mem_group_data_V_67_addr' <Predicate = true> <Delay = 0.00>
ST_1 : Operation 64 [1/1] (0.00ns)   --->   "%local_mem_group_data_V_63_addr = getelementptr i16 %local_mem_group_data_V_63, i64 0, i64 %p_cast"   --->   Operation 64 'getelementptr' 'local_mem_group_data_V_63_addr' <Predicate = true> <Delay = 0.00>
ST_1 : Operation 65 [1/1] (0.00ns)   --->   "%local_mem_group_data_V_62_addr = getelementptr i16 %local_mem_group_data_V_62, i64 0, i64 %p_cast"   --->   Operation 65 'getelementptr' 'local_mem_group_data_V_62_addr' <Predicate = true> <Delay = 0.00>
ST_1 : Operation 66 [1/1] (0.00ns)   --->   "%local_mem_group_data_V_58_addr = getelementptr i16 %local_mem_group_data_V_58, i64 0, i64 %p_cast"   --->   Operation 66 'getelementptr' 'local_mem_group_data_V_58_addr' <Predicate = true> <Delay = 0.00>
ST_1 : Operation 67 [1/1] (0.00ns)   --->   "%local_mem_group_data_V_54_addr = getelementptr i16 %local_mem_group_data_V_54, i64 0, i64 %p_cast"   --->   Operation 67 'getelementptr' 'local_mem_group_data_V_54_addr' <Predicate = true> <Delay = 0.00>
ST_1 : Operation 68 [1/1] (0.00ns)   --->   "%local_mem_group_data_V_53_addr = getelementptr i16 %local_mem_group_data_V_53, i64 0, i64 %p_cast"   --->   Operation 68 'getelementptr' 'local_mem_group_data_V_53_addr' <Predicate = true> <Delay = 0.00>
ST_1 : Operation 69 [1/1] (0.00ns)   --->   "%local_mem_group_data_V_49_addr = getelementptr i16 %local_mem_group_data_V_49, i64 0, i64 %p_cast"   --->   Operation 69 'getelementptr' 'local_mem_group_data_V_49_addr' <Predicate = true> <Delay = 0.00>
ST_1 : Operation 70 [1/1] (0.00ns)   --->   "%local_mem_group_data_V_45_addr = getelementptr i16 %local_mem_group_data_V_45, i64 0, i64 %p_cast"   --->   Operation 70 'getelementptr' 'local_mem_group_data_V_45_addr' <Predicate = true> <Delay = 0.00>
ST_1 : Operation 71 [1/1] (0.00ns)   --->   "%local_mem_group_data_V_44_addr = getelementptr i16 %local_mem_group_data_V_44, i64 0, i64 %p_cast"   --->   Operation 71 'getelementptr' 'local_mem_group_data_V_44_addr' <Predicate = true> <Delay = 0.00>
ST_1 : Operation 72 [1/1] (0.00ns)   --->   "%local_mem_group_data_V_40_addr = getelementptr i16 %local_mem_group_data_V_40, i64 0, i64 %p_cast"   --->   Operation 72 'getelementptr' 'local_mem_group_data_V_40_addr' <Predicate = true> <Delay = 0.00>
ST_1 : Operation 73 [1/1] (0.00ns)   --->   "%local_mem_group_data_V_36_addr = getelementptr i16 %local_mem_group_data_V_36, i64 0, i64 %p_cast"   --->   Operation 73 'getelementptr' 'local_mem_group_data_V_36_addr' <Predicate = true> <Delay = 0.00>
ST_1 : Operation 74 [1/1] (0.00ns)   --->   "%local_mem_group_data_V_35_addr = getelementptr i16 %local_mem_group_data_V_35, i64 0, i64 %p_cast"   --->   Operation 74 'getelementptr' 'local_mem_group_data_V_35_addr' <Predicate = true> <Delay = 0.00>
ST_1 : Operation 75 [1/1] (0.00ns)   --->   "%local_mem_group_data_V_31_addr = getelementptr i16 %local_mem_group_data_V_31, i64 0, i64 %p_cast"   --->   Operation 75 'getelementptr' 'local_mem_group_data_V_31_addr' <Predicate = true> <Delay = 0.00>
ST_1 : Operation 76 [1/1] (0.00ns)   --->   "%local_mem_group_data_V_27_addr = getelementptr i16 %local_mem_group_data_V_27, i64 0, i64 %p_cast"   --->   Operation 76 'getelementptr' 'local_mem_group_data_V_27_addr' <Predicate = true> <Delay = 0.00>
ST_1 : Operation 77 [1/1] (0.00ns)   --->   "%local_mem_group_data_V_26_addr = getelementptr i16 %local_mem_group_data_V_26, i64 0, i64 %p_cast"   --->   Operation 77 'getelementptr' 'local_mem_group_data_V_26_addr' <Predicate = true> <Delay = 0.00>
ST_1 : Operation 78 [1/1] (0.00ns)   --->   "%local_mem_group_data_V_22_addr = getelementptr i16 %local_mem_group_data_V_22, i64 0, i64 %p_cast"   --->   Operation 78 'getelementptr' 'local_mem_group_data_V_22_addr' <Predicate = true> <Delay = 0.00>
ST_1 : Operation 79 [1/1] (0.00ns)   --->   "%local_mem_group_data_V_18_addr = getelementptr i16 %local_mem_group_data_V_18, i64 0, i64 %p_cast"   --->   Operation 79 'getelementptr' 'local_mem_group_data_V_18_addr' <Predicate = true> <Delay = 0.00>
ST_1 : Operation 80 [1/1] (0.00ns)   --->   "%local_mem_group_data_V_17_addr = getelementptr i16 %local_mem_group_data_V_17, i64 0, i64 %p_cast"   --->   Operation 80 'getelementptr' 'local_mem_group_data_V_17_addr' <Predicate = true> <Delay = 0.00>
ST_1 : Operation 81 [1/1] (0.00ns)   --->   "%local_mem_group_data_V_13_addr = getelementptr i16 %local_mem_group_data_V_13, i64 0, i64 %p_cast"   --->   Operation 81 'getelementptr' 'local_mem_group_data_V_13_addr' <Predicate = true> <Delay = 0.00>
ST_1 : Operation 82 [1/1] (0.00ns)   --->   "%local_mem_group_data_V_9_addr = getelementptr i16 %local_mem_group_data_V_9, i64 0, i64 %p_cast"   --->   Operation 82 'getelementptr' 'local_mem_group_data_V_9_addr' <Predicate = true> <Delay = 0.00>
ST_1 : Operation 83 [1/1] (0.00ns)   --->   "%local_mem_group_data_V_8_addr = getelementptr i16 %local_mem_group_data_V_8, i64 0, i64 %p_cast"   --->   Operation 83 'getelementptr' 'local_mem_group_data_V_8_addr' <Predicate = true> <Delay = 0.00>
ST_1 : Operation 84 [1/1] (0.00ns)   --->   "%local_mem_group_data_V_4_addr = getelementptr i16 %local_mem_group_data_V_4, i64 0, i64 %p_cast"   --->   Operation 84 'getelementptr' 'local_mem_group_data_V_4_addr' <Predicate = true> <Delay = 0.00>
ST_1 : Operation 85 [1/1] (0.00ns)   --->   "%local_mem_group_data_V_addr = getelementptr i16 %local_mem_group_data_V, i64 0, i64 %p_cast"   --->   Operation 85 'getelementptr' 'local_mem_group_data_V_addr' <Predicate = true> <Delay = 0.00>
ST_1 : Operation 86 [1/1] (1.13ns)   --->   "%icmp_ln1027 = icmp_eq  i3 %j_1, i3 %fold_win_area_read"   --->   Operation 86 'icmp' 'icmp_ln1027' <Predicate = true> <Delay = 1.13> <CoreInst = "Cmp">   --->   Core 9 'Cmp' <Latency = 0> <II = 1> <Delay = 1.13> <FuncUnit> <Opcode : 'icmp'> <InPorts = 2> <OutPorts = 1>
ST_1 : Operation 87 [1/1] (1.65ns)   --->   "%add_ln55 = add i3 %j_1, i3 1" [src/yolo_conv.cpp:55]   --->   Operation 87 'add' 'add_ln55' <Predicate = true> <Delay = 1.65> <CoreInst = "Adder">   --->   Core 1 'Adder' <Latency = 0> <II = 1> <Delay = 1.65> <FuncUnit> <Opcode : 'add' 'sub'> <InPorts = 2> <OutPorts = 1>
ST_1 : Operation 88 [1/1] (0.00ns)   --->   "%br_ln55 = br i1 %icmp_ln1027, void %for.body66.split, void %for.inc101.loopexit.exitStub" [src/yolo_conv.cpp:55]   --->   Operation 88 'br' 'br_ln55' <Predicate = true> <Delay = 0.00>
ST_1 : Operation 89 [1/1] (0.00ns)   --->   "%specpipeline_ln57 = specpipeline void @_ssdm_op_SpecPipeline, i32 4294967295, i32 0, i32 0, i32 0, void @empty_8" [src/yolo_conv.cpp:57]   --->   Operation 89 'specpipeline' 'specpipeline_ln57' <Predicate = (!icmp_ln1027)> <Delay = 0.00>
ST_1 : Operation 90 [1/1] (0.00ns)   --->   "%speclooptripcount_ln58 = speclooptripcount void @_ssdm_op_SpecLoopTripCount, i64 3, i64 3, i64 3" [src/yolo_conv.cpp:58]   --->   Operation 90 'speclooptripcount' 'speclooptripcount_ln58' <Predicate = (!icmp_ln1027)> <Delay = 0.00>
ST_1 : Operation 91 [1/1] (0.00ns)   --->   "%specloopname_ln55 = specloopname void @_ssdm_op_SpecLoopName, void @empty_10" [src/yolo_conv.cpp:55]   --->   Operation 91 'specloopname' 'specloopname_ln55' <Predicate = (!icmp_ln1027)> <Delay = 0.00>
ST_1 : Operation 92 [1/1] (0.00ns)   --->   "%inStream_read = read i112 @_ssdm_op_Read.axis.volatile.i112P128A, i112 %inStream" [src/yolo_conv.cpp:59]   --->   Operation 92 'read' 'inStream_read' <Predicate = (!icmp_ln1027)> <Delay = 0.00> <CoreInst = "axis">   --->   Core 115 'axis' <Latency = 0> <II = 1> <Delay = 1.00> <Adapter> <Opcode : >
ST_1 : Operation 93 [1/1] (0.00ns)   --->   "%trunc_ln59 = trunc i112 %inStream_read" [src/yolo_conv.cpp:59]   --->   Operation 93 'trunc' 'trunc_ln59' <Predicate = (!icmp_ln1027)> <Delay = 0.00>
ST_1 : Operation 94 [1/1] (0.00ns)   --->   "%curr_input_data_sub_data_0_V = trunc i112 %inStream_read" [src/yolo_conv.cpp:59]   --->   Operation 94 'trunc' 'curr_input_data_sub_data_0_V' <Predicate = (!icmp_ln1027)> <Delay = 0.00>
ST_1 : Operation 95 [1/1] (0.00ns)   --->   "%curr_input_data_sub_data_1_V = partselect i16 @_ssdm_op_PartSelect.i16.i112.i32.i32, i112 %inStream_read, i32 16, i32 31" [src/yolo_conv.cpp:59]   --->   Operation 95 'partselect' 'curr_input_data_sub_data_1_V' <Predicate = (!icmp_ln1027)> <Delay = 0.00>
ST_1 : Operation 96 [1/1] (0.00ns)   --->   "%curr_input_data_sub_data_2_V = partselect i16 @_ssdm_op_PartSelect.i16.i112.i32.i32, i112 %inStream_read, i32 32, i32 47" [src/yolo_conv.cpp:59]   --->   Operation 96 'partselect' 'curr_input_data_sub_data_2_V' <Predicate = (!icmp_ln1027)> <Delay = 0.00>
ST_1 : Operation 97 [1/1] (0.00ns)   --->   "%curr_input_data_sub_data_3_V = partselect i16 @_ssdm_op_PartSelect.i16.i112.i32.i32, i112 %inStream_read, i32 48, i32 63" [src/yolo_conv.cpp:59]   --->   Operation 97 'partselect' 'curr_input_data_sub_data_3_V' <Predicate = (!icmp_ln1027)> <Delay = 0.00>
ST_1 : Operation 98 [1/1] (0.95ns)   --->   "%switch_ln60 = switch i3 %p_cast_mid2_read, void %arrayidx7116.case.7, i3 0, void %arrayidx7116.case.0, i3 1, void %arrayidx7116.case.1, i3 2, void %arrayidx7116.case.2, i3 3, void %arrayidx7116.case.3, i3 4, void %arrayidx7116.case.4, i3 5, void %arrayidx7116.case.5, i3 6, void %arrayidx7116.case.6" [src/yolo_conv.cpp:60]   --->   Operation 98 'switch' 'switch_ln60' <Predicate = (!icmp_ln1027)> <Delay = 0.95>
ST_1 : Operation 99 [1/1] (0.95ns)   --->   "%switch_ln60 = switch i3 %j_1, void %arrayidx7116.case.82109, i3 0, void %arrayidx7116.case.02107, i3 1, void %arrayidx7116.case.42108" [src/yolo_conv.cpp:60]   --->   Operation 99 'switch' 'switch_ln60' <Predicate = (!icmp_ln1027 & p_cast_mid2_read == 6)> <Delay = 0.95>
ST_1 : Operation 100 [1/1] (3.25ns)   --->   "%store_ln60 = store i16 %curr_input_data_sub_data_0_V, i7 %local_mem_group_data_V_58_addr" [src/yolo_conv.cpp:60]   --->   Operation 100 'store' 'store_ln60' <Predicate = (!icmp_ln1027 & p_cast_mid2_read == 6 & j_1 == 1)> <Delay = 3.25> <CoreInst = "RAM_1WnR">   --->   Core 83 'RAM_1WnR' <Latency = 1> <II = 1> <Delay = 3.25> <Storage> <Opcode : 'load' 'store'> <Ports = 17> <Width = 16> <Depth = 128> <RAM>
ST_1 : Operation 101 [1/1] (0.00ns)   --->   "%br_ln60 = br void %arrayidx7116.exit2106" [src/yolo_conv.cpp:60]   --->   Operation 101 'br' 'br_ln60' <Predicate = (!icmp_ln1027 & p_cast_mid2_read == 6 & j_1 == 1)> <Delay = 0.00>
ST_1 : Operation 102 [1/1] (3.25ns)   --->   "%store_ln60 = store i16 %curr_input_data_sub_data_0_V, i7 %local_mem_group_data_V_54_addr" [src/yolo_conv.cpp:60]   --->   Operation 102 'store' 'store_ln60' <Predicate = (!icmp_ln1027 & p_cast_mid2_read == 6 & j_1 == 0)> <Delay = 3.25> <CoreInst = "RAM_1WnR">   --->   Core 83 'RAM_1WnR' <Latency = 1> <II = 1> <Delay = 3.25> <Storage> <Opcode : 'load' 'store'> <Ports = 17> <Width = 16> <Depth = 128> <RAM>
ST_1 : Operation 103 [1/1] (0.00ns)   --->   "%br_ln60 = br void %arrayidx7116.exit2106" [src/yolo_conv.cpp:60]   --->   Operation 103 'br' 'br_ln60' <Predicate = (!icmp_ln1027 & p_cast_mid2_read == 6 & j_1 == 0)> <Delay = 0.00>
ST_1 : Operation 104 [1/1] (3.25ns)   --->   "%store_ln60 = store i16 %curr_input_data_sub_data_0_V, i7 %local_mem_group_data_V_62_addr" [src/yolo_conv.cpp:60]   --->   Operation 104 'store' 'store_ln60' <Predicate = (!icmp_ln1027 & p_cast_mid2_read == 6 & j_1 != 0 & j_1 != 1)> <Delay = 3.25> <CoreInst = "RAM_1WnR">   --->   Core 83 'RAM_1WnR' <Latency = 1> <II = 1> <Delay = 3.25> <Storage> <Opcode : 'load' 'store'> <Ports = 17> <Width = 16> <Depth = 128> <RAM>
ST_1 : Operation 105 [1/1] (0.00ns)   --->   "%br_ln60 = br void %arrayidx7116.exit2106" [src/yolo_conv.cpp:60]   --->   Operation 105 'br' 'br_ln60' <Predicate = (!icmp_ln1027 & p_cast_mid2_read == 6 & j_1 != 0 & j_1 != 1)> <Delay = 0.00>
ST_1 : Operation 106 [1/1] (0.00ns)   --->   "%br_ln60 = br void %arrayidx7116.exit" [src/yolo_conv.cpp:60]   --->   Operation 106 'br' 'br_ln60' <Predicate = (!icmp_ln1027 & p_cast_mid2_read == 6)> <Delay = 0.00>
ST_1 : Operation 107 [1/1] (0.95ns)   --->   "%switch_ln60 = switch i3 %j_1, void %arrayidx7116.case.82104, i3 0, void %arrayidx7116.case.02102, i3 1, void %arrayidx7116.case.42103" [src/yolo_conv.cpp:60]   --->   Operation 107 'switch' 'switch_ln60' <Predicate = (!icmp_ln1027 & p_cast_mid2_read == 5)> <Delay = 0.95>
ST_1 : Operation 108 [1/1] (3.25ns)   --->   "%store_ln60 = store i16 %curr_input_data_sub_data_0_V, i7 %local_mem_group_data_V_49_addr" [src/yolo_conv.cpp:60]   --->   Operation 108 'store' 'store_ln60' <Predicate = (!icmp_ln1027 & p_cast_mid2_read == 5 & j_1 == 1)> <Delay = 3.25> <CoreInst = "RAM_1WnR">   --->   Core 83 'RAM_1WnR' <Latency = 1> <II = 1> <Delay = 3.25> <Storage> <Opcode : 'load' 'store'> <Ports = 17> <Width = 16> <Depth = 128> <RAM>
ST_1 : Operation 109 [1/1] (0.00ns)   --->   "%br_ln60 = br void %arrayidx7116.exit2101" [src/yolo_conv.cpp:60]   --->   Operation 109 'br' 'br_ln60' <Predicate = (!icmp_ln1027 & p_cast_mid2_read == 5 & j_1 == 1)> <Delay = 0.00>
ST_1 : Operation 110 [1/1] (3.25ns)   --->   "%store_ln60 = store i16 %curr_input_data_sub_data_0_V, i7 %local_mem_group_data_V_45_addr" [src/yolo_conv.cpp:60]   --->   Operation 110 'store' 'store_ln60' <Predicate = (!icmp_ln1027 & p_cast_mid2_read == 5 & j_1 == 0)> <Delay = 3.25> <CoreInst = "RAM_1WnR">   --->   Core 83 'RAM_1WnR' <Latency = 1> <II = 1> <Delay = 3.25> <Storage> <Opcode : 'load' 'store'> <Ports = 17> <Width = 16> <Depth = 128> <RAM>
ST_1 : Operation 111 [1/1] (0.00ns)   --->   "%br_ln60 = br void %arrayidx7116.exit2101" [src/yolo_conv.cpp:60]   --->   Operation 111 'br' 'br_ln60' <Predicate = (!icmp_ln1027 & p_cast_mid2_read == 5 & j_1 == 0)> <Delay = 0.00>
ST_1 : Operation 112 [1/1] (3.25ns)   --->   "%store_ln60 = store i16 %curr_input_data_sub_data_0_V, i7 %local_mem_group_data_V_53_addr" [src/yolo_conv.cpp:60]   --->   Operation 112 'store' 'store_ln60' <Predicate = (!icmp_ln1027 & p_cast_mid2_read == 5 & j_1 != 0 & j_1 != 1)> <Delay = 3.25> <CoreInst = "RAM_1WnR">   --->   Core 83 'RAM_1WnR' <Latency = 1> <II = 1> <Delay = 3.25> <Storage> <Opcode : 'load' 'store'> <Ports = 17> <Width = 16> <Depth = 128> <RAM>
ST_1 : Operation 113 [1/1] (0.00ns)   --->   "%br_ln60 = br void %arrayidx7116.exit2101" [src/yolo_conv.cpp:60]   --->   Operation 113 'br' 'br_ln60' <Predicate = (!icmp_ln1027 & p_cast_mid2_read == 5 & j_1 != 0 & j_1 != 1)> <Delay = 0.00>
ST_1 : Operation 114 [1/1] (0.00ns)   --->   "%br_ln60 = br void %arrayidx7116.exit" [src/yolo_conv.cpp:60]   --->   Operation 114 'br' 'br_ln60' <Predicate = (!icmp_ln1027 & p_cast_mid2_read == 5)> <Delay = 0.00>
ST_1 : Operation 115 [1/1] (0.95ns)   --->   "%switch_ln60 = switch i3 %j_1, void %arrayidx7116.case.82099, i3 0, void %arrayidx7116.case.02097, i3 1, void %arrayidx7116.case.42098" [src/yolo_conv.cpp:60]   --->   Operation 115 'switch' 'switch_ln60' <Predicate = (!icmp_ln1027 & p_cast_mid2_read == 4)> <Delay = 0.95>
ST_1 : Operation 116 [1/1] (3.25ns)   --->   "%store_ln60 = store i16 %curr_input_data_sub_data_0_V, i7 %local_mem_group_data_V_40_addr" [src/yolo_conv.cpp:60]   --->   Operation 116 'store' 'store_ln60' <Predicate = (!icmp_ln1027 & p_cast_mid2_read == 4 & j_1 == 1)> <Delay = 3.25> <CoreInst = "RAM_1WnR">   --->   Core 83 'RAM_1WnR' <Latency = 1> <II = 1> <Delay = 3.25> <Storage> <Opcode : 'load' 'store'> <Ports = 17> <Width = 16> <Depth = 128> <RAM>
ST_1 : Operation 117 [1/1] (0.00ns)   --->   "%br_ln60 = br void %arrayidx7116.exit2096" [src/yolo_conv.cpp:60]   --->   Operation 117 'br' 'br_ln60' <Predicate = (!icmp_ln1027 & p_cast_mid2_read == 4 & j_1 == 1)> <Delay = 0.00>
ST_1 : Operation 118 [1/1] (3.25ns)   --->   "%store_ln60 = store i16 %curr_input_data_sub_data_0_V, i7 %local_mem_group_data_V_36_addr" [src/yolo_conv.cpp:60]   --->   Operation 118 'store' 'store_ln60' <Predicate = (!icmp_ln1027 & p_cast_mid2_read == 4 & j_1 == 0)> <Delay = 3.25> <CoreInst = "RAM_1WnR">   --->   Core 83 'RAM_1WnR' <Latency = 1> <II = 1> <Delay = 3.25> <Storage> <Opcode : 'load' 'store'> <Ports = 17> <Width = 16> <Depth = 128> <RAM>
ST_1 : Operation 119 [1/1] (0.00ns)   --->   "%br_ln60 = br void %arrayidx7116.exit2096" [src/yolo_conv.cpp:60]   --->   Operation 119 'br' 'br_ln60' <Predicate = (!icmp_ln1027 & p_cast_mid2_read == 4 & j_1 == 0)> <Delay = 0.00>
ST_1 : Operation 120 [1/1] (3.25ns)   --->   "%store_ln60 = store i16 %curr_input_data_sub_data_0_V, i7 %local_mem_group_data_V_44_addr" [src/yolo_conv.cpp:60]   --->   Operation 120 'store' 'store_ln60' <Predicate = (!icmp_ln1027 & p_cast_mid2_read == 4 & j_1 != 0 & j_1 != 1)> <Delay = 3.25> <CoreInst = "RAM_1WnR">   --->   Core 83 'RAM_1WnR' <Latency = 1> <II = 1> <Delay = 3.25> <Storage> <Opcode : 'load' 'store'> <Ports = 17> <Width = 16> <Depth = 128> <RAM>
ST_1 : Operation 121 [1/1] (0.00ns)   --->   "%br_ln60 = br void %arrayidx7116.exit2096" [src/yolo_conv.cpp:60]   --->   Operation 121 'br' 'br_ln60' <Predicate = (!icmp_ln1027 & p_cast_mid2_read == 4 & j_1 != 0 & j_1 != 1)> <Delay = 0.00>
ST_1 : Operation 122 [1/1] (0.00ns)   --->   "%br_ln60 = br void %arrayidx7116.exit" [src/yolo_conv.cpp:60]   --->   Operation 122 'br' 'br_ln60' <Predicate = (!icmp_ln1027 & p_cast_mid2_read == 4)> <Delay = 0.00>
ST_1 : Operation 123 [1/1] (0.95ns)   --->   "%switch_ln60 = switch i3 %j_1, void %arrayidx7116.case.82094, i3 0, void %arrayidx7116.case.02092, i3 1, void %arrayidx7116.case.42093" [src/yolo_conv.cpp:60]   --->   Operation 123 'switch' 'switch_ln60' <Predicate = (!icmp_ln1027 & p_cast_mid2_read == 3)> <Delay = 0.95>
ST_1 : Operation 124 [1/1] (3.25ns)   --->   "%store_ln60 = store i16 %curr_input_data_sub_data_0_V, i7 %local_mem_group_data_V_31_addr" [src/yolo_conv.cpp:60]   --->   Operation 124 'store' 'store_ln60' <Predicate = (!icmp_ln1027 & p_cast_mid2_read == 3 & j_1 == 1)> <Delay = 3.25> <CoreInst = "RAM_1WnR">   --->   Core 83 'RAM_1WnR' <Latency = 1> <II = 1> <Delay = 3.25> <Storage> <Opcode : 'load' 'store'> <Ports = 17> <Width = 16> <Depth = 128> <RAM>
ST_1 : Operation 125 [1/1] (0.00ns)   --->   "%br_ln60 = br void %arrayidx7116.exit2091" [src/yolo_conv.cpp:60]   --->   Operation 125 'br' 'br_ln60' <Predicate = (!icmp_ln1027 & p_cast_mid2_read == 3 & j_1 == 1)> <Delay = 0.00>
ST_1 : Operation 126 [1/1] (3.25ns)   --->   "%store_ln60 = store i16 %curr_input_data_sub_data_0_V, i7 %local_mem_group_data_V_27_addr" [src/yolo_conv.cpp:60]   --->   Operation 126 'store' 'store_ln60' <Predicate = (!icmp_ln1027 & p_cast_mid2_read == 3 & j_1 == 0)> <Delay = 3.25> <CoreInst = "RAM_1WnR">   --->   Core 83 'RAM_1WnR' <Latency = 1> <II = 1> <Delay = 3.25> <Storage> <Opcode : 'load' 'store'> <Ports = 17> <Width = 16> <Depth = 128> <RAM>
ST_1 : Operation 127 [1/1] (0.00ns)   --->   "%br_ln60 = br void %arrayidx7116.exit2091" [src/yolo_conv.cpp:60]   --->   Operation 127 'br' 'br_ln60' <Predicate = (!icmp_ln1027 & p_cast_mid2_read == 3 & j_1 == 0)> <Delay = 0.00>
ST_1 : Operation 128 [1/1] (3.25ns)   --->   "%store_ln60 = store i16 %curr_input_data_sub_data_0_V, i7 %local_mem_group_data_V_35_addr" [src/yolo_conv.cpp:60]   --->   Operation 128 'store' 'store_ln60' <Predicate = (!icmp_ln1027 & p_cast_mid2_read == 3 & j_1 != 0 & j_1 != 1)> <Delay = 3.25> <CoreInst = "RAM_1WnR">   --->   Core 83 'RAM_1WnR' <Latency = 1> <II = 1> <Delay = 3.25> <Storage> <Opcode : 'load' 'store'> <Ports = 17> <Width = 16> <Depth = 128> <RAM>
ST_1 : Operation 129 [1/1] (0.00ns)   --->   "%br_ln60 = br void %arrayidx7116.exit2091" [src/yolo_conv.cpp:60]   --->   Operation 129 'br' 'br_ln60' <Predicate = (!icmp_ln1027 & p_cast_mid2_read == 3 & j_1 != 0 & j_1 != 1)> <Delay = 0.00>
ST_1 : Operation 130 [1/1] (0.00ns)   --->   "%br_ln60 = br void %arrayidx7116.exit" [src/yolo_conv.cpp:60]   --->   Operation 130 'br' 'br_ln60' <Predicate = (!icmp_ln1027 & p_cast_mid2_read == 3)> <Delay = 0.00>
ST_1 : Operation 131 [1/1] (0.95ns)   --->   "%switch_ln60 = switch i3 %j_1, void %arrayidx7116.case.82089, i3 0, void %arrayidx7116.case.02087, i3 1, void %arrayidx7116.case.42088" [src/yolo_conv.cpp:60]   --->   Operation 131 'switch' 'switch_ln60' <Predicate = (!icmp_ln1027 & p_cast_mid2_read == 2)> <Delay = 0.95>
ST_1 : Operation 132 [1/1] (3.25ns)   --->   "%store_ln60 = store i16 %curr_input_data_sub_data_0_V, i7 %local_mem_group_data_V_22_addr" [src/yolo_conv.cpp:60]   --->   Operation 132 'store' 'store_ln60' <Predicate = (!icmp_ln1027 & p_cast_mid2_read == 2 & j_1 == 1)> <Delay = 3.25> <CoreInst = "RAM_1WnR">   --->   Core 83 'RAM_1WnR' <Latency = 1> <II = 1> <Delay = 3.25> <Storage> <Opcode : 'load' 'store'> <Ports = 17> <Width = 16> <Depth = 128> <RAM>
ST_1 : Operation 133 [1/1] (0.00ns)   --->   "%br_ln60 = br void %arrayidx7116.exit2086" [src/yolo_conv.cpp:60]   --->   Operation 133 'br' 'br_ln60' <Predicate = (!icmp_ln1027 & p_cast_mid2_read == 2 & j_1 == 1)> <Delay = 0.00>
ST_1 : Operation 134 [1/1] (3.25ns)   --->   "%store_ln60 = store i16 %curr_input_data_sub_data_0_V, i7 %local_mem_group_data_V_18_addr" [src/yolo_conv.cpp:60]   --->   Operation 134 'store' 'store_ln60' <Predicate = (!icmp_ln1027 & p_cast_mid2_read == 2 & j_1 == 0)> <Delay = 3.25> <CoreInst = "RAM_1WnR">   --->   Core 83 'RAM_1WnR' <Latency = 1> <II = 1> <Delay = 3.25> <Storage> <Opcode : 'load' 'store'> <Ports = 17> <Width = 16> <Depth = 128> <RAM>
ST_1 : Operation 135 [1/1] (0.00ns)   --->   "%br_ln60 = br void %arrayidx7116.exit2086" [src/yolo_conv.cpp:60]   --->   Operation 135 'br' 'br_ln60' <Predicate = (!icmp_ln1027 & p_cast_mid2_read == 2 & j_1 == 0)> <Delay = 0.00>
ST_1 : Operation 136 [1/1] (3.25ns)   --->   "%store_ln60 = store i16 %curr_input_data_sub_data_0_V, i7 %local_mem_group_data_V_26_addr" [src/yolo_conv.cpp:60]   --->   Operation 136 'store' 'store_ln60' <Predicate = (!icmp_ln1027 & p_cast_mid2_read == 2 & j_1 != 0 & j_1 != 1)> <Delay = 3.25> <CoreInst = "RAM_1WnR">   --->   Core 83 'RAM_1WnR' <Latency = 1> <II = 1> <Delay = 3.25> <Storage> <Opcode : 'load' 'store'> <Ports = 17> <Width = 16> <Depth = 128> <RAM>
ST_1 : Operation 137 [1/1] (0.00ns)   --->   "%br_ln60 = br void %arrayidx7116.exit2086" [src/yolo_conv.cpp:60]   --->   Operation 137 'br' 'br_ln60' <Predicate = (!icmp_ln1027 & p_cast_mid2_read == 2 & j_1 != 0 & j_1 != 1)> <Delay = 0.00>
ST_1 : Operation 138 [1/1] (0.00ns)   --->   "%br_ln60 = br void %arrayidx7116.exit" [src/yolo_conv.cpp:60]   --->   Operation 138 'br' 'br_ln60' <Predicate = (!icmp_ln1027 & p_cast_mid2_read == 2)> <Delay = 0.00>
ST_1 : Operation 139 [1/1] (0.95ns)   --->   "%switch_ln60 = switch i3 %j_1, void %arrayidx7116.case.82084, i3 0, void %arrayidx7116.case.02082, i3 1, void %arrayidx7116.case.42083" [src/yolo_conv.cpp:60]   --->   Operation 139 'switch' 'switch_ln60' <Predicate = (!icmp_ln1027 & p_cast_mid2_read == 1)> <Delay = 0.95>
ST_1 : Operation 140 [1/1] (3.25ns)   --->   "%store_ln60 = store i16 %curr_input_data_sub_data_0_V, i7 %local_mem_group_data_V_13_addr" [src/yolo_conv.cpp:60]   --->   Operation 140 'store' 'store_ln60' <Predicate = (!icmp_ln1027 & p_cast_mid2_read == 1 & j_1 == 1)> <Delay = 3.25> <CoreInst = "RAM_1WnR">   --->   Core 83 'RAM_1WnR' <Latency = 1> <II = 1> <Delay = 3.25> <Storage> <Opcode : 'load' 'store'> <Ports = 17> <Width = 16> <Depth = 128> <RAM>
ST_1 : Operation 141 [1/1] (0.00ns)   --->   "%br_ln60 = br void %arrayidx7116.exit2081" [src/yolo_conv.cpp:60]   --->   Operation 141 'br' 'br_ln60' <Predicate = (!icmp_ln1027 & p_cast_mid2_read == 1 & j_1 == 1)> <Delay = 0.00>
ST_1 : Operation 142 [1/1] (3.25ns)   --->   "%store_ln60 = store i16 %curr_input_data_sub_data_0_V, i7 %local_mem_group_data_V_9_addr" [src/yolo_conv.cpp:60]   --->   Operation 142 'store' 'store_ln60' <Predicate = (!icmp_ln1027 & p_cast_mid2_read == 1 & j_1 == 0)> <Delay = 3.25> <CoreInst = "RAM_1WnR">   --->   Core 83 'RAM_1WnR' <Latency = 1> <II = 1> <Delay = 3.25> <Storage> <Opcode : 'load' 'store'> <Ports = 17> <Width = 16> <Depth = 128> <RAM>
ST_1 : Operation 143 [1/1] (0.00ns)   --->   "%br_ln60 = br void %arrayidx7116.exit2081" [src/yolo_conv.cpp:60]   --->   Operation 143 'br' 'br_ln60' <Predicate = (!icmp_ln1027 & p_cast_mid2_read == 1 & j_1 == 0)> <Delay = 0.00>
ST_1 : Operation 144 [1/1] (3.25ns)   --->   "%store_ln60 = store i16 %curr_input_data_sub_data_0_V, i7 %local_mem_group_data_V_17_addr" [src/yolo_conv.cpp:60]   --->   Operation 144 'store' 'store_ln60' <Predicate = (!icmp_ln1027 & p_cast_mid2_read == 1 & j_1 != 0 & j_1 != 1)> <Delay = 3.25> <CoreInst = "RAM_1WnR">   --->   Core 83 'RAM_1WnR' <Latency = 1> <II = 1> <Delay = 3.25> <Storage> <Opcode : 'load' 'store'> <Ports = 17> <Width = 16> <Depth = 128> <RAM>
ST_1 : Operation 145 [1/1] (0.00ns)   --->   "%br_ln60 = br void %arrayidx7116.exit2081" [src/yolo_conv.cpp:60]   --->   Operation 145 'br' 'br_ln60' <Predicate = (!icmp_ln1027 & p_cast_mid2_read == 1 & j_1 != 0 & j_1 != 1)> <Delay = 0.00>
ST_1 : Operation 146 [1/1] (0.00ns)   --->   "%br_ln60 = br void %arrayidx7116.exit" [src/yolo_conv.cpp:60]   --->   Operation 146 'br' 'br_ln60' <Predicate = (!icmp_ln1027 & p_cast_mid2_read == 1)> <Delay = 0.00>
ST_1 : Operation 147 [1/1] (0.95ns)   --->   "%switch_ln60 = switch i3 %j_1, void %arrayidx7116.case.8, i3 0, void %arrayidx7116.case.02078, i3 1, void %arrayidx7116.case.42079" [src/yolo_conv.cpp:60]   --->   Operation 147 'switch' 'switch_ln60' <Predicate = (!icmp_ln1027 & p_cast_mid2_read == 0)> <Delay = 0.95>
ST_1 : Operation 148 [1/1] (3.25ns)   --->   "%store_ln60 = store i16 %curr_input_data_sub_data_0_V, i7 %local_mem_group_data_V_4_addr" [src/yolo_conv.cpp:60]   --->   Operation 148 'store' 'store_ln60' <Predicate = (!icmp_ln1027 & p_cast_mid2_read == 0 & j_1 == 1)> <Delay = 3.25> <CoreInst = "RAM_1WnR">   --->   Core 83 'RAM_1WnR' <Latency = 1> <II = 1> <Delay = 3.25> <Storage> <Opcode : 'load' 'store'> <Ports = 17> <Width = 16> <Depth = 128> <RAM>
ST_1 : Operation 149 [1/1] (0.00ns)   --->   "%br_ln60 = br void %arrayidx7116.exit2077" [src/yolo_conv.cpp:60]   --->   Operation 149 'br' 'br_ln60' <Predicate = (!icmp_ln1027 & p_cast_mid2_read == 0 & j_1 == 1)> <Delay = 0.00>
ST_1 : Operation 150 [1/1] (3.25ns)   --->   "%store_ln60 = store i16 %curr_input_data_sub_data_0_V, i7 %local_mem_group_data_V_addr" [src/yolo_conv.cpp:60]   --->   Operation 150 'store' 'store_ln60' <Predicate = (!icmp_ln1027 & p_cast_mid2_read == 0 & j_1 == 0)> <Delay = 3.25> <CoreInst = "RAM_1WnR">   --->   Core 83 'RAM_1WnR' <Latency = 1> <II = 1> <Delay = 3.25> <Storage> <Opcode : 'load' 'store'> <Ports = 17> <Width = 16> <Depth = 128> <RAM>
ST_1 : Operation 151 [1/1] (0.00ns)   --->   "%br_ln60 = br void %arrayidx7116.exit2077" [src/yolo_conv.cpp:60]   --->   Operation 151 'br' 'br_ln60' <Predicate = (!icmp_ln1027 & p_cast_mid2_read == 0 & j_1 == 0)> <Delay = 0.00>
ST_1 : Operation 152 [1/1] (3.25ns)   --->   "%store_ln60 = store i16 %curr_input_data_sub_data_0_V, i7 %local_mem_group_data_V_8_addr" [src/yolo_conv.cpp:60]   --->   Operation 152 'store' 'store_ln60' <Predicate = (!icmp_ln1027 & p_cast_mid2_read == 0 & j_1 != 0 & j_1 != 1)> <Delay = 3.25> <CoreInst = "RAM_1WnR">   --->   Core 83 'RAM_1WnR' <Latency = 1> <II = 1> <Delay = 3.25> <Storage> <Opcode : 'load' 'store'> <Ports = 17> <Width = 16> <Depth = 128> <RAM>
ST_1 : Operation 153 [1/1] (0.00ns)   --->   "%br_ln60 = br void %arrayidx7116.exit2077" [src/yolo_conv.cpp:60]   --->   Operation 153 'br' 'br_ln60' <Predicate = (!icmp_ln1027 & p_cast_mid2_read == 0 & j_1 != 0 & j_1 != 1)> <Delay = 0.00>
ST_1 : Operation 154 [1/1] (0.00ns)   --->   "%br_ln60 = br void %arrayidx7116.exit" [src/yolo_conv.cpp:60]   --->   Operation 154 'br' 'br_ln60' <Predicate = (!icmp_ln1027 & p_cast_mid2_read == 0)> <Delay = 0.00>
ST_1 : Operation 155 [1/1] (0.95ns)   --->   "%switch_ln60 = switch i3 %j_1, void %arrayidx7116.case.82114, i3 0, void %arrayidx7116.case.02112, i3 1, void %arrayidx7116.case.42113" [src/yolo_conv.cpp:60]   --->   Operation 155 'switch' 'switch_ln60' <Predicate = (!icmp_ln1027 & p_cast_mid2_read == 7)> <Delay = 0.95>
ST_1 : Operation 156 [1/1] (3.25ns)   --->   "%store_ln60 = store i16 %curr_input_data_sub_data_0_V, i7 %local_mem_group_data_V_67_addr" [src/yolo_conv.cpp:60]   --->   Operation 156 'store' 'store_ln60' <Predicate = (!icmp_ln1027 & p_cast_mid2_read == 7 & j_1 == 1)> <Delay = 3.25> <CoreInst = "RAM_1WnR">   --->   Core 83 'RAM_1WnR' <Latency = 1> <II = 1> <Delay = 3.25> <Storage> <Opcode : 'load' 'store'> <Ports = 17> <Width = 16> <Depth = 128> <RAM>
ST_1 : Operation 157 [1/1] (0.00ns)   --->   "%br_ln60 = br void %arrayidx7116.exit2111" [src/yolo_conv.cpp:60]   --->   Operation 157 'br' 'br_ln60' <Predicate = (!icmp_ln1027 & p_cast_mid2_read == 7 & j_1 == 1)> <Delay = 0.00>
ST_1 : Operation 158 [1/1] (3.25ns)   --->   "%store_ln60 = store i16 %curr_input_data_sub_data_0_V, i7 %local_mem_group_data_V_63_addr" [src/yolo_conv.cpp:60]   --->   Operation 158 'store' 'store_ln60' <Predicate = (!icmp_ln1027 & p_cast_mid2_read == 7 & j_1 == 0)> <Delay = 3.25> <CoreInst = "RAM_1WnR">   --->   Core 83 'RAM_1WnR' <Latency = 1> <II = 1> <Delay = 3.25> <Storage> <Opcode : 'load' 'store'> <Ports = 17> <Width = 16> <Depth = 128> <RAM>
ST_1 : Operation 159 [1/1] (0.00ns)   --->   "%br_ln60 = br void %arrayidx7116.exit2111" [src/yolo_conv.cpp:60]   --->   Operation 159 'br' 'br_ln60' <Predicate = (!icmp_ln1027 & p_cast_mid2_read == 7 & j_1 == 0)> <Delay = 0.00>
ST_1 : Operation 160 [1/1] (3.25ns)   --->   "%store_ln60 = store i16 %curr_input_data_sub_data_0_V, i7 %local_mem_group_data_V_71_addr" [src/yolo_conv.cpp:60]   --->   Operation 160 'store' 'store_ln60' <Predicate = (!icmp_ln1027 & p_cast_mid2_read == 7 & j_1 != 0 & j_1 != 1)> <Delay = 3.25> <CoreInst = "RAM_1WnR">   --->   Core 83 'RAM_1WnR' <Latency = 1> <II = 1> <Delay = 3.25> <Storage> <Opcode : 'load' 'store'> <Ports = 17> <Width = 16> <Depth = 128> <RAM>
ST_1 : Operation 161 [1/1] (0.00ns)   --->   "%br_ln60 = br void %arrayidx7116.exit2111" [src/yolo_conv.cpp:60]   --->   Operation 161 'br' 'br_ln60' <Predicate = (!icmp_ln1027 & p_cast_mid2_read == 7 & j_1 != 0 & j_1 != 1)> <Delay = 0.00>
ST_1 : Operation 162 [1/1] (0.00ns)   --->   "%br_ln60 = br void %arrayidx7116.exit" [src/yolo_conv.cpp:60]   --->   Operation 162 'br' 'br_ln60' <Predicate = (!icmp_ln1027 & p_cast_mid2_read == 7)> <Delay = 0.00>
ST_1 : Operation 163 [1/1] (1.13ns)   --->   "%icmp_ln61 = icmp_eq  i3 %j_1, i3 2" [src/yolo_conv.cpp:61]   --->   Operation 163 'icmp' 'icmp_ln61' <Predicate = (!icmp_ln1027)> <Delay = 1.13> <CoreInst = "Cmp">   --->   Core 9 'Cmp' <Latency = 0> <II = 1> <Delay = 1.13> <FuncUnit> <Opcode : 'icmp'> <InPorts = 2> <OutPorts = 1>
ST_1 : Operation 164 [1/1] (0.00ns)   --->   "%br_ln61 = br i1 %icmp_ln61, void %if.then, void %for.inc" [src/yolo_conv.cpp:61]   --->   Operation 164 'br' 'br_ln61' <Predicate = (!icmp_ln1027)> <Delay = 0.00>
ST_1 : Operation 165 [1/1] (1.13ns)   --->   "%icmp_ln63 = icmp_eq  i3 %j_1, i3 0" [src/yolo_conv.cpp:63]   --->   Operation 165 'icmp' 'icmp_ln63' <Predicate = (!icmp_ln1027 & !icmp_ln61)> <Delay = 1.13> <CoreInst = "Cmp">   --->   Core 9 'Cmp' <Latency = 0> <II = 1> <Delay = 1.13> <FuncUnit> <Opcode : 'icmp'> <InPorts = 2> <OutPorts = 1>
ST_1 : Operation 166 [1/1] (0.95ns)   --->   "%switch_ln63 = switch i3 %p_cast_mid2_read, void %arrayidx8020.case.7, i3 0, void %arrayidx8020.case.0, i3 1, void %arrayidx8020.case.1, i3 2, void %arrayidx8020.case.2, i3 3, void %arrayidx8020.case.3, i3 4, void %arrayidx8020.case.4, i3 5, void %arrayidx8020.case.5, i3 6, void %arrayidx8020.case.6" [src/yolo_conv.cpp:63]   --->   Operation 166 'switch' 'switch_ln63' <Predicate = (!icmp_ln1027 & !icmp_ln61)> <Delay = 0.95>
ST_1 : Operation 167 [1/1] (0.00ns)   --->   "%br_ln63 = br i1 %icmp_ln63, void %arrayidx10028.case.72206, void %arrayidx10028.case.32205" [src/yolo_conv.cpp:63]   --->   Operation 167 'br' 'br_ln63' <Predicate = (!icmp_ln1027 & p_cast_mid2_read == 6 & !icmp_ln61)> <Delay = 0.00>
ST_1 : Operation 168 [1/1] (3.25ns)   --->   "%store_ln63 = store i16 %curr_input_data_sub_data_1_V, i7 %local_mem_group_data_V_59_addr" [src/yolo_conv.cpp:63]   --->   Operation 168 'store' 'store_ln63' <Predicate = (!icmp_ln1027 & p_cast_mid2_read == 6 & !icmp_ln61 & !icmp_ln63)> <Delay = 3.25> <CoreInst = "RAM_1WnR">   --->   Core 83 'RAM_1WnR' <Latency = 1> <II = 1> <Delay = 3.25> <Storage> <Opcode : 'load' 'store'> <Ports = 17> <Width = 16> <Depth = 128> <RAM>
ST_1 : Operation 169 [1/1] (3.25ns)   --->   "%store_ln64 = store i16 %curr_input_data_sub_data_2_V, i7 %local_mem_group_data_V_60_addr" [src/yolo_conv.cpp:64]   --->   Operation 169 'store' 'store_ln64' <Predicate = (!icmp_ln1027 & p_cast_mid2_read == 6 & !icmp_ln61 & !icmp_ln63)> <Delay = 3.25> <CoreInst = "RAM_1WnR">   --->   Core 83 'RAM_1WnR' <Latency = 1> <II = 1> <Delay = 3.25> <Storage> <Opcode : 'load' 'store'> <Ports = 17> <Width = 16> <Depth = 128> <RAM>
ST_1 : Operation 170 [1/1] (3.25ns)   --->   "%store_ln65 = store i16 %curr_input_data_sub_data_3_V, i7 %local_mem_group_data_V_61_addr" [src/yolo_conv.cpp:65]   --->   Operation 170 'store' 'store_ln65' <Predicate = (!icmp_ln1027 & p_cast_mid2_read == 6 & !icmp_ln61 & !icmp_ln63)> <Delay = 3.25> <CoreInst = "RAM_1WnR">   --->   Core 83 'RAM_1WnR' <Latency = 1> <II = 1> <Delay = 3.25> <Storage> <Opcode : 'load' 'store'> <Ports = 17> <Width = 16> <Depth = 128> <RAM>
ST_1 : Operation 171 [1/1] (0.00ns)   --->   "%br_ln65 = br void %arrayidx10028.exit2204" [src/yolo_conv.cpp:65]   --->   Operation 171 'br' 'br_ln65' <Predicate = (!icmp_ln1027 & p_cast_mid2_read == 6 & !icmp_ln61 & !icmp_ln63)> <Delay = 0.00>
ST_1 : Operation 172 [1/1] (3.25ns)   --->   "%store_ln63 = store i16 %curr_input_data_sub_data_1_V, i7 %local_mem_group_data_V_55_addr" [src/yolo_conv.cpp:63]   --->   Operation 172 'store' 'store_ln63' <Predicate = (!icmp_ln1027 & p_cast_mid2_read == 6 & !icmp_ln61 & icmp_ln63)> <Delay = 3.25> <CoreInst = "RAM_1WnR">   --->   Core 83 'RAM_1WnR' <Latency = 1> <II = 1> <Delay = 3.25> <Storage> <Opcode : 'load' 'store'> <Ports = 17> <Width = 16> <Depth = 128> <RAM>
ST_1 : Operation 173 [1/1] (3.25ns)   --->   "%store_ln64 = store i16 %curr_input_data_sub_data_2_V, i7 %local_mem_group_data_V_56_addr" [src/yolo_conv.cpp:64]   --->   Operation 173 'store' 'store_ln64' <Predicate = (!icmp_ln1027 & p_cast_mid2_read == 6 & !icmp_ln61 & icmp_ln63)> <Delay = 3.25> <CoreInst = "RAM_1WnR">   --->   Core 83 'RAM_1WnR' <Latency = 1> <II = 1> <Delay = 3.25> <Storage> <Opcode : 'load' 'store'> <Ports = 17> <Width = 16> <Depth = 128> <RAM>
ST_1 : Operation 174 [1/1] (3.25ns)   --->   "%store_ln65 = store i16 %curr_input_data_sub_data_3_V, i7 %local_mem_group_data_V_57_addr" [src/yolo_conv.cpp:65]   --->   Operation 174 'store' 'store_ln65' <Predicate = (!icmp_ln1027 & p_cast_mid2_read == 6 & !icmp_ln61 & icmp_ln63)> <Delay = 3.25> <CoreInst = "RAM_1WnR">   --->   Core 83 'RAM_1WnR' <Latency = 1> <II = 1> <Delay = 3.25> <Storage> <Opcode : 'load' 'store'> <Ports = 17> <Width = 16> <Depth = 128> <RAM>
ST_1 : Operation 175 [1/1] (0.00ns)   --->   "%br_ln65 = br void %arrayidx10028.exit2204" [src/yolo_conv.cpp:65]   --->   Operation 175 'br' 'br_ln65' <Predicate = (!icmp_ln1027 & p_cast_mid2_read == 6 & !icmp_ln61 & icmp_ln63)> <Delay = 0.00>
ST_1 : Operation 176 [1/1] (0.00ns)   --->   "%br_ln65 = br void %arrayidx10028.exit" [src/yolo_conv.cpp:65]   --->   Operation 176 'br' 'br_ln65' <Predicate = (!icmp_ln1027 & p_cast_mid2_read == 6 & !icmp_ln61)> <Delay = 0.00>
ST_1 : Operation 177 [1/1] (0.00ns)   --->   "%br_ln63 = br i1 %icmp_ln63, void %arrayidx10028.case.72202, void %arrayidx10028.case.32201" [src/yolo_conv.cpp:63]   --->   Operation 177 'br' 'br_ln63' <Predicate = (!icmp_ln1027 & p_cast_mid2_read == 5 & !icmp_ln61)> <Delay = 0.00>
ST_1 : Operation 178 [1/1] (3.25ns)   --->   "%store_ln63 = store i16 %curr_input_data_sub_data_1_V, i7 %local_mem_group_data_V_50_addr" [src/yolo_conv.cpp:63]   --->   Operation 178 'store' 'store_ln63' <Predicate = (!icmp_ln1027 & p_cast_mid2_read == 5 & !icmp_ln61 & !icmp_ln63)> <Delay = 3.25> <CoreInst = "RAM_1WnR">   --->   Core 83 'RAM_1WnR' <Latency = 1> <II = 1> <Delay = 3.25> <Storage> <Opcode : 'load' 'store'> <Ports = 17> <Width = 16> <Depth = 128> <RAM>
ST_1 : Operation 179 [1/1] (3.25ns)   --->   "%store_ln64 = store i16 %curr_input_data_sub_data_2_V, i7 %local_mem_group_data_V_51_addr" [src/yolo_conv.cpp:64]   --->   Operation 179 'store' 'store_ln64' <Predicate = (!icmp_ln1027 & p_cast_mid2_read == 5 & !icmp_ln61 & !icmp_ln63)> <Delay = 3.25> <CoreInst = "RAM_1WnR">   --->   Core 83 'RAM_1WnR' <Latency = 1> <II = 1> <Delay = 3.25> <Storage> <Opcode : 'load' 'store'> <Ports = 17> <Width = 16> <Depth = 128> <RAM>
ST_1 : Operation 180 [1/1] (3.25ns)   --->   "%store_ln65 = store i16 %curr_input_data_sub_data_3_V, i7 %local_mem_group_data_V_52_addr" [src/yolo_conv.cpp:65]   --->   Operation 180 'store' 'store_ln65' <Predicate = (!icmp_ln1027 & p_cast_mid2_read == 5 & !icmp_ln61 & !icmp_ln63)> <Delay = 3.25> <CoreInst = "RAM_1WnR">   --->   Core 83 'RAM_1WnR' <Latency = 1> <II = 1> <Delay = 3.25> <Storage> <Opcode : 'load' 'store'> <Ports = 17> <Width = 16> <Depth = 128> <RAM>
ST_1 : Operation 181 [1/1] (0.00ns)   --->   "%br_ln65 = br void %arrayidx10028.exit2200" [src/yolo_conv.cpp:65]   --->   Operation 181 'br' 'br_ln65' <Predicate = (!icmp_ln1027 & p_cast_mid2_read == 5 & !icmp_ln61 & !icmp_ln63)> <Delay = 0.00>
ST_1 : Operation 182 [1/1] (3.25ns)   --->   "%store_ln63 = store i16 %curr_input_data_sub_data_1_V, i7 %local_mem_group_data_V_46_addr" [src/yolo_conv.cpp:63]   --->   Operation 182 'store' 'store_ln63' <Predicate = (!icmp_ln1027 & p_cast_mid2_read == 5 & !icmp_ln61 & icmp_ln63)> <Delay = 3.25> <CoreInst = "RAM_1WnR">   --->   Core 83 'RAM_1WnR' <Latency = 1> <II = 1> <Delay = 3.25> <Storage> <Opcode : 'load' 'store'> <Ports = 17> <Width = 16> <Depth = 128> <RAM>
ST_1 : Operation 183 [1/1] (3.25ns)   --->   "%store_ln64 = store i16 %curr_input_data_sub_data_2_V, i7 %local_mem_group_data_V_47_addr" [src/yolo_conv.cpp:64]   --->   Operation 183 'store' 'store_ln64' <Predicate = (!icmp_ln1027 & p_cast_mid2_read == 5 & !icmp_ln61 & icmp_ln63)> <Delay = 3.25> <CoreInst = "RAM_1WnR">   --->   Core 83 'RAM_1WnR' <Latency = 1> <II = 1> <Delay = 3.25> <Storage> <Opcode : 'load' 'store'> <Ports = 17> <Width = 16> <Depth = 128> <RAM>
ST_1 : Operation 184 [1/1] (3.25ns)   --->   "%store_ln65 = store i16 %curr_input_data_sub_data_3_V, i7 %local_mem_group_data_V_48_addr" [src/yolo_conv.cpp:65]   --->   Operation 184 'store' 'store_ln65' <Predicate = (!icmp_ln1027 & p_cast_mid2_read == 5 & !icmp_ln61 & icmp_ln63)> <Delay = 3.25> <CoreInst = "RAM_1WnR">   --->   Core 83 'RAM_1WnR' <Latency = 1> <II = 1> <Delay = 3.25> <Storage> <Opcode : 'load' 'store'> <Ports = 17> <Width = 16> <Depth = 128> <RAM>
ST_1 : Operation 185 [1/1] (0.00ns)   --->   "%br_ln65 = br void %arrayidx10028.exit2200" [src/yolo_conv.cpp:65]   --->   Operation 185 'br' 'br_ln65' <Predicate = (!icmp_ln1027 & p_cast_mid2_read == 5 & !icmp_ln61 & icmp_ln63)> <Delay = 0.00>
ST_1 : Operation 186 [1/1] (0.00ns)   --->   "%br_ln65 = br void %arrayidx10028.exit" [src/yolo_conv.cpp:65]   --->   Operation 186 'br' 'br_ln65' <Predicate = (!icmp_ln1027 & p_cast_mid2_read == 5 & !icmp_ln61)> <Delay = 0.00>
ST_1 : Operation 187 [1/1] (0.00ns)   --->   "%br_ln63 = br i1 %icmp_ln63, void %arrayidx10028.case.72198, void %arrayidx10028.case.32197" [src/yolo_conv.cpp:63]   --->   Operation 187 'br' 'br_ln63' <Predicate = (!icmp_ln1027 & p_cast_mid2_read == 4 & !icmp_ln61)> <Delay = 0.00>
ST_1 : Operation 188 [1/1] (3.25ns)   --->   "%store_ln63 = store i16 %curr_input_data_sub_data_1_V, i7 %local_mem_group_data_V_41_addr" [src/yolo_conv.cpp:63]   --->   Operation 188 'store' 'store_ln63' <Predicate = (!icmp_ln1027 & p_cast_mid2_read == 4 & !icmp_ln61 & !icmp_ln63)> <Delay = 3.25> <CoreInst = "RAM_1WnR">   --->   Core 83 'RAM_1WnR' <Latency = 1> <II = 1> <Delay = 3.25> <Storage> <Opcode : 'load' 'store'> <Ports = 17> <Width = 16> <Depth = 128> <RAM>
ST_1 : Operation 189 [1/1] (3.25ns)   --->   "%store_ln64 = store i16 %curr_input_data_sub_data_2_V, i7 %local_mem_group_data_V_42_addr" [src/yolo_conv.cpp:64]   --->   Operation 189 'store' 'store_ln64' <Predicate = (!icmp_ln1027 & p_cast_mid2_read == 4 & !icmp_ln61 & !icmp_ln63)> <Delay = 3.25> <CoreInst = "RAM_1WnR">   --->   Core 83 'RAM_1WnR' <Latency = 1> <II = 1> <Delay = 3.25> <Storage> <Opcode : 'load' 'store'> <Ports = 17> <Width = 16> <Depth = 128> <RAM>
ST_1 : Operation 190 [1/1] (3.25ns)   --->   "%store_ln65 = store i16 %curr_input_data_sub_data_3_V, i7 %local_mem_group_data_V_43_addr" [src/yolo_conv.cpp:65]   --->   Operation 190 'store' 'store_ln65' <Predicate = (!icmp_ln1027 & p_cast_mid2_read == 4 & !icmp_ln61 & !icmp_ln63)> <Delay = 3.25> <CoreInst = "RAM_1WnR">   --->   Core 83 'RAM_1WnR' <Latency = 1> <II = 1> <Delay = 3.25> <Storage> <Opcode : 'load' 'store'> <Ports = 17> <Width = 16> <Depth = 128> <RAM>
ST_1 : Operation 191 [1/1] (0.00ns)   --->   "%br_ln65 = br void %arrayidx10028.exit2196" [src/yolo_conv.cpp:65]   --->   Operation 191 'br' 'br_ln65' <Predicate = (!icmp_ln1027 & p_cast_mid2_read == 4 & !icmp_ln61 & !icmp_ln63)> <Delay = 0.00>
ST_1 : Operation 192 [1/1] (3.25ns)   --->   "%store_ln63 = store i16 %curr_input_data_sub_data_1_V, i7 %local_mem_group_data_V_37_addr" [src/yolo_conv.cpp:63]   --->   Operation 192 'store' 'store_ln63' <Predicate = (!icmp_ln1027 & p_cast_mid2_read == 4 & !icmp_ln61 & icmp_ln63)> <Delay = 3.25> <CoreInst = "RAM_1WnR">   --->   Core 83 'RAM_1WnR' <Latency = 1> <II = 1> <Delay = 3.25> <Storage> <Opcode : 'load' 'store'> <Ports = 17> <Width = 16> <Depth = 128> <RAM>
ST_1 : Operation 193 [1/1] (3.25ns)   --->   "%store_ln64 = store i16 %curr_input_data_sub_data_2_V, i7 %local_mem_group_data_V_38_addr" [src/yolo_conv.cpp:64]   --->   Operation 193 'store' 'store_ln64' <Predicate = (!icmp_ln1027 & p_cast_mid2_read == 4 & !icmp_ln61 & icmp_ln63)> <Delay = 3.25> <CoreInst = "RAM_1WnR">   --->   Core 83 'RAM_1WnR' <Latency = 1> <II = 1> <Delay = 3.25> <Storage> <Opcode : 'load' 'store'> <Ports = 17> <Width = 16> <Depth = 128> <RAM>
ST_1 : Operation 194 [1/1] (3.25ns)   --->   "%store_ln65 = store i16 %curr_input_data_sub_data_3_V, i7 %local_mem_group_data_V_39_addr" [src/yolo_conv.cpp:65]   --->   Operation 194 'store' 'store_ln65' <Predicate = (!icmp_ln1027 & p_cast_mid2_read == 4 & !icmp_ln61 & icmp_ln63)> <Delay = 3.25> <CoreInst = "RAM_1WnR">   --->   Core 83 'RAM_1WnR' <Latency = 1> <II = 1> <Delay = 3.25> <Storage> <Opcode : 'load' 'store'> <Ports = 17> <Width = 16> <Depth = 128> <RAM>
ST_1 : Operation 195 [1/1] (0.00ns)   --->   "%br_ln65 = br void %arrayidx10028.exit2196" [src/yolo_conv.cpp:65]   --->   Operation 195 'br' 'br_ln65' <Predicate = (!icmp_ln1027 & p_cast_mid2_read == 4 & !icmp_ln61 & icmp_ln63)> <Delay = 0.00>
ST_1 : Operation 196 [1/1] (0.00ns)   --->   "%br_ln65 = br void %arrayidx10028.exit" [src/yolo_conv.cpp:65]   --->   Operation 196 'br' 'br_ln65' <Predicate = (!icmp_ln1027 & p_cast_mid2_read == 4 & !icmp_ln61)> <Delay = 0.00>
ST_1 : Operation 197 [1/1] (0.00ns)   --->   "%br_ln63 = br i1 %icmp_ln63, void %arrayidx10028.case.72194, void %arrayidx10028.case.32193" [src/yolo_conv.cpp:63]   --->   Operation 197 'br' 'br_ln63' <Predicate = (!icmp_ln1027 & p_cast_mid2_read == 3 & !icmp_ln61)> <Delay = 0.00>
ST_1 : Operation 198 [1/1] (3.25ns)   --->   "%store_ln63 = store i16 %curr_input_data_sub_data_1_V, i7 %local_mem_group_data_V_32_addr" [src/yolo_conv.cpp:63]   --->   Operation 198 'store' 'store_ln63' <Predicate = (!icmp_ln1027 & p_cast_mid2_read == 3 & !icmp_ln61 & !icmp_ln63)> <Delay = 3.25> <CoreInst = "RAM_1WnR">   --->   Core 83 'RAM_1WnR' <Latency = 1> <II = 1> <Delay = 3.25> <Storage> <Opcode : 'load' 'store'> <Ports = 17> <Width = 16> <Depth = 128> <RAM>
ST_1 : Operation 199 [1/1] (3.25ns)   --->   "%store_ln64 = store i16 %curr_input_data_sub_data_2_V, i7 %local_mem_group_data_V_33_addr" [src/yolo_conv.cpp:64]   --->   Operation 199 'store' 'store_ln64' <Predicate = (!icmp_ln1027 & p_cast_mid2_read == 3 & !icmp_ln61 & !icmp_ln63)> <Delay = 3.25> <CoreInst = "RAM_1WnR">   --->   Core 83 'RAM_1WnR' <Latency = 1> <II = 1> <Delay = 3.25> <Storage> <Opcode : 'load' 'store'> <Ports = 17> <Width = 16> <Depth = 128> <RAM>
ST_1 : Operation 200 [1/1] (3.25ns)   --->   "%store_ln65 = store i16 %curr_input_data_sub_data_3_V, i7 %local_mem_group_data_V_34_addr" [src/yolo_conv.cpp:65]   --->   Operation 200 'store' 'store_ln65' <Predicate = (!icmp_ln1027 & p_cast_mid2_read == 3 & !icmp_ln61 & !icmp_ln63)> <Delay = 3.25> <CoreInst = "RAM_1WnR">   --->   Core 83 'RAM_1WnR' <Latency = 1> <II = 1> <Delay = 3.25> <Storage> <Opcode : 'load' 'store'> <Ports = 17> <Width = 16> <Depth = 128> <RAM>
ST_1 : Operation 201 [1/1] (0.00ns)   --->   "%br_ln65 = br void %arrayidx10028.exit2192" [src/yolo_conv.cpp:65]   --->   Operation 201 'br' 'br_ln65' <Predicate = (!icmp_ln1027 & p_cast_mid2_read == 3 & !icmp_ln61 & !icmp_ln63)> <Delay = 0.00>
ST_1 : Operation 202 [1/1] (3.25ns)   --->   "%store_ln63 = store i16 %curr_input_data_sub_data_1_V, i7 %local_mem_group_data_V_28_addr" [src/yolo_conv.cpp:63]   --->   Operation 202 'store' 'store_ln63' <Predicate = (!icmp_ln1027 & p_cast_mid2_read == 3 & !icmp_ln61 & icmp_ln63)> <Delay = 3.25> <CoreInst = "RAM_1WnR">   --->   Core 83 'RAM_1WnR' <Latency = 1> <II = 1> <Delay = 3.25> <Storage> <Opcode : 'load' 'store'> <Ports = 17> <Width = 16> <Depth = 128> <RAM>
ST_1 : Operation 203 [1/1] (3.25ns)   --->   "%store_ln64 = store i16 %curr_input_data_sub_data_2_V, i7 %local_mem_group_data_V_29_addr" [src/yolo_conv.cpp:64]   --->   Operation 203 'store' 'store_ln64' <Predicate = (!icmp_ln1027 & p_cast_mid2_read == 3 & !icmp_ln61 & icmp_ln63)> <Delay = 3.25> <CoreInst = "RAM_1WnR">   --->   Core 83 'RAM_1WnR' <Latency = 1> <II = 1> <Delay = 3.25> <Storage> <Opcode : 'load' 'store'> <Ports = 17> <Width = 16> <Depth = 128> <RAM>
ST_1 : Operation 204 [1/1] (3.25ns)   --->   "%store_ln65 = store i16 %curr_input_data_sub_data_3_V, i7 %local_mem_group_data_V_30_addr" [src/yolo_conv.cpp:65]   --->   Operation 204 'store' 'store_ln65' <Predicate = (!icmp_ln1027 & p_cast_mid2_read == 3 & !icmp_ln61 & icmp_ln63)> <Delay = 3.25> <CoreInst = "RAM_1WnR">   --->   Core 83 'RAM_1WnR' <Latency = 1> <II = 1> <Delay = 3.25> <Storage> <Opcode : 'load' 'store'> <Ports = 17> <Width = 16> <Depth = 128> <RAM>
ST_1 : Operation 205 [1/1] (0.00ns)   --->   "%br_ln65 = br void %arrayidx10028.exit2192" [src/yolo_conv.cpp:65]   --->   Operation 205 'br' 'br_ln65' <Predicate = (!icmp_ln1027 & p_cast_mid2_read == 3 & !icmp_ln61 & icmp_ln63)> <Delay = 0.00>
ST_1 : Operation 206 [1/1] (0.00ns)   --->   "%br_ln65 = br void %arrayidx10028.exit" [src/yolo_conv.cpp:65]   --->   Operation 206 'br' 'br_ln65' <Predicate = (!icmp_ln1027 & p_cast_mid2_read == 3 & !icmp_ln61)> <Delay = 0.00>
ST_1 : Operation 207 [1/1] (0.00ns)   --->   "%br_ln63 = br i1 %icmp_ln63, void %arrayidx10028.case.72190, void %arrayidx10028.case.32189" [src/yolo_conv.cpp:63]   --->   Operation 207 'br' 'br_ln63' <Predicate = (!icmp_ln1027 & p_cast_mid2_read == 2 & !icmp_ln61)> <Delay = 0.00>
ST_1 : Operation 208 [1/1] (3.25ns)   --->   "%store_ln63 = store i16 %curr_input_data_sub_data_1_V, i7 %local_mem_group_data_V_23_addr" [src/yolo_conv.cpp:63]   --->   Operation 208 'store' 'store_ln63' <Predicate = (!icmp_ln1027 & p_cast_mid2_read == 2 & !icmp_ln61 & !icmp_ln63)> <Delay = 3.25> <CoreInst = "RAM_1WnR">   --->   Core 83 'RAM_1WnR' <Latency = 1> <II = 1> <Delay = 3.25> <Storage> <Opcode : 'load' 'store'> <Ports = 17> <Width = 16> <Depth = 128> <RAM>
ST_1 : Operation 209 [1/1] (3.25ns)   --->   "%store_ln64 = store i16 %curr_input_data_sub_data_2_V, i7 %local_mem_group_data_V_24_addr" [src/yolo_conv.cpp:64]   --->   Operation 209 'store' 'store_ln64' <Predicate = (!icmp_ln1027 & p_cast_mid2_read == 2 & !icmp_ln61 & !icmp_ln63)> <Delay = 3.25> <CoreInst = "RAM_1WnR">   --->   Core 83 'RAM_1WnR' <Latency = 1> <II = 1> <Delay = 3.25> <Storage> <Opcode : 'load' 'store'> <Ports = 17> <Width = 16> <Depth = 128> <RAM>
ST_1 : Operation 210 [1/1] (3.25ns)   --->   "%store_ln65 = store i16 %curr_input_data_sub_data_3_V, i7 %local_mem_group_data_V_25_addr" [src/yolo_conv.cpp:65]   --->   Operation 210 'store' 'store_ln65' <Predicate = (!icmp_ln1027 & p_cast_mid2_read == 2 & !icmp_ln61 & !icmp_ln63)> <Delay = 3.25> <CoreInst = "RAM_1WnR">   --->   Core 83 'RAM_1WnR' <Latency = 1> <II = 1> <Delay = 3.25> <Storage> <Opcode : 'load' 'store'> <Ports = 17> <Width = 16> <Depth = 128> <RAM>
ST_1 : Operation 211 [1/1] (0.00ns)   --->   "%br_ln65 = br void %arrayidx10028.exit2188" [src/yolo_conv.cpp:65]   --->   Operation 211 'br' 'br_ln65' <Predicate = (!icmp_ln1027 & p_cast_mid2_read == 2 & !icmp_ln61 & !icmp_ln63)> <Delay = 0.00>
ST_1 : Operation 212 [1/1] (3.25ns)   --->   "%store_ln63 = store i16 %curr_input_data_sub_data_1_V, i7 %local_mem_group_data_V_19_addr" [src/yolo_conv.cpp:63]   --->   Operation 212 'store' 'store_ln63' <Predicate = (!icmp_ln1027 & p_cast_mid2_read == 2 & !icmp_ln61 & icmp_ln63)> <Delay = 3.25> <CoreInst = "RAM_1WnR">   --->   Core 83 'RAM_1WnR' <Latency = 1> <II = 1> <Delay = 3.25> <Storage> <Opcode : 'load' 'store'> <Ports = 17> <Width = 16> <Depth = 128> <RAM>
ST_1 : Operation 213 [1/1] (3.25ns)   --->   "%store_ln64 = store i16 %curr_input_data_sub_data_2_V, i7 %local_mem_group_data_V_20_addr" [src/yolo_conv.cpp:64]   --->   Operation 213 'store' 'store_ln64' <Predicate = (!icmp_ln1027 & p_cast_mid2_read == 2 & !icmp_ln61 & icmp_ln63)> <Delay = 3.25> <CoreInst = "RAM_1WnR">   --->   Core 83 'RAM_1WnR' <Latency = 1> <II = 1> <Delay = 3.25> <Storage> <Opcode : 'load' 'store'> <Ports = 17> <Width = 16> <Depth = 128> <RAM>
ST_1 : Operation 214 [1/1] (3.25ns)   --->   "%store_ln65 = store i16 %curr_input_data_sub_data_3_V, i7 %local_mem_group_data_V_21_addr" [src/yolo_conv.cpp:65]   --->   Operation 214 'store' 'store_ln65' <Predicate = (!icmp_ln1027 & p_cast_mid2_read == 2 & !icmp_ln61 & icmp_ln63)> <Delay = 3.25> <CoreInst = "RAM_1WnR">   --->   Core 83 'RAM_1WnR' <Latency = 1> <II = 1> <Delay = 3.25> <Storage> <Opcode : 'load' 'store'> <Ports = 17> <Width = 16> <Depth = 128> <RAM>
ST_1 : Operation 215 [1/1] (0.00ns)   --->   "%br_ln65 = br void %arrayidx10028.exit2188" [src/yolo_conv.cpp:65]   --->   Operation 215 'br' 'br_ln65' <Predicate = (!icmp_ln1027 & p_cast_mid2_read == 2 & !icmp_ln61 & icmp_ln63)> <Delay = 0.00>
ST_1 : Operation 216 [1/1] (0.00ns)   --->   "%br_ln65 = br void %arrayidx10028.exit" [src/yolo_conv.cpp:65]   --->   Operation 216 'br' 'br_ln65' <Predicate = (!icmp_ln1027 & p_cast_mid2_read == 2 & !icmp_ln61)> <Delay = 0.00>
ST_1 : Operation 217 [1/1] (0.00ns)   --->   "%br_ln63 = br i1 %icmp_ln63, void %arrayidx10028.case.72186, void %arrayidx10028.case.32185" [src/yolo_conv.cpp:63]   --->   Operation 217 'br' 'br_ln63' <Predicate = (!icmp_ln1027 & p_cast_mid2_read == 1 & !icmp_ln61)> <Delay = 0.00>
ST_1 : Operation 218 [1/1] (3.25ns)   --->   "%store_ln63 = store i16 %curr_input_data_sub_data_1_V, i7 %local_mem_group_data_V_14_addr" [src/yolo_conv.cpp:63]   --->   Operation 218 'store' 'store_ln63' <Predicate = (!icmp_ln1027 & p_cast_mid2_read == 1 & !icmp_ln61 & !icmp_ln63)> <Delay = 3.25> <CoreInst = "RAM_1WnR">   --->   Core 83 'RAM_1WnR' <Latency = 1> <II = 1> <Delay = 3.25> <Storage> <Opcode : 'load' 'store'> <Ports = 17> <Width = 16> <Depth = 128> <RAM>
ST_1 : Operation 219 [1/1] (3.25ns)   --->   "%store_ln64 = store i16 %curr_input_data_sub_data_2_V, i7 %local_mem_group_data_V_15_addr" [src/yolo_conv.cpp:64]   --->   Operation 219 'store' 'store_ln64' <Predicate = (!icmp_ln1027 & p_cast_mid2_read == 1 & !icmp_ln61 & !icmp_ln63)> <Delay = 3.25> <CoreInst = "RAM_1WnR">   --->   Core 83 'RAM_1WnR' <Latency = 1> <II = 1> <Delay = 3.25> <Storage> <Opcode : 'load' 'store'> <Ports = 17> <Width = 16> <Depth = 128> <RAM>
ST_1 : Operation 220 [1/1] (3.25ns)   --->   "%store_ln65 = store i16 %curr_input_data_sub_data_3_V, i7 %local_mem_group_data_V_16_addr" [src/yolo_conv.cpp:65]   --->   Operation 220 'store' 'store_ln65' <Predicate = (!icmp_ln1027 & p_cast_mid2_read == 1 & !icmp_ln61 & !icmp_ln63)> <Delay = 3.25> <CoreInst = "RAM_1WnR">   --->   Core 83 'RAM_1WnR' <Latency = 1> <II = 1> <Delay = 3.25> <Storage> <Opcode : 'load' 'store'> <Ports = 17> <Width = 16> <Depth = 128> <RAM>
ST_1 : Operation 221 [1/1] (0.00ns)   --->   "%br_ln65 = br void %arrayidx10028.exit2184" [src/yolo_conv.cpp:65]   --->   Operation 221 'br' 'br_ln65' <Predicate = (!icmp_ln1027 & p_cast_mid2_read == 1 & !icmp_ln61 & !icmp_ln63)> <Delay = 0.00>
ST_1 : Operation 222 [1/1] (3.25ns)   --->   "%store_ln63 = store i16 %curr_input_data_sub_data_1_V, i7 %local_mem_group_data_V_10_addr" [src/yolo_conv.cpp:63]   --->   Operation 222 'store' 'store_ln63' <Predicate = (!icmp_ln1027 & p_cast_mid2_read == 1 & !icmp_ln61 & icmp_ln63)> <Delay = 3.25> <CoreInst = "RAM_1WnR">   --->   Core 83 'RAM_1WnR' <Latency = 1> <II = 1> <Delay = 3.25> <Storage> <Opcode : 'load' 'store'> <Ports = 17> <Width = 16> <Depth = 128> <RAM>
ST_1 : Operation 223 [1/1] (3.25ns)   --->   "%store_ln64 = store i16 %curr_input_data_sub_data_2_V, i7 %local_mem_group_data_V_11_addr" [src/yolo_conv.cpp:64]   --->   Operation 223 'store' 'store_ln64' <Predicate = (!icmp_ln1027 & p_cast_mid2_read == 1 & !icmp_ln61 & icmp_ln63)> <Delay = 3.25> <CoreInst = "RAM_1WnR">   --->   Core 83 'RAM_1WnR' <Latency = 1> <II = 1> <Delay = 3.25> <Storage> <Opcode : 'load' 'store'> <Ports = 17> <Width = 16> <Depth = 128> <RAM>
ST_1 : Operation 224 [1/1] (3.25ns)   --->   "%store_ln65 = store i16 %curr_input_data_sub_data_3_V, i7 %local_mem_group_data_V_12_addr" [src/yolo_conv.cpp:65]   --->   Operation 224 'store' 'store_ln65' <Predicate = (!icmp_ln1027 & p_cast_mid2_read == 1 & !icmp_ln61 & icmp_ln63)> <Delay = 3.25> <CoreInst = "RAM_1WnR">   --->   Core 83 'RAM_1WnR' <Latency = 1> <II = 1> <Delay = 3.25> <Storage> <Opcode : 'load' 'store'> <Ports = 17> <Width = 16> <Depth = 128> <RAM>
ST_1 : Operation 225 [1/1] (0.00ns)   --->   "%br_ln65 = br void %arrayidx10028.exit2184" [src/yolo_conv.cpp:65]   --->   Operation 225 'br' 'br_ln65' <Predicate = (!icmp_ln1027 & p_cast_mid2_read == 1 & !icmp_ln61 & icmp_ln63)> <Delay = 0.00>
ST_1 : Operation 226 [1/1] (0.00ns)   --->   "%br_ln65 = br void %arrayidx10028.exit" [src/yolo_conv.cpp:65]   --->   Operation 226 'br' 'br_ln65' <Predicate = (!icmp_ln1027 & p_cast_mid2_read == 1 & !icmp_ln61)> <Delay = 0.00>
ST_1 : Operation 227 [1/1] (0.00ns)   --->   "%br_ln63 = br i1 %icmp_ln63, void %arrayidx10028.case.72182, void %arrayidx10028.case.32181" [src/yolo_conv.cpp:63]   --->   Operation 227 'br' 'br_ln63' <Predicate = (!icmp_ln1027 & p_cast_mid2_read == 0 & !icmp_ln61)> <Delay = 0.00>
ST_1 : Operation 228 [1/1] (3.25ns)   --->   "%store_ln63 = store i16 %curr_input_data_sub_data_1_V, i7 %local_mem_group_data_V_5_addr" [src/yolo_conv.cpp:63]   --->   Operation 228 'store' 'store_ln63' <Predicate = (!icmp_ln1027 & p_cast_mid2_read == 0 & !icmp_ln61 & !icmp_ln63)> <Delay = 3.25> <CoreInst = "RAM_1WnR">   --->   Core 83 'RAM_1WnR' <Latency = 1> <II = 1> <Delay = 3.25> <Storage> <Opcode : 'load' 'store'> <Ports = 17> <Width = 16> <Depth = 128> <RAM>
ST_1 : Operation 229 [1/1] (3.25ns)   --->   "%store_ln64 = store i16 %curr_input_data_sub_data_2_V, i7 %local_mem_group_data_V_6_addr" [src/yolo_conv.cpp:64]   --->   Operation 229 'store' 'store_ln64' <Predicate = (!icmp_ln1027 & p_cast_mid2_read == 0 & !icmp_ln61 & !icmp_ln63)> <Delay = 3.25> <CoreInst = "RAM_1WnR">   --->   Core 83 'RAM_1WnR' <Latency = 1> <II = 1> <Delay = 3.25> <Storage> <Opcode : 'load' 'store'> <Ports = 17> <Width = 16> <Depth = 128> <RAM>
ST_1 : Operation 230 [1/1] (3.25ns)   --->   "%store_ln65 = store i16 %curr_input_data_sub_data_3_V, i7 %local_mem_group_data_V_7_addr" [src/yolo_conv.cpp:65]   --->   Operation 230 'store' 'store_ln65' <Predicate = (!icmp_ln1027 & p_cast_mid2_read == 0 & !icmp_ln61 & !icmp_ln63)> <Delay = 3.25> <CoreInst = "RAM_1WnR">   --->   Core 83 'RAM_1WnR' <Latency = 1> <II = 1> <Delay = 3.25> <Storage> <Opcode : 'load' 'store'> <Ports = 17> <Width = 16> <Depth = 128> <RAM>
ST_1 : Operation 231 [1/1] (0.00ns)   --->   "%br_ln65 = br void %arrayidx10028.exit2180" [src/yolo_conv.cpp:65]   --->   Operation 231 'br' 'br_ln65' <Predicate = (!icmp_ln1027 & p_cast_mid2_read == 0 & !icmp_ln61 & !icmp_ln63)> <Delay = 0.00>
ST_1 : Operation 232 [1/1] (3.25ns)   --->   "%store_ln63 = store i16 %curr_input_data_sub_data_1_V, i7 %local_mem_group_data_V_1_addr" [src/yolo_conv.cpp:63]   --->   Operation 232 'store' 'store_ln63' <Predicate = (!icmp_ln1027 & p_cast_mid2_read == 0 & !icmp_ln61 & icmp_ln63)> <Delay = 3.25> <CoreInst = "RAM_1WnR">   --->   Core 83 'RAM_1WnR' <Latency = 1> <II = 1> <Delay = 3.25> <Storage> <Opcode : 'load' 'store'> <Ports = 17> <Width = 16> <Depth = 128> <RAM>
ST_1 : Operation 233 [1/1] (3.25ns)   --->   "%store_ln64 = store i16 %curr_input_data_sub_data_2_V, i7 %local_mem_group_data_V_2_addr" [src/yolo_conv.cpp:64]   --->   Operation 233 'store' 'store_ln64' <Predicate = (!icmp_ln1027 & p_cast_mid2_read == 0 & !icmp_ln61 & icmp_ln63)> <Delay = 3.25> <CoreInst = "RAM_1WnR">   --->   Core 83 'RAM_1WnR' <Latency = 1> <II = 1> <Delay = 3.25> <Storage> <Opcode : 'load' 'store'> <Ports = 17> <Width = 16> <Depth = 128> <RAM>
ST_1 : Operation 234 [1/1] (3.25ns)   --->   "%store_ln65 = store i16 %curr_input_data_sub_data_3_V, i7 %local_mem_group_data_V_3_addr" [src/yolo_conv.cpp:65]   --->   Operation 234 'store' 'store_ln65' <Predicate = (!icmp_ln1027 & p_cast_mid2_read == 0 & !icmp_ln61 & icmp_ln63)> <Delay = 3.25> <CoreInst = "RAM_1WnR">   --->   Core 83 'RAM_1WnR' <Latency = 1> <II = 1> <Delay = 3.25> <Storage> <Opcode : 'load' 'store'> <Ports = 17> <Width = 16> <Depth = 128> <RAM>
ST_1 : Operation 235 [1/1] (0.00ns)   --->   "%br_ln65 = br void %arrayidx10028.exit2180" [src/yolo_conv.cpp:65]   --->   Operation 235 'br' 'br_ln65' <Predicate = (!icmp_ln1027 & p_cast_mid2_read == 0 & !icmp_ln61 & icmp_ln63)> <Delay = 0.00>
ST_1 : Operation 236 [1/1] (0.00ns)   --->   "%br_ln65 = br void %arrayidx10028.exit" [src/yolo_conv.cpp:65]   --->   Operation 236 'br' 'br_ln65' <Predicate = (!icmp_ln1027 & p_cast_mid2_read == 0 & !icmp_ln61)> <Delay = 0.00>
ST_1 : Operation 237 [1/1] (0.00ns)   --->   "%br_ln63 = br i1 %icmp_ln63, void %arrayidx10028.case.72210, void %arrayidx10028.case.32209" [src/yolo_conv.cpp:63]   --->   Operation 237 'br' 'br_ln63' <Predicate = (!icmp_ln1027 & p_cast_mid2_read == 7 & !icmp_ln61)> <Delay = 0.00>
ST_1 : Operation 238 [1/1] (3.25ns)   --->   "%store_ln63 = store i16 %curr_input_data_sub_data_1_V, i7 %local_mem_group_data_V_68_addr" [src/yolo_conv.cpp:63]   --->   Operation 238 'store' 'store_ln63' <Predicate = (!icmp_ln1027 & p_cast_mid2_read == 7 & !icmp_ln61 & !icmp_ln63)> <Delay = 3.25> <CoreInst = "RAM_1WnR">   --->   Core 83 'RAM_1WnR' <Latency = 1> <II = 1> <Delay = 3.25> <Storage> <Opcode : 'load' 'store'> <Ports = 17> <Width = 16> <Depth = 128> <RAM>
ST_1 : Operation 239 [1/1] (3.25ns)   --->   "%store_ln64 = store i16 %curr_input_data_sub_data_2_V, i7 %local_mem_group_data_V_69_addr" [src/yolo_conv.cpp:64]   --->   Operation 239 'store' 'store_ln64' <Predicate = (!icmp_ln1027 & p_cast_mid2_read == 7 & !icmp_ln61 & !icmp_ln63)> <Delay = 3.25> <CoreInst = "RAM_1WnR">   --->   Core 83 'RAM_1WnR' <Latency = 1> <II = 1> <Delay = 3.25> <Storage> <Opcode : 'load' 'store'> <Ports = 17> <Width = 16> <Depth = 128> <RAM>
ST_1 : Operation 240 [1/1] (3.25ns)   --->   "%store_ln65 = store i16 %curr_input_data_sub_data_3_V, i7 %local_mem_group_data_V_70_addr" [src/yolo_conv.cpp:65]   --->   Operation 240 'store' 'store_ln65' <Predicate = (!icmp_ln1027 & p_cast_mid2_read == 7 & !icmp_ln61 & !icmp_ln63)> <Delay = 3.25> <CoreInst = "RAM_1WnR">   --->   Core 83 'RAM_1WnR' <Latency = 1> <II = 1> <Delay = 3.25> <Storage> <Opcode : 'load' 'store'> <Ports = 17> <Width = 16> <Depth = 128> <RAM>
ST_1 : Operation 241 [1/1] (0.00ns)   --->   "%br_ln65 = br void %arrayidx10028.exit2208" [src/yolo_conv.cpp:65]   --->   Operation 241 'br' 'br_ln65' <Predicate = (!icmp_ln1027 & p_cast_mid2_read == 7 & !icmp_ln61 & !icmp_ln63)> <Delay = 0.00>
ST_1 : Operation 242 [1/1] (3.25ns)   --->   "%store_ln63 = store i16 %curr_input_data_sub_data_1_V, i7 %local_mem_group_data_V_64_addr" [src/yolo_conv.cpp:63]   --->   Operation 242 'store' 'store_ln63' <Predicate = (!icmp_ln1027 & p_cast_mid2_read == 7 & !icmp_ln61 & icmp_ln63)> <Delay = 3.25> <CoreInst = "RAM_1WnR">   --->   Core 83 'RAM_1WnR' <Latency = 1> <II = 1> <Delay = 3.25> <Storage> <Opcode : 'load' 'store'> <Ports = 17> <Width = 16> <Depth = 128> <RAM>
ST_1 : Operation 243 [1/1] (3.25ns)   --->   "%store_ln64 = store i16 %curr_input_data_sub_data_2_V, i7 %local_mem_group_data_V_65_addr" [src/yolo_conv.cpp:64]   --->   Operation 243 'store' 'store_ln64' <Predicate = (!icmp_ln1027 & p_cast_mid2_read == 7 & !icmp_ln61 & icmp_ln63)> <Delay = 3.25> <CoreInst = "RAM_1WnR">   --->   Core 83 'RAM_1WnR' <Latency = 1> <II = 1> <Delay = 3.25> <Storage> <Opcode : 'load' 'store'> <Ports = 17> <Width = 16> <Depth = 128> <RAM>
ST_1 : Operation 244 [1/1] (3.25ns)   --->   "%store_ln65 = store i16 %curr_input_data_sub_data_3_V, i7 %local_mem_group_data_V_66_addr" [src/yolo_conv.cpp:65]   --->   Operation 244 'store' 'store_ln65' <Predicate = (!icmp_ln1027 & p_cast_mid2_read == 7 & !icmp_ln61 & icmp_ln63)> <Delay = 3.25> <CoreInst = "RAM_1WnR">   --->   Core 83 'RAM_1WnR' <Latency = 1> <II = 1> <Delay = 3.25> <Storage> <Opcode : 'load' 'store'> <Ports = 17> <Width = 16> <Depth = 128> <RAM>
ST_1 : Operation 245 [1/1] (0.00ns)   --->   "%br_ln65 = br void %arrayidx10028.exit2208" [src/yolo_conv.cpp:65]   --->   Operation 245 'br' 'br_ln65' <Predicate = (!icmp_ln1027 & p_cast_mid2_read == 7 & !icmp_ln61 & icmp_ln63)> <Delay = 0.00>
ST_1 : Operation 246 [1/1] (0.00ns)   --->   "%br_ln65 = br void %arrayidx10028.exit" [src/yolo_conv.cpp:65]   --->   Operation 246 'br' 'br_ln65' <Predicate = (!icmp_ln1027 & p_cast_mid2_read == 7 & !icmp_ln61)> <Delay = 0.00>
ST_1 : Operation 247 [1/1] (0.00ns)   --->   "%br_ln66 = br void %for.inc" [src/yolo_conv.cpp:66]   --->   Operation 247 'br' 'br_ln66' <Predicate = (!icmp_ln1027 & !icmp_ln61)> <Delay = 0.00>
ST_1 : Operation 248 [1/1] (1.58ns)   --->   "%store_ln55 = store i3 %add_ln55, i3 %j" [src/yolo_conv.cpp:55]   --->   Operation 248 'store' 'store_ln55' <Predicate = (!icmp_ln1027)> <Delay = 1.58>
ST_1 : Operation 249 [1/1] (0.00ns)   --->   "%store_ln55 = store i110 %trunc_ln59, i110 %p_phi" [src/yolo_conv.cpp:55]   --->   Operation 249 'store' 'store_ln55' <Predicate = (!icmp_ln1027)> <Delay = 0.00>
ST_1 : Operation 250 [1/1] (0.00ns)   --->   "%br_ln55 = br void %for.body66" [src/yolo_conv.cpp:55]   --->   Operation 250 'br' 'br_ln55' <Predicate = (!icmp_ln1027)> <Delay = 0.00>
ST_1 : Operation 251 [1/1] (0.00ns)   --->   "%p_phi_load = load i110 %p_phi"   --->   Operation 251 'load' 'p_phi_load' <Predicate = (icmp_ln1027)> <Delay = 0.00>
ST_1 : Operation 252 [1/1] (0.00ns)   --->   "%write_ln0 = write void @_ssdm_op_Write.ap_auto.i110P0A, i110 %p_phi_out, i110 %p_phi_load"   --->   Operation 252 'write' 'write_ln0' <Predicate = (icmp_ln1027)> <Delay = 0.00>
ST_1 : Operation 253 [1/1] (0.00ns)   --->   "%ret_ln0 = ret"   --->   Operation 253 'ret' 'ret_ln0' <Predicate = (icmp_ln1027)> <Delay = 0.00>


============================================================
+ Verbose Summary: Timing violations
============================================================
Target clock period: 7.5ns, clock uncertainty: 2.03ns.

 <State 1>: 5.36ns
The critical path consists of the following:
	'getelementptr' operation ('local_mem_group_data_V_31_addr') [150]  (0 ns)
	'store' operation ('store_ln60', src/yolo_conv.cpp:60) of variable 'curr_input.data.sub_data_0.V', src/yolo_conv.cpp:59 on array 'local_mem_group_data_V_31' [217]  (3.25 ns)
	blocking operation 2.11 ns on control path)


============================================================
+ Verbose Summary: Binding
============================================================
N/A
* FSMD analyzer results:
  - Output states:
 - Input state : 
  - Chain level:
	State 1


============================================================
+ Verbose Summary: Datapath Resource usage 
============================================================
N/A
