

================================================================
== Vitis HLS Report for 'yolo_conv_top_Pipeline_VITIS_LOOP_49_1_VITIS_LOOP_52_2_VITIS_LOOP_55_3'
================================================================
* Date:           Tue Nov 19 23:14:19 2024

* Version:        2022.2 (Build 3670227 on Oct 13 2022)
* Project:        yolo_conv_prj
* Solution:       solution1 (Vivado IP Flow Target)
* Product family: zynq
* Target device:  xc7z020-clg400-1


================================================================
== Performance Estimates
================================================================
+ Timing: 
    * Summary: 
    +--------+---------+----------+------------+
    |  Clock |  Target | Estimated| Uncertainty|
    +--------+---------+----------+------------+
    |ap_clk  |  7.50 ns|  5.124 ns|     2.03 ns|
    +--------+---------+----------+------------+

+ Latency: 
    * Summary: 
    +---------+---------+----------+----------+-----+-----+---------+
    |  Latency (cycles) |  Latency (absolute) |  Interval | Pipeline|
    |   min   |   max   |    min   |    max   | min | max |   Type  |
    +---------+---------+----------+----------+-----+-----+---------+
    |      147|      147|  1.103 us|  1.103 us|  147|  147|       no|
    +---------+---------+----------+----------+-----+-----+---------+

    + Detail: 
        * Instance: 
        N/A

        * Loop: 
        +---------------------------------------------------+---------+---------+----------+-----------+-----------+------+----------+
        |                                                   |  Latency (cycles) | Iteration|  Initiation Interval  | Trip |          |
        |                     Loop Name                     |   min   |   max   |  Latency |  achieved |   target  | Count| Pipelined|
        +---------------------------------------------------+---------+---------+----------+-----------+-----------+------+----------+
        |- VITIS_LOOP_49_1_VITIS_LOOP_52_2_VITIS_LOOP_55_3  |      145|      145|         3|          1|          1|   144|       yes|
        +---------------------------------------------------+---------+---------+----------+-----------+-----------+------+----------+

============================================================
+ Verbose Summary: Synthesis Manager
============================================================
InlineROM: 1
ExposeGlobal: 0
============================================================
+ Verbose Summary: CDFG Model
============================================================
IsTopModel: 0
ResetActiveHigh: 1
IsCombinational: 0
IsDatapathOnly: 0
HasWiredReturn: 1
HasMFsm: 2
HasVarLatency: 1
IsPipeline: 0
IsRtlPipelined: 0
IsInstanceOverlapped: 0
IsDontTouch: 0
HasImplIP: 0
IsGatedGlobalClock: 0

+ Individual pipeline summary: 
  * Pipeline-0: initiation interval (II) = 1, depth = 4


============================================================
+ Verbose Summary: Schedule
============================================================
* Number of FSM states : 4
* Pipeline : 1
  Pipeline-0 : II = 1, D = 4, States = { 1 2 3 4 }
* Dataflow Pipeline: 0

* FSM state transitions: 
1 --> 2 
2 --> 3 
3 --> 4 
4 --> 

* FSM state operations: 

State 1 <SV = 0> <Delay = 1.58>
ST_1 : Operation 6 [1/1] (0.00ns)   --->   "%curr_input_dest_V = alloca i32 1"   --->   Operation 6 'alloca' 'curr_input_dest_V' <Predicate = true> <Delay = 0.00>
ST_1 : Operation 7 [1/1] (0.00ns)   --->   "%curr_input_id_V = alloca i32 1"   --->   Operation 7 'alloca' 'curr_input_id_V' <Predicate = true> <Delay = 0.00>
ST_1 : Operation 8 [1/1] (0.00ns)   --->   "%curr_input_user_V = alloca i32 1"   --->   Operation 8 'alloca' 'curr_input_user_V' <Predicate = true> <Delay = 0.00>
ST_1 : Operation 9 [1/1] (0.00ns)   --->   "%curr_input_strb_V = alloca i32 1"   --->   Operation 9 'alloca' 'curr_input_strb_V' <Predicate = true> <Delay = 0.00>
ST_1 : Operation 10 [1/1] (0.00ns)   --->   "%curr_input_keep_V = alloca i32 1"   --->   Operation 10 'alloca' 'curr_input_keep_V' <Predicate = true> <Delay = 0.00>
ST_1 : Operation 11 [1/1] (0.00ns)   --->   "%j = alloca i32 1"   --->   Operation 11 'alloca' 'j' <Predicate = true> <Delay = 0.00>
ST_1 : Operation 12 [1/1] (0.00ns)   --->   "%i = alloca i32 1"   --->   Operation 12 'alloca' 'i' <Predicate = true> <Delay = 0.00>
ST_1 : Operation 13 [1/1] (0.00ns)   --->   "%indvar_flatten = alloca i32 1"   --->   Operation 13 'alloca' 'indvar_flatten' <Predicate = true> <Delay = 0.00>
ST_1 : Operation 14 [1/1] (0.00ns)   --->   "%k = alloca i32 1"   --->   Operation 14 'alloca' 'k' <Predicate = true> <Delay = 0.00>
ST_1 : Operation 15 [1/1] (0.00ns)   --->   "%indvar_flatten95 = alloca i32 1"   --->   Operation 15 'alloca' 'indvar_flatten95' <Predicate = true> <Delay = 0.00>
ST_1 : Operation 16 [1/1] (0.00ns)   --->   "%specaxissidechannel_ln0 = specaxissidechannel void @_ssdm_op_SpecAXISSideChannel, i64 %inStream_V_data_V, i8 %inStream_V_keep_V, i8 %inStream_V_strb_V, i2 %inStream_V_user_V, i1 %inStream_V_last_V, i5 %inStream_V_id_V, i6 %inStream_V_dest_V, void @empty_2"   --->   Operation 16 'specaxissidechannel' 'specaxissidechannel_ln0' <Predicate = true> <Delay = 0.00>
ST_1 : Operation 17 [1/1] (0.00ns)   --->   "%specinterface_ln0 = specinterface void @_ssdm_op_SpecInterface, i6 %inStream_V_dest_V, void @empty_17, i32 0, i32 0, void @empty_9, i32 0, i32 0, void @empty_18, void @empty_18, void @empty_18, i32 0, i32 0, i32 0, i32 0, void @empty_18, void @empty_18, i32 4294967295, i32 0"   --->   Operation 17 'specinterface' 'specinterface_ln0' <Predicate = true> <Delay = 0.00>
ST_1 : Operation 18 [1/1] (0.00ns)   --->   "%specinterface_ln0 = specinterface void @_ssdm_op_SpecInterface, i5 %inStream_V_id_V, void @empty_17, i32 0, i32 0, void @empty_9, i32 0, i32 0, void @empty_18, void @empty_18, void @empty_18, i32 0, i32 0, i32 0, i32 0, void @empty_18, void @empty_18, i32 4294967295, i32 0"   --->   Operation 18 'specinterface' 'specinterface_ln0' <Predicate = true> <Delay = 0.00>
ST_1 : Operation 19 [1/1] (0.00ns)   --->   "%specinterface_ln0 = specinterface void @_ssdm_op_SpecInterface, i1 %inStream_V_last_V, void @empty_17, i32 0, i32 0, void @empty_9, i32 0, i32 0, void @empty_18, void @empty_18, void @empty_18, i32 0, i32 0, i32 0, i32 0, void @empty_18, void @empty_18, i32 4294967295, i32 0"   --->   Operation 19 'specinterface' 'specinterface_ln0' <Predicate = true> <Delay = 0.00>
ST_1 : Operation 20 [1/1] (0.00ns)   --->   "%specinterface_ln0 = specinterface void @_ssdm_op_SpecInterface, i2 %inStream_V_user_V, void @empty_17, i32 0, i32 0, void @empty_9, i32 0, i32 0, void @empty_18, void @empty_18, void @empty_18, i32 0, i32 0, i32 0, i32 0, void @empty_18, void @empty_18, i32 4294967295, i32 0"   --->   Operation 20 'specinterface' 'specinterface_ln0' <Predicate = true> <Delay = 0.00>
ST_1 : Operation 21 [1/1] (0.00ns)   --->   "%specinterface_ln0 = specinterface void @_ssdm_op_SpecInterface, i8 %inStream_V_strb_V, void @empty_17, i32 0, i32 0, void @empty_9, i32 0, i32 0, void @empty_18, void @empty_18, void @empty_18, i32 0, i32 0, i32 0, i32 0, void @empty_18, void @empty_18, i32 4294967295, i32 0"   --->   Operation 21 'specinterface' 'specinterface_ln0' <Predicate = true> <Delay = 0.00>
ST_1 : Operation 22 [1/1] (0.00ns)   --->   "%specinterface_ln0 = specinterface void @_ssdm_op_SpecInterface, i8 %inStream_V_keep_V, void @empty_17, i32 0, i32 0, void @empty_9, i32 0, i32 0, void @empty_18, void @empty_18, void @empty_18, i32 0, i32 0, i32 0, i32 0, void @empty_18, void @empty_18, i32 4294967295, i32 0"   --->   Operation 22 'specinterface' 'specinterface_ln0' <Predicate = true> <Delay = 0.00>
ST_1 : Operation 23 [1/1] (0.00ns)   --->   "%specinterface_ln0 = specinterface void @_ssdm_op_SpecInterface, i64 %inStream_V_data_V, void @empty_17, i32 0, i32 0, void @empty_9, i32 0, i32 0, void @empty_18, void @empty_18, void @empty_18, i32 0, i32 0, i32 0, i32 0, void @empty_18, void @empty_18, i32 4294967295, i32 0"   --->   Operation 23 'specinterface' 'specinterface_ln0' <Predicate = true> <Delay = 0.00>
ST_1 : Operation 24 [1/1] (0.00ns)   --->   "%icmp_ln1027_1_read = read i1 @_ssdm_op_Read.ap_auto.i1, i1 %icmp_ln1027_1"   --->   Operation 24 'read' 'icmp_ln1027_1_read' <Predicate = true> <Delay = 0.00>
ST_1 : Operation 25 [1/1] (0.00ns)   --->   "%fold_win_area_read = read i3 @_ssdm_op_Read.ap_auto.i3, i3 %fold_win_area"   --->   Operation 25 'read' 'fold_win_area_read' <Predicate = true> <Delay = 0.00>
ST_1 : Operation 26 [1/1] (0.00ns)   --->   "%mul_ln4_read = read i9 @_ssdm_op_Read.ap_auto.i9, i9 %mul_ln4"   --->   Operation 26 'read' 'mul_ln4_read' <Predicate = true> <Delay = 0.00>
ST_1 : Operation 27 [1/1] (0.00ns)   --->   "%mul_ln4_1_read = read i15 @_ssdm_op_Read.ap_auto.i15, i15 %mul_ln4_1"   --->   Operation 27 'read' 'mul_ln4_1_read' <Predicate = true> <Delay = 0.00>
ST_1 : Operation 28 [1/1] (1.58ns)   --->   "%store_ln0 = store i15 0, i15 %indvar_flatten95"   --->   Operation 28 'store' 'store_ln0' <Predicate = true> <Delay = 1.58>
ST_1 : Operation 29 [1/1] (1.58ns)   --->   "%store_ln0 = store i6 0, i6 %k"   --->   Operation 29 'store' 'store_ln0' <Predicate = true> <Delay = 1.58>
ST_1 : Operation 30 [1/1] (1.58ns)   --->   "%store_ln0 = store i9 0, i9 %indvar_flatten"   --->   Operation 30 'store' 'store_ln0' <Predicate = true> <Delay = 1.58>
ST_1 : Operation 31 [1/1] (1.58ns)   --->   "%store_ln0 = store i6 0, i6 %i"   --->   Operation 31 'store' 'store_ln0' <Predicate = true> <Delay = 1.58>
ST_1 : Operation 32 [1/1] (1.58ns)   --->   "%store_ln0 = store i3 0, i3 %j"   --->   Operation 32 'store' 'store_ln0' <Predicate = true> <Delay = 1.58>
ST_1 : Operation 33 [1/1] (0.00ns)   --->   "%br_ln0 = br void %for.body66"   --->   Operation 33 'br' 'br_ln0' <Predicate = true> <Delay = 0.00>

State 2 <SV = 1> <Delay = 4.67>
ST_2 : Operation 34 [1/1] (0.00ns)   --->   "%indvar_flatten_load = load i9 %indvar_flatten"   --->   Operation 34 'load' 'indvar_flatten_load' <Predicate = true> <Delay = 0.00>
ST_2 : Operation 35 [1/1] (0.00ns)   --->   "%indvar_flatten95_load = load i15 %indvar_flatten95"   --->   Operation 35 'load' 'indvar_flatten95_load' <Predicate = true> <Delay = 0.00>
ST_2 : Operation 36 [1/1] (2.31ns)   --->   "%icmp_ln1027 = icmp_eq  i15 %indvar_flatten95_load, i15 %mul_ln4_1_read"   --->   Operation 36 'icmp' 'icmp_ln1027' <Predicate = true> <Delay = 2.31> <CoreInst = "Cmp">   --->   Core 9 'Cmp' <Latency = 0> <II = 1> <Delay = 2.31> <FuncUnit> <Opcode : 'icmp'> <InPorts = 2> <OutPorts = 1>
ST_2 : Operation 37 [1/1] (1.94ns)   --->   "%add_ln1027_1 = add i15 %indvar_flatten95_load, i15 1"   --->   Operation 37 'add' 'add_ln1027_1' <Predicate = true> <Delay = 1.94> <CoreInst = "Adder">   --->   Core 1 'Adder' <Latency = 0> <II = 1> <Delay = 1.94> <FuncUnit> <Opcode : 'add' 'sub'> <InPorts = 2> <OutPorts = 1>
ST_2 : Operation 38 [1/1] (0.00ns)   --->   "%br_ln1027 = br i1 %icmp_ln1027, void %for.inc104.loopexit, void %VITIS_LOOP_84_4.loopexit.exitStub"   --->   Operation 38 'br' 'br_ln1027' <Predicate = true> <Delay = 0.00>
ST_2 : Operation 39 [1/1] (0.00ns)   --->   "%j_load = load i3 %j"   --->   Operation 39 'load' 'j_load' <Predicate = (!icmp_ln1027)> <Delay = 0.00>
ST_2 : Operation 40 [1/1] (0.00ns)   --->   "%i_load = load i6 %i"   --->   Operation 40 'load' 'i_load' <Predicate = (!icmp_ln1027)> <Delay = 0.00>
ST_2 : Operation 41 [1/1] (0.00ns)   --->   "%k_load = load i6 %k" [src/yolo_conv.cpp:49]   --->   Operation 41 'load' 'k_load' <Predicate = (!icmp_ln1027)> <Delay = 0.00>
ST_2 : Operation 42 [1/1] (1.82ns)   --->   "%add_ln49 = add i6 %k_load, i6 1" [src/yolo_conv.cpp:49]   --->   Operation 42 'add' 'add_ln49' <Predicate = (!icmp_ln1027)> <Delay = 1.82> <CoreInst = "Adder">   --->   Core 1 'Adder' <Latency = 0> <II = 1> <Delay = 1.82> <FuncUnit> <Opcode : 'add' 'sub'> <InPorts = 2> <OutPorts = 1>
ST_2 : Operation 43 [1/1] (1.66ns)   --->   "%icmp_ln1027_3 = icmp_eq  i9 %indvar_flatten_load, i9 %mul_ln4_read"   --->   Operation 43 'icmp' 'icmp_ln1027_3' <Predicate = (!icmp_ln1027)> <Delay = 1.66> <CoreInst = "Cmp">   --->   Core 9 'Cmp' <Latency = 0> <II = 1> <Delay = 1.66> <FuncUnit> <Opcode : 'icmp'> <InPorts = 2> <OutPorts = 1>
ST_2 : Operation 44 [1/1] (1.18ns)   --->   "%select_ln1027 = select i1 %icmp_ln1027_3, i6 0, i6 %i_load"   --->   Operation 44 'select' 'select_ln1027' <Predicate = (!icmp_ln1027)> <Delay = 1.18> <CoreInst = "Sel">   --->   Core 73 'Sel' <Latency = 0> <II = 1> <Delay = 1.18> <FuncUnit> <Opcode : 'select'> <InPorts = 3> <OutPorts = 1>
ST_2 : Operation 45 [1/1] (1.18ns)   --->   "%select_ln1027_1 = select i1 %icmp_ln1027_3, i6 %add_ln49, i6 %k_load"   --->   Operation 45 'select' 'select_ln1027_1' <Predicate = (!icmp_ln1027)> <Delay = 1.18> <CoreInst = "Sel">   --->   Core 73 'Sel' <Latency = 0> <II = 1> <Delay = 1.18> <FuncUnit> <Opcode : 'select'> <InPorts = 3> <OutPorts = 1>
ST_2 : Operation 46 [1/1] (0.00ns)   --->   "%empty = trunc i6 %select_ln1027_1"   --->   Operation 46 'trunc' 'empty' <Predicate = (!icmp_ln1027)> <Delay = 0.00>
ST_2 : Operation 47 [1/1] (0.00ns)   --->   "%p_cast_mid2 = partselect i3 @_ssdm_op_PartSelect.i3.i6.i32.i32, i6 %select_ln1027_1, i32 2, i32 4"   --->   Operation 47 'partselect' 'p_cast_mid2' <Predicate = (!icmp_ln1027)> <Delay = 0.00>
ST_2 : Operation 48 [1/1] (1.13ns)   --->   "%icmp_ln1027_4 = icmp_eq  i3 %j_load, i3 %fold_win_area_read"   --->   Operation 48 'icmp' 'icmp_ln1027_4' <Predicate = (!icmp_ln1027)> <Delay = 1.13> <CoreInst = "Cmp">   --->   Core 9 'Cmp' <Latency = 0> <II = 1> <Delay = 1.13> <FuncUnit> <Opcode : 'icmp'> <InPorts = 2> <OutPorts = 1>
ST_2 : Operation 49 [1/1] (0.99ns)   --->   "%select_ln1027_3 = select i1 %icmp_ln1027_3, i1 %icmp_ln1027_1_read, i1 %icmp_ln1027_4"   --->   Operation 49 'select' 'select_ln1027_3' <Predicate = (!icmp_ln1027)> <Delay = 0.99> <CoreInst = "Sel">   --->   Core 73 'Sel' <Latency = 0> <II = 1> <Delay = 0.99> <FuncUnit> <Opcode : 'select'> <InPorts = 3> <OutPorts = 1>
ST_2 : Operation 50 [1/1] (1.82ns)   --->   "%add_ln52 = add i6 %select_ln1027, i6 1" [src/yolo_conv.cpp:52]   --->   Operation 50 'add' 'add_ln52' <Predicate = (!icmp_ln1027)> <Delay = 1.82> <CoreInst = "Adder">   --->   Core 1 'Adder' <Latency = 0> <II = 1> <Delay = 1.82> <FuncUnit> <Opcode : 'add' 'sub'> <InPorts = 2> <OutPorts = 1>
ST_2 : Operation 51 [1/1] (0.00ns) (grouped into LUT with out node select_ln1027_4)   --->   "%or_ln1027 = or i1 %select_ln1027_3, i1 %icmp_ln1027_3"   --->   Operation 51 'or' 'or_ln1027' <Predicate = (!icmp_ln1027)> <Delay = 0.00> <CoreInst = "LogicGate">   --->   Core 74 'LogicGate' <Latency = 0> <II = 1> <Delay = 0.97> <FuncUnit> <Opcode : 'and' 'or' 'xor'> <InPorts = 2> <OutPorts = 1>
ST_2 : Operation 52 [1/1] (0.98ns) (out node of the LUT)   --->   "%select_ln1027_4 = select i1 %or_ln1027, i3 0, i3 %j_load"   --->   Operation 52 'select' 'select_ln1027_4' <Predicate = (!icmp_ln1027)> <Delay = 0.98> <CoreInst = "Sel">   --->   Core 73 'Sel' <Latency = 0> <II = 1> <Delay = 0.98> <FuncUnit> <Opcode : 'select'> <InPorts = 3> <OutPorts = 1>
ST_2 : Operation 53 [1/1] (0.00ns)   --->   "%empty_44 = read i94 @_ssdm_op_Read.axis.volatile.i64P0A.i8P0A.i8P0A.i2P0A.i1P0A.i5P0A.i6P0A, i64 %inStream_V_data_V, i8 %inStream_V_keep_V, i8 %inStream_V_strb_V, i2 %inStream_V_user_V, i1 %inStream_V_last_V, i5 %inStream_V_id_V, i6 %inStream_V_dest_V"   --->   Operation 53 'read' 'empty_44' <Predicate = (!icmp_ln1027)> <Delay = 0.00> <CoreInst = "axis">   --->   Core 115 'axis' <Latency = 0> <II = 1> <Delay = 1.00> <Adapter> <Opcode : >
ST_2 : Operation 54 [1/1] (0.00ns)   --->   "%p_0 = extractvalue i94 %empty_44"   --->   Operation 54 'extractvalue' 'p_0' <Predicate = (!icmp_ln1027)> <Delay = 0.00>
ST_2 : Operation 55 [1/1] (0.00ns)   --->   "%curr_input_keep_V_2 = extractvalue i94 %empty_44"   --->   Operation 55 'extractvalue' 'curr_input_keep_V_2' <Predicate = (!icmp_ln1027)> <Delay = 0.00>
ST_2 : Operation 56 [1/1] (0.00ns)   --->   "%curr_input_strb_V_2 = extractvalue i94 %empty_44"   --->   Operation 56 'extractvalue' 'curr_input_strb_V_2' <Predicate = (!icmp_ln1027)> <Delay = 0.00>
ST_2 : Operation 57 [1/1] (0.00ns)   --->   "%curr_input_user_V_2 = extractvalue i94 %empty_44"   --->   Operation 57 'extractvalue' 'curr_input_user_V_2' <Predicate = (!icmp_ln1027)> <Delay = 0.00>
ST_2 : Operation 58 [1/1] (0.00ns)   --->   "%curr_input_id_V_2 = extractvalue i94 %empty_44"   --->   Operation 58 'extractvalue' 'curr_input_id_V_2' <Predicate = (!icmp_ln1027)> <Delay = 0.00>
ST_2 : Operation 59 [1/1] (0.00ns)   --->   "%curr_input_dest_V_2 = extractvalue i94 %empty_44"   --->   Operation 59 'extractvalue' 'curr_input_dest_V_2' <Predicate = (!icmp_ln1027)> <Delay = 0.00>
ST_2 : Operation 60 [1/1] (0.00ns)   --->   "%curr_input_data_sub_data_0_V = trunc i64 %p_0"   --->   Operation 60 'trunc' 'curr_input_data_sub_data_0_V' <Predicate = (!icmp_ln1027)> <Delay = 0.00>
ST_2 : Operation 61 [1/1] (0.00ns)   --->   "%curr_input_data_sub_data_1_V = partselect i16 @_ssdm_op_PartSelect.i16.i64.i32.i32, i64 %p_0, i32 16, i32 31"   --->   Operation 61 'partselect' 'curr_input_data_sub_data_1_V' <Predicate = (!icmp_ln1027)> <Delay = 0.00>
ST_2 : Operation 62 [1/1] (0.00ns)   --->   "%curr_input_data_sub_data_2_V = partselect i16 @_ssdm_op_PartSelect.i16.i64.i32.i32, i64 %p_0, i32 32, i32 47"   --->   Operation 62 'partselect' 'curr_input_data_sub_data_2_V' <Predicate = (!icmp_ln1027)> <Delay = 0.00>
ST_2 : Operation 63 [1/1] (0.00ns)   --->   "%curr_input_data_sub_data_3_V = partselect i16 @_ssdm_op_PartSelect.i16.i64.i32.i32, i64 %p_0, i32 48, i32 63"   --->   Operation 63 'partselect' 'curr_input_data_sub_data_3_V' <Predicate = (!icmp_ln1027)> <Delay = 0.00>
ST_2 : Operation 64 [1/1] (0.95ns)   --->   "%switch_ln60 = switch i3 %p_cast_mid2, void %arrayidx7116.case.7, i3 0, void %arrayidx7116.case.0, i3 1, void %arrayidx7116.case.1, i3 2, void %arrayidx7116.case.2, i3 3, void %arrayidx7116.case.3, i3 4, void %arrayidx7116.case.4, i3 5, void %arrayidx7116.case.5, i3 6, void %arrayidx7116.case.6" [src/yolo_conv.cpp:60]   --->   Operation 64 'switch' 'switch_ln60' <Predicate = (!icmp_ln1027)> <Delay = 0.95>
ST_2 : Operation 65 [1/1] (0.95ns)   --->   "%switch_ln60 = switch i3 %select_ln1027_4, void %arrayidx7116.case.82126, i3 0, void %arrayidx7116.case.02124, i3 1, void %arrayidx7116.case.42125" [src/yolo_conv.cpp:60]   --->   Operation 65 'switch' 'switch_ln60' <Predicate = (!icmp_ln1027 & p_cast_mid2 == 6)> <Delay = 0.95>
ST_2 : Operation 66 [1/1] (0.00ns)   --->   "%br_ln60 = br void %arrayidx7116.exit" [src/yolo_conv.cpp:60]   --->   Operation 66 'br' 'br_ln60' <Predicate = (!icmp_ln1027 & p_cast_mid2 == 6)> <Delay = 0.00>
ST_2 : Operation 67 [1/1] (0.95ns)   --->   "%switch_ln60 = switch i3 %select_ln1027_4, void %arrayidx7116.case.82121, i3 0, void %arrayidx7116.case.02119, i3 1, void %arrayidx7116.case.42120" [src/yolo_conv.cpp:60]   --->   Operation 67 'switch' 'switch_ln60' <Predicate = (!icmp_ln1027 & p_cast_mid2 == 5)> <Delay = 0.95>
ST_2 : Operation 68 [1/1] (0.00ns)   --->   "%br_ln60 = br void %arrayidx7116.exit" [src/yolo_conv.cpp:60]   --->   Operation 68 'br' 'br_ln60' <Predicate = (!icmp_ln1027 & p_cast_mid2 == 5)> <Delay = 0.00>
ST_2 : Operation 69 [1/1] (0.95ns)   --->   "%switch_ln60 = switch i3 %select_ln1027_4, void %arrayidx7116.case.82116, i3 0, void %arrayidx7116.case.02114, i3 1, void %arrayidx7116.case.42115" [src/yolo_conv.cpp:60]   --->   Operation 69 'switch' 'switch_ln60' <Predicate = (!icmp_ln1027 & p_cast_mid2 == 4)> <Delay = 0.95>
ST_2 : Operation 70 [1/1] (0.00ns)   --->   "%br_ln60 = br void %arrayidx7116.exit" [src/yolo_conv.cpp:60]   --->   Operation 70 'br' 'br_ln60' <Predicate = (!icmp_ln1027 & p_cast_mid2 == 4)> <Delay = 0.00>
ST_2 : Operation 71 [1/1] (0.95ns)   --->   "%switch_ln60 = switch i3 %select_ln1027_4, void %arrayidx7116.case.82111, i3 0, void %arrayidx7116.case.02109, i3 1, void %arrayidx7116.case.42110" [src/yolo_conv.cpp:60]   --->   Operation 71 'switch' 'switch_ln60' <Predicate = (!icmp_ln1027 & p_cast_mid2 == 3)> <Delay = 0.95>
ST_2 : Operation 72 [1/1] (0.00ns)   --->   "%br_ln60 = br void %arrayidx7116.exit" [src/yolo_conv.cpp:60]   --->   Operation 72 'br' 'br_ln60' <Predicate = (!icmp_ln1027 & p_cast_mid2 == 3)> <Delay = 0.00>
ST_2 : Operation 73 [1/1] (0.95ns)   --->   "%switch_ln60 = switch i3 %select_ln1027_4, void %arrayidx7116.case.82106, i3 0, void %arrayidx7116.case.02104, i3 1, void %arrayidx7116.case.42105" [src/yolo_conv.cpp:60]   --->   Operation 73 'switch' 'switch_ln60' <Predicate = (!icmp_ln1027 & p_cast_mid2 == 2)> <Delay = 0.95>
ST_2 : Operation 74 [1/1] (0.00ns)   --->   "%br_ln60 = br void %arrayidx7116.exit" [src/yolo_conv.cpp:60]   --->   Operation 74 'br' 'br_ln60' <Predicate = (!icmp_ln1027 & p_cast_mid2 == 2)> <Delay = 0.00>
ST_2 : Operation 75 [1/1] (0.95ns)   --->   "%switch_ln60 = switch i3 %select_ln1027_4, void %arrayidx7116.case.82101, i3 0, void %arrayidx7116.case.02099, i3 1, void %arrayidx7116.case.42100" [src/yolo_conv.cpp:60]   --->   Operation 75 'switch' 'switch_ln60' <Predicate = (!icmp_ln1027 & p_cast_mid2 == 1)> <Delay = 0.95>
ST_2 : Operation 76 [1/1] (0.00ns)   --->   "%br_ln60 = br void %arrayidx7116.exit" [src/yolo_conv.cpp:60]   --->   Operation 76 'br' 'br_ln60' <Predicate = (!icmp_ln1027 & p_cast_mid2 == 1)> <Delay = 0.00>
ST_2 : Operation 77 [1/1] (0.95ns)   --->   "%switch_ln60 = switch i3 %select_ln1027_4, void %arrayidx7116.case.8, i3 0, void %arrayidx7116.case.02095, i3 1, void %arrayidx7116.case.42096" [src/yolo_conv.cpp:60]   --->   Operation 77 'switch' 'switch_ln60' <Predicate = (!icmp_ln1027 & p_cast_mid2 == 0)> <Delay = 0.95>
ST_2 : Operation 78 [1/1] (0.00ns)   --->   "%br_ln60 = br void %arrayidx7116.exit" [src/yolo_conv.cpp:60]   --->   Operation 78 'br' 'br_ln60' <Predicate = (!icmp_ln1027 & p_cast_mid2 == 0)> <Delay = 0.00>
ST_2 : Operation 79 [1/1] (0.95ns)   --->   "%switch_ln60 = switch i3 %select_ln1027_4, void %arrayidx7116.case.82131, i3 0, void %arrayidx7116.case.02129, i3 1, void %arrayidx7116.case.42130" [src/yolo_conv.cpp:60]   --->   Operation 79 'switch' 'switch_ln60' <Predicate = (!icmp_ln1027 & p_cast_mid2 == 7)> <Delay = 0.95>
ST_2 : Operation 80 [1/1] (0.00ns)   --->   "%br_ln60 = br void %arrayidx7116.exit" [src/yolo_conv.cpp:60]   --->   Operation 80 'br' 'br_ln60' <Predicate = (!icmp_ln1027 & p_cast_mid2 == 7)> <Delay = 0.00>
ST_2 : Operation 81 [1/1] (1.82ns)   --->   "%add_ln1027 = add i9 %indvar_flatten_load, i9 1"   --->   Operation 81 'add' 'add_ln1027' <Predicate = (!icmp_ln1027)> <Delay = 1.82> <CoreInst = "Adder">   --->   Core 1 'Adder' <Latency = 0> <II = 1> <Delay = 1.82> <FuncUnit> <Opcode : 'add' 'sub'> <InPorts = 2> <OutPorts = 1>
ST_2 : Operation 82 [1/1] (0.96ns)   --->   "%select_ln1027_14 = select i1 %icmp_ln1027_3, i9 1, i9 %add_ln1027"   --->   Operation 82 'select' 'select_ln1027_14' <Predicate = (!icmp_ln1027)> <Delay = 0.96> <CoreInst = "Sel">   --->   Core 73 'Sel' <Latency = 0> <II = 1> <Delay = 0.96> <FuncUnit> <Opcode : 'select'> <InPorts = 3> <OutPorts = 1>
ST_2 : Operation 83 [1/1] (1.58ns)   --->   "%store_ln55 = store i15 %add_ln1027_1, i15 %indvar_flatten95" [src/yolo_conv.cpp:55]   --->   Operation 83 'store' 'store_ln55' <Predicate = (!icmp_ln1027)> <Delay = 1.58>
ST_2 : Operation 84 [1/1] (1.58ns)   --->   "%store_ln55 = store i6 %select_ln1027_1, i6 %k" [src/yolo_conv.cpp:55]   --->   Operation 84 'store' 'store_ln55' <Predicate = (!icmp_ln1027)> <Delay = 1.58>
ST_2 : Operation 85 [1/1] (1.58ns)   --->   "%store_ln55 = store i9 %select_ln1027_14, i9 %indvar_flatten" [src/yolo_conv.cpp:55]   --->   Operation 85 'store' 'store_ln55' <Predicate = (!icmp_ln1027)> <Delay = 1.58>
ST_2 : Operation 86 [1/1] (0.00ns)   --->   "%store_ln55 = store i8 %curr_input_keep_V_2, i8 %curr_input_keep_V" [src/yolo_conv.cpp:55]   --->   Operation 86 'store' 'store_ln55' <Predicate = (!icmp_ln1027)> <Delay = 0.00>
ST_2 : Operation 87 [1/1] (0.00ns)   --->   "%store_ln55 = store i8 %curr_input_strb_V_2, i8 %curr_input_strb_V" [src/yolo_conv.cpp:55]   --->   Operation 87 'store' 'store_ln55' <Predicate = (!icmp_ln1027)> <Delay = 0.00>
ST_2 : Operation 88 [1/1] (0.00ns)   --->   "%store_ln55 = store i2 %curr_input_user_V_2, i2 %curr_input_user_V" [src/yolo_conv.cpp:55]   --->   Operation 88 'store' 'store_ln55' <Predicate = (!icmp_ln1027)> <Delay = 0.00>
ST_2 : Operation 89 [1/1] (0.00ns)   --->   "%store_ln55 = store i5 %curr_input_id_V_2, i5 %curr_input_id_V" [src/yolo_conv.cpp:55]   --->   Operation 89 'store' 'store_ln55' <Predicate = (!icmp_ln1027)> <Delay = 0.00>
ST_2 : Operation 90 [1/1] (0.00ns)   --->   "%store_ln55 = store i6 %curr_input_dest_V_2, i6 %curr_input_dest_V" [src/yolo_conv.cpp:55]   --->   Operation 90 'store' 'store_ln55' <Predicate = (!icmp_ln1027)> <Delay = 0.00>

State 3 <SV = 2> <Delay = 3.23>
ST_3 : Operation 91 [1/1] (1.18ns)   --->   "%select_ln1027_5 = select i1 %select_ln1027_3, i6 %add_ln52, i6 %select_ln1027"   --->   Operation 91 'select' 'select_ln1027_5' <Predicate = true> <Delay = 1.18> <CoreInst = "Sel">   --->   Core 73 'Sel' <Latency = 0> <II = 1> <Delay = 1.18> <FuncUnit> <Opcode : 'select'> <InPorts = 3> <OutPorts = 1>
ST_3 : Operation 92 [1/1] (1.13ns)   --->   "%icmp_ln61 = icmp_eq  i3 %select_ln1027_4, i3 2" [src/yolo_conv.cpp:61]   --->   Operation 92 'icmp' 'icmp_ln61' <Predicate = true> <Delay = 1.13> <CoreInst = "Cmp">   --->   Core 9 'Cmp' <Latency = 0> <II = 1> <Delay = 1.13> <FuncUnit> <Opcode : 'icmp'> <InPorts = 2> <OutPorts = 1>
ST_3 : Operation 93 [1/1] (0.00ns)   --->   "%br_ln61 = br i1 %icmp_ln61, void %if.then, void %for.inc" [src/yolo_conv.cpp:61]   --->   Operation 93 'br' 'br_ln61' <Predicate = true> <Delay = 0.00>
ST_3 : Operation 94 [1/1] (1.13ns)   --->   "%icmp_ln63 = icmp_eq  i3 %select_ln1027_4, i3 0" [src/yolo_conv.cpp:63]   --->   Operation 94 'icmp' 'icmp_ln63' <Predicate = (!icmp_ln61)> <Delay = 1.13> <CoreInst = "Cmp">   --->   Core 9 'Cmp' <Latency = 0> <II = 1> <Delay = 1.13> <FuncUnit> <Opcode : 'icmp'> <InPorts = 2> <OutPorts = 1>
ST_3 : Operation 95 [1/1] (0.95ns)   --->   "%switch_ln63 = switch i3 %p_cast_mid2, void %arrayidx8020.case.7, i3 0, void %arrayidx8020.case.0, i3 1, void %arrayidx8020.case.1, i3 2, void %arrayidx8020.case.2, i3 3, void %arrayidx8020.case.3, i3 4, void %arrayidx8020.case.4, i3 5, void %arrayidx8020.case.5, i3 6, void %arrayidx8020.case.6" [src/yolo_conv.cpp:63]   --->   Operation 95 'switch' 'switch_ln63' <Predicate = (!icmp_ln61)> <Delay = 0.95>
ST_3 : Operation 96 [1/1] (0.00ns)   --->   "%br_ln63 = br i1 %icmp_ln63, void %arrayidx10028.case.72223, void %arrayidx10028.case.32222" [src/yolo_conv.cpp:63]   --->   Operation 96 'br' 'br_ln63' <Predicate = (p_cast_mid2 == 6 & !icmp_ln61)> <Delay = 0.00>
ST_3 : Operation 97 [1/1] (0.00ns)   --->   "%br_ln65 = br void %arrayidx10028.exit" [src/yolo_conv.cpp:65]   --->   Operation 97 'br' 'br_ln65' <Predicate = (p_cast_mid2 == 6 & !icmp_ln61)> <Delay = 0.00>
ST_3 : Operation 98 [1/1] (0.00ns)   --->   "%br_ln63 = br i1 %icmp_ln63, void %arrayidx10028.case.72219, void %arrayidx10028.case.32218" [src/yolo_conv.cpp:63]   --->   Operation 98 'br' 'br_ln63' <Predicate = (p_cast_mid2 == 5 & !icmp_ln61)> <Delay = 0.00>
ST_3 : Operation 99 [1/1] (0.00ns)   --->   "%br_ln65 = br void %arrayidx10028.exit" [src/yolo_conv.cpp:65]   --->   Operation 99 'br' 'br_ln65' <Predicate = (p_cast_mid2 == 5 & !icmp_ln61)> <Delay = 0.00>
ST_3 : Operation 100 [1/1] (0.00ns)   --->   "%br_ln63 = br i1 %icmp_ln63, void %arrayidx10028.case.72215, void %arrayidx10028.case.32214" [src/yolo_conv.cpp:63]   --->   Operation 100 'br' 'br_ln63' <Predicate = (p_cast_mid2 == 4 & !icmp_ln61)> <Delay = 0.00>
ST_3 : Operation 101 [1/1] (0.00ns)   --->   "%br_ln65 = br void %arrayidx10028.exit" [src/yolo_conv.cpp:65]   --->   Operation 101 'br' 'br_ln65' <Predicate = (p_cast_mid2 == 4 & !icmp_ln61)> <Delay = 0.00>
ST_3 : Operation 102 [1/1] (0.00ns)   --->   "%br_ln63 = br i1 %icmp_ln63, void %arrayidx10028.case.72211, void %arrayidx10028.case.32210" [src/yolo_conv.cpp:63]   --->   Operation 102 'br' 'br_ln63' <Predicate = (p_cast_mid2 == 3 & !icmp_ln61)> <Delay = 0.00>
ST_3 : Operation 103 [1/1] (0.00ns)   --->   "%br_ln65 = br void %arrayidx10028.exit" [src/yolo_conv.cpp:65]   --->   Operation 103 'br' 'br_ln65' <Predicate = (p_cast_mid2 == 3 & !icmp_ln61)> <Delay = 0.00>
ST_3 : Operation 104 [1/1] (0.00ns)   --->   "%br_ln63 = br i1 %icmp_ln63, void %arrayidx10028.case.72207, void %arrayidx10028.case.32206" [src/yolo_conv.cpp:63]   --->   Operation 104 'br' 'br_ln63' <Predicate = (p_cast_mid2 == 2 & !icmp_ln61)> <Delay = 0.00>
ST_3 : Operation 105 [1/1] (0.00ns)   --->   "%br_ln65 = br void %arrayidx10028.exit" [src/yolo_conv.cpp:65]   --->   Operation 105 'br' 'br_ln65' <Predicate = (p_cast_mid2 == 2 & !icmp_ln61)> <Delay = 0.00>
ST_3 : Operation 106 [1/1] (0.00ns)   --->   "%br_ln63 = br i1 %icmp_ln63, void %arrayidx10028.case.72203, void %arrayidx10028.case.32202" [src/yolo_conv.cpp:63]   --->   Operation 106 'br' 'br_ln63' <Predicate = (p_cast_mid2 == 1 & !icmp_ln61)> <Delay = 0.00>
ST_3 : Operation 107 [1/1] (0.00ns)   --->   "%br_ln65 = br void %arrayidx10028.exit" [src/yolo_conv.cpp:65]   --->   Operation 107 'br' 'br_ln65' <Predicate = (p_cast_mid2 == 1 & !icmp_ln61)> <Delay = 0.00>
ST_3 : Operation 108 [1/1] (0.00ns)   --->   "%br_ln63 = br i1 %icmp_ln63, void %arrayidx10028.case.72199, void %arrayidx10028.case.32198" [src/yolo_conv.cpp:63]   --->   Operation 108 'br' 'br_ln63' <Predicate = (p_cast_mid2 == 0 & !icmp_ln61)> <Delay = 0.00>
ST_3 : Operation 109 [1/1] (0.00ns)   --->   "%br_ln65 = br void %arrayidx10028.exit" [src/yolo_conv.cpp:65]   --->   Operation 109 'br' 'br_ln65' <Predicate = (p_cast_mid2 == 0 & !icmp_ln61)> <Delay = 0.00>
ST_3 : Operation 110 [1/1] (0.00ns)   --->   "%br_ln63 = br i1 %icmp_ln63, void %arrayidx10028.case.72227, void %arrayidx10028.case.32226" [src/yolo_conv.cpp:63]   --->   Operation 110 'br' 'br_ln63' <Predicate = (p_cast_mid2 == 7 & !icmp_ln61)> <Delay = 0.00>
ST_3 : Operation 111 [1/1] (0.00ns)   --->   "%br_ln65 = br void %arrayidx10028.exit" [src/yolo_conv.cpp:65]   --->   Operation 111 'br' 'br_ln65' <Predicate = (p_cast_mid2 == 7 & !icmp_ln61)> <Delay = 0.00>
ST_3 : Operation 112 [1/1] (1.65ns)   --->   "%add_ln55 = add i3 %select_ln1027_4, i3 1" [src/yolo_conv.cpp:55]   --->   Operation 112 'add' 'add_ln55' <Predicate = true> <Delay = 1.65> <CoreInst = "Adder">   --->   Core 1 'Adder' <Latency = 0> <II = 1> <Delay = 1.65> <FuncUnit> <Opcode : 'add' 'sub'> <InPorts = 2> <OutPorts = 1>
ST_3 : Operation 113 [1/1] (1.58ns)   --->   "%store_ln55 = store i6 %select_ln1027_5, i6 %i" [src/yolo_conv.cpp:55]   --->   Operation 113 'store' 'store_ln55' <Predicate = true> <Delay = 1.58>
ST_3 : Operation 114 [1/1] (1.58ns)   --->   "%store_ln55 = store i3 %add_ln55, i3 %j" [src/yolo_conv.cpp:55]   --->   Operation 114 'store' 'store_ln55' <Predicate = true> <Delay = 1.58>
ST_3 : Operation 115 [1/1] (0.00ns)   --->   "%br_ln55 = br void %for.body66" [src/yolo_conv.cpp:55]   --->   Operation 115 'br' 'br_ln55' <Predicate = true> <Delay = 0.00>
ST_3 : Operation 310 [1/1] (0.00ns)   --->   "%curr_input_dest_V_load = load i6 %curr_input_dest_V"   --->   Operation 310 'load' 'curr_input_dest_V_load' <Predicate = (icmp_ln1027)> <Delay = 0.00>
ST_3 : Operation 311 [1/1] (0.00ns)   --->   "%curr_input_id_V_load = load i5 %curr_input_id_V"   --->   Operation 311 'load' 'curr_input_id_V_load' <Predicate = (icmp_ln1027)> <Delay = 0.00>
ST_3 : Operation 312 [1/1] (0.00ns)   --->   "%curr_input_user_V_load = load i2 %curr_input_user_V"   --->   Operation 312 'load' 'curr_input_user_V_load' <Predicate = (icmp_ln1027)> <Delay = 0.00>
ST_3 : Operation 313 [1/1] (0.00ns)   --->   "%curr_input_strb_V_load = load i8 %curr_input_strb_V"   --->   Operation 313 'load' 'curr_input_strb_V_load' <Predicate = (icmp_ln1027)> <Delay = 0.00>
ST_3 : Operation 314 [1/1] (0.00ns)   --->   "%curr_input_keep_V_load = load i8 %curr_input_keep_V"   --->   Operation 314 'load' 'curr_input_keep_V_load' <Predicate = (icmp_ln1027)> <Delay = 0.00>
ST_3 : Operation 315 [1/1] (0.00ns)   --->   "%write_ln0 = write void @_ssdm_op_Write.ap_auto.i8P0A, i8 %curr_input_keep_V_out, i8 %curr_input_keep_V_load"   --->   Operation 315 'write' 'write_ln0' <Predicate = (icmp_ln1027)> <Delay = 0.00>
ST_3 : Operation 316 [1/1] (0.00ns)   --->   "%write_ln0 = write void @_ssdm_op_Write.ap_auto.i8P0A, i8 %curr_input_strb_V_out, i8 %curr_input_strb_V_load"   --->   Operation 316 'write' 'write_ln0' <Predicate = (icmp_ln1027)> <Delay = 0.00>
ST_3 : Operation 317 [1/1] (0.00ns)   --->   "%write_ln0 = write void @_ssdm_op_Write.ap_auto.i2P0A, i2 %curr_input_user_V_out, i2 %curr_input_user_V_load"   --->   Operation 317 'write' 'write_ln0' <Predicate = (icmp_ln1027)> <Delay = 0.00>
ST_3 : Operation 318 [1/1] (0.00ns)   --->   "%write_ln0 = write void @_ssdm_op_Write.ap_auto.i5P0A, i5 %curr_input_id_V_out, i5 %curr_input_id_V_load"   --->   Operation 318 'write' 'write_ln0' <Predicate = (icmp_ln1027)> <Delay = 0.00>
ST_3 : Operation 319 [1/1] (0.00ns)   --->   "%write_ln0 = write void @_ssdm_op_Write.ap_auto.i6P0A, i6 %curr_input_dest_V_out, i6 %curr_input_dest_V_load"   --->   Operation 319 'write' 'write_ln0' <Predicate = (icmp_ln1027)> <Delay = 0.00>
ST_3 : Operation 320 [1/1] (0.00ns)   --->   "%ret_ln0 = ret"   --->   Operation 320 'ret' 'ret_ln0' <Predicate = (icmp_ln1027)> <Delay = 0.00>

State 4 <SV = 3> <Delay = 5.12>
ST_4 : Operation 116 [1/1] (0.00ns)   --->   "%specloopname_ln0 = specloopname void @_ssdm_op_SpecLoopName, void @VITIS_LOOP_49_1_VITIS_LOOP_52_2_VITIS_LOOP_55_3_str"   --->   Operation 116 'specloopname' 'specloopname_ln0' <Predicate = true> <Delay = 0.00>
ST_4 : Operation 117 [1/1] (0.00ns)   --->   "%speclooptripcount_ln0 = speclooptripcount void @_ssdm_op_SpecLoopTripCount, i64 144, i64 144, i64 144"   --->   Operation 117 'speclooptripcount' 'speclooptripcount_ln0' <Predicate = true> <Delay = 0.00>
ST_4 : Operation 118 [1/1] (0.00ns)   --->   "%tmp_s = bitconcatenate i7 @_ssdm_op_BitConcatenate.i7.i2.i5, i2 %empty, i5 0"   --->   Operation 118 'bitconcatenate' 'tmp_s' <Predicate = true> <Delay = 0.00>
ST_4 : Operation 119 [1/1] (0.00ns)   --->   "%specloopname_ln0 = specloopname void @_ssdm_op_SpecLoopName, void @VITIS_LOOP_52_2_VITIS_LOOP_55_3_str"   --->   Operation 119 'specloopname' 'specloopname_ln0' <Predicate = true> <Delay = 0.00>
ST_4 : Operation 120 [1/1] (0.00ns)   --->   "%select_ln1027_5_cast = zext i6 %select_ln1027_5"   --->   Operation 120 'zext' 'select_ln1027_5_cast' <Predicate = true> <Delay = 0.00>
ST_4 : Operation 121 [1/1] (1.87ns)   --->   "%empty_43 = add i7 %tmp_s, i7 %select_ln1027_5_cast"   --->   Operation 121 'add' 'empty_43' <Predicate = true> <Delay = 1.87> <CoreInst = "Adder">   --->   Core 1 'Adder' <Latency = 0> <II = 1> <Delay = 1.87> <FuncUnit> <Opcode : 'add' 'sub'> <InPorts = 2> <OutPorts = 1>
ST_4 : Operation 122 [1/1] (0.00ns)   --->   "%p_cast = zext i7 %empty_43"   --->   Operation 122 'zext' 'p_cast' <Predicate = true> <Delay = 0.00>
ST_4 : Operation 123 [1/1] (0.00ns)   --->   "%local_mem_group_data_V_addr = getelementptr i16 %local_mem_group_data_V, i64 0, i64 %p_cast"   --->   Operation 123 'getelementptr' 'local_mem_group_data_V_addr' <Predicate = true> <Delay = 0.00>
ST_4 : Operation 124 [1/1] (0.00ns)   --->   "%local_mem_group_data_V_1_addr = getelementptr i16 %local_mem_group_data_V_1, i64 0, i64 %p_cast"   --->   Operation 124 'getelementptr' 'local_mem_group_data_V_1_addr' <Predicate = true> <Delay = 0.00>
ST_4 : Operation 125 [1/1] (0.00ns)   --->   "%local_mem_group_data_V_2_addr = getelementptr i16 %local_mem_group_data_V_2, i64 0, i64 %p_cast"   --->   Operation 125 'getelementptr' 'local_mem_group_data_V_2_addr' <Predicate = true> <Delay = 0.00>
ST_4 : Operation 126 [1/1] (0.00ns)   --->   "%local_mem_group_data_V_3_addr = getelementptr i16 %local_mem_group_data_V_3, i64 0, i64 %p_cast"   --->   Operation 126 'getelementptr' 'local_mem_group_data_V_3_addr' <Predicate = true> <Delay = 0.00>
ST_4 : Operation 127 [1/1] (0.00ns)   --->   "%local_mem_group_data_V_4_addr = getelementptr i16 %local_mem_group_data_V_4, i64 0, i64 %p_cast"   --->   Operation 127 'getelementptr' 'local_mem_group_data_V_4_addr' <Predicate = true> <Delay = 0.00>
ST_4 : Operation 128 [1/1] (0.00ns)   --->   "%local_mem_group_data_V_5_addr = getelementptr i16 %local_mem_group_data_V_5, i64 0, i64 %p_cast"   --->   Operation 128 'getelementptr' 'local_mem_group_data_V_5_addr' <Predicate = true> <Delay = 0.00>
ST_4 : Operation 129 [1/1] (0.00ns)   --->   "%local_mem_group_data_V_6_addr = getelementptr i16 %local_mem_group_data_V_6, i64 0, i64 %p_cast"   --->   Operation 129 'getelementptr' 'local_mem_group_data_V_6_addr' <Predicate = true> <Delay = 0.00>
ST_4 : Operation 130 [1/1] (0.00ns)   --->   "%local_mem_group_data_V_7_addr = getelementptr i16 %local_mem_group_data_V_7, i64 0, i64 %p_cast"   --->   Operation 130 'getelementptr' 'local_mem_group_data_V_7_addr' <Predicate = true> <Delay = 0.00>
ST_4 : Operation 131 [1/1] (0.00ns)   --->   "%local_mem_group_data_V_8_addr = getelementptr i16 %local_mem_group_data_V_8, i64 0, i64 %p_cast"   --->   Operation 131 'getelementptr' 'local_mem_group_data_V_8_addr' <Predicate = true> <Delay = 0.00>
ST_4 : Operation 132 [1/1] (0.00ns)   --->   "%local_mem_group_data_V_9_addr = getelementptr i16 %local_mem_group_data_V_9, i64 0, i64 %p_cast"   --->   Operation 132 'getelementptr' 'local_mem_group_data_V_9_addr' <Predicate = true> <Delay = 0.00>
ST_4 : Operation 133 [1/1] (0.00ns)   --->   "%local_mem_group_data_V_10_addr = getelementptr i16 %local_mem_group_data_V_10, i64 0, i64 %p_cast"   --->   Operation 133 'getelementptr' 'local_mem_group_data_V_10_addr' <Predicate = true> <Delay = 0.00>
ST_4 : Operation 134 [1/1] (0.00ns)   --->   "%local_mem_group_data_V_11_addr = getelementptr i16 %local_mem_group_data_V_11, i64 0, i64 %p_cast"   --->   Operation 134 'getelementptr' 'local_mem_group_data_V_11_addr' <Predicate = true> <Delay = 0.00>
ST_4 : Operation 135 [1/1] (0.00ns)   --->   "%local_mem_group_data_V_12_addr = getelementptr i16 %local_mem_group_data_V_12, i64 0, i64 %p_cast"   --->   Operation 135 'getelementptr' 'local_mem_group_data_V_12_addr' <Predicate = true> <Delay = 0.00>
ST_4 : Operation 136 [1/1] (0.00ns)   --->   "%local_mem_group_data_V_13_addr = getelementptr i16 %local_mem_group_data_V_13, i64 0, i64 %p_cast"   --->   Operation 136 'getelementptr' 'local_mem_group_data_V_13_addr' <Predicate = true> <Delay = 0.00>
ST_4 : Operation 137 [1/1] (0.00ns)   --->   "%local_mem_group_data_V_14_addr = getelementptr i16 %local_mem_group_data_V_14, i64 0, i64 %p_cast"   --->   Operation 137 'getelementptr' 'local_mem_group_data_V_14_addr' <Predicate = true> <Delay = 0.00>
ST_4 : Operation 138 [1/1] (0.00ns)   --->   "%local_mem_group_data_V_15_addr = getelementptr i16 %local_mem_group_data_V_15, i64 0, i64 %p_cast"   --->   Operation 138 'getelementptr' 'local_mem_group_data_V_15_addr' <Predicate = true> <Delay = 0.00>
ST_4 : Operation 139 [1/1] (0.00ns)   --->   "%local_mem_group_data_V_16_addr = getelementptr i16 %local_mem_group_data_V_16, i64 0, i64 %p_cast"   --->   Operation 139 'getelementptr' 'local_mem_group_data_V_16_addr' <Predicate = true> <Delay = 0.00>
ST_4 : Operation 140 [1/1] (0.00ns)   --->   "%local_mem_group_data_V_17_addr = getelementptr i16 %local_mem_group_data_V_17, i64 0, i64 %p_cast"   --->   Operation 140 'getelementptr' 'local_mem_group_data_V_17_addr' <Predicate = true> <Delay = 0.00>
ST_4 : Operation 141 [1/1] (0.00ns)   --->   "%local_mem_group_data_V_18_addr = getelementptr i16 %local_mem_group_data_V_18, i64 0, i64 %p_cast"   --->   Operation 141 'getelementptr' 'local_mem_group_data_V_18_addr' <Predicate = true> <Delay = 0.00>
ST_4 : Operation 142 [1/1] (0.00ns)   --->   "%local_mem_group_data_V_19_addr = getelementptr i16 %local_mem_group_data_V_19, i64 0, i64 %p_cast"   --->   Operation 142 'getelementptr' 'local_mem_group_data_V_19_addr' <Predicate = true> <Delay = 0.00>
ST_4 : Operation 143 [1/1] (0.00ns)   --->   "%local_mem_group_data_V_20_addr = getelementptr i16 %local_mem_group_data_V_20, i64 0, i64 %p_cast"   --->   Operation 143 'getelementptr' 'local_mem_group_data_V_20_addr' <Predicate = true> <Delay = 0.00>
ST_4 : Operation 144 [1/1] (0.00ns)   --->   "%local_mem_group_data_V_21_addr = getelementptr i16 %local_mem_group_data_V_21, i64 0, i64 %p_cast"   --->   Operation 144 'getelementptr' 'local_mem_group_data_V_21_addr' <Predicate = true> <Delay = 0.00>
ST_4 : Operation 145 [1/1] (0.00ns)   --->   "%local_mem_group_data_V_22_addr = getelementptr i16 %local_mem_group_data_V_22, i64 0, i64 %p_cast"   --->   Operation 145 'getelementptr' 'local_mem_group_data_V_22_addr' <Predicate = true> <Delay = 0.00>
ST_4 : Operation 146 [1/1] (0.00ns)   --->   "%local_mem_group_data_V_23_addr = getelementptr i16 %local_mem_group_data_V_23, i64 0, i64 %p_cast"   --->   Operation 146 'getelementptr' 'local_mem_group_data_V_23_addr' <Predicate = true> <Delay = 0.00>
ST_4 : Operation 147 [1/1] (0.00ns)   --->   "%local_mem_group_data_V_24_addr = getelementptr i16 %local_mem_group_data_V_24, i64 0, i64 %p_cast"   --->   Operation 147 'getelementptr' 'local_mem_group_data_V_24_addr' <Predicate = true> <Delay = 0.00>
ST_4 : Operation 148 [1/1] (0.00ns)   --->   "%local_mem_group_data_V_25_addr = getelementptr i16 %local_mem_group_data_V_25, i64 0, i64 %p_cast"   --->   Operation 148 'getelementptr' 'local_mem_group_data_V_25_addr' <Predicate = true> <Delay = 0.00>
ST_4 : Operation 149 [1/1] (0.00ns)   --->   "%local_mem_group_data_V_26_addr = getelementptr i16 %local_mem_group_data_V_26, i64 0, i64 %p_cast"   --->   Operation 149 'getelementptr' 'local_mem_group_data_V_26_addr' <Predicate = true> <Delay = 0.00>
ST_4 : Operation 150 [1/1] (0.00ns)   --->   "%local_mem_group_data_V_27_addr = getelementptr i16 %local_mem_group_data_V_27, i64 0, i64 %p_cast"   --->   Operation 150 'getelementptr' 'local_mem_group_data_V_27_addr' <Predicate = true> <Delay = 0.00>
ST_4 : Operation 151 [1/1] (0.00ns)   --->   "%local_mem_group_data_V_28_addr = getelementptr i16 %local_mem_group_data_V_28, i64 0, i64 %p_cast"   --->   Operation 151 'getelementptr' 'local_mem_group_data_V_28_addr' <Predicate = true> <Delay = 0.00>
ST_4 : Operation 152 [1/1] (0.00ns)   --->   "%local_mem_group_data_V_29_addr = getelementptr i16 %local_mem_group_data_V_29, i64 0, i64 %p_cast"   --->   Operation 152 'getelementptr' 'local_mem_group_data_V_29_addr' <Predicate = true> <Delay = 0.00>
ST_4 : Operation 153 [1/1] (0.00ns)   --->   "%local_mem_group_data_V_30_addr = getelementptr i16 %local_mem_group_data_V_30, i64 0, i64 %p_cast"   --->   Operation 153 'getelementptr' 'local_mem_group_data_V_30_addr' <Predicate = true> <Delay = 0.00>
ST_4 : Operation 154 [1/1] (0.00ns)   --->   "%local_mem_group_data_V_31_addr = getelementptr i16 %local_mem_group_data_V_31, i64 0, i64 %p_cast"   --->   Operation 154 'getelementptr' 'local_mem_group_data_V_31_addr' <Predicate = true> <Delay = 0.00>
ST_4 : Operation 155 [1/1] (0.00ns)   --->   "%local_mem_group_data_V_32_addr = getelementptr i16 %local_mem_group_data_V_32, i64 0, i64 %p_cast"   --->   Operation 155 'getelementptr' 'local_mem_group_data_V_32_addr' <Predicate = true> <Delay = 0.00>
ST_4 : Operation 156 [1/1] (0.00ns)   --->   "%local_mem_group_data_V_33_addr = getelementptr i16 %local_mem_group_data_V_33, i64 0, i64 %p_cast"   --->   Operation 156 'getelementptr' 'local_mem_group_data_V_33_addr' <Predicate = true> <Delay = 0.00>
ST_4 : Operation 157 [1/1] (0.00ns)   --->   "%local_mem_group_data_V_34_addr = getelementptr i16 %local_mem_group_data_V_34, i64 0, i64 %p_cast"   --->   Operation 157 'getelementptr' 'local_mem_group_data_V_34_addr' <Predicate = true> <Delay = 0.00>
ST_4 : Operation 158 [1/1] (0.00ns)   --->   "%local_mem_group_data_V_35_addr = getelementptr i16 %local_mem_group_data_V_35, i64 0, i64 %p_cast"   --->   Operation 158 'getelementptr' 'local_mem_group_data_V_35_addr' <Predicate = true> <Delay = 0.00>
ST_4 : Operation 159 [1/1] (0.00ns)   --->   "%local_mem_group_data_V_36_addr = getelementptr i16 %local_mem_group_data_V_36, i64 0, i64 %p_cast"   --->   Operation 159 'getelementptr' 'local_mem_group_data_V_36_addr' <Predicate = true> <Delay = 0.00>
ST_4 : Operation 160 [1/1] (0.00ns)   --->   "%local_mem_group_data_V_37_addr = getelementptr i16 %local_mem_group_data_V_37, i64 0, i64 %p_cast"   --->   Operation 160 'getelementptr' 'local_mem_group_data_V_37_addr' <Predicate = true> <Delay = 0.00>
ST_4 : Operation 161 [1/1] (0.00ns)   --->   "%local_mem_group_data_V_38_addr = getelementptr i16 %local_mem_group_data_V_38, i64 0, i64 %p_cast"   --->   Operation 161 'getelementptr' 'local_mem_group_data_V_38_addr' <Predicate = true> <Delay = 0.00>
ST_4 : Operation 162 [1/1] (0.00ns)   --->   "%local_mem_group_data_V_39_addr = getelementptr i16 %local_mem_group_data_V_39, i64 0, i64 %p_cast"   --->   Operation 162 'getelementptr' 'local_mem_group_data_V_39_addr' <Predicate = true> <Delay = 0.00>
ST_4 : Operation 163 [1/1] (0.00ns)   --->   "%local_mem_group_data_V_40_addr = getelementptr i16 %local_mem_group_data_V_40, i64 0, i64 %p_cast"   --->   Operation 163 'getelementptr' 'local_mem_group_data_V_40_addr' <Predicate = true> <Delay = 0.00>
ST_4 : Operation 164 [1/1] (0.00ns)   --->   "%local_mem_group_data_V_41_addr = getelementptr i16 %local_mem_group_data_V_41, i64 0, i64 %p_cast"   --->   Operation 164 'getelementptr' 'local_mem_group_data_V_41_addr' <Predicate = true> <Delay = 0.00>
ST_4 : Operation 165 [1/1] (0.00ns)   --->   "%local_mem_group_data_V_42_addr = getelementptr i16 %local_mem_group_data_V_42, i64 0, i64 %p_cast"   --->   Operation 165 'getelementptr' 'local_mem_group_data_V_42_addr' <Predicate = true> <Delay = 0.00>
ST_4 : Operation 166 [1/1] (0.00ns)   --->   "%local_mem_group_data_V_43_addr = getelementptr i16 %local_mem_group_data_V_43, i64 0, i64 %p_cast"   --->   Operation 166 'getelementptr' 'local_mem_group_data_V_43_addr' <Predicate = true> <Delay = 0.00>
ST_4 : Operation 167 [1/1] (0.00ns)   --->   "%local_mem_group_data_V_44_addr = getelementptr i16 %local_mem_group_data_V_44, i64 0, i64 %p_cast"   --->   Operation 167 'getelementptr' 'local_mem_group_data_V_44_addr' <Predicate = true> <Delay = 0.00>
ST_4 : Operation 168 [1/1] (0.00ns)   --->   "%local_mem_group_data_V_45_addr = getelementptr i16 %local_mem_group_data_V_45, i64 0, i64 %p_cast"   --->   Operation 168 'getelementptr' 'local_mem_group_data_V_45_addr' <Predicate = true> <Delay = 0.00>
ST_4 : Operation 169 [1/1] (0.00ns)   --->   "%local_mem_group_data_V_46_addr = getelementptr i16 %local_mem_group_data_V_46, i64 0, i64 %p_cast"   --->   Operation 169 'getelementptr' 'local_mem_group_data_V_46_addr' <Predicate = true> <Delay = 0.00>
ST_4 : Operation 170 [1/1] (0.00ns)   --->   "%local_mem_group_data_V_47_addr = getelementptr i16 %local_mem_group_data_V_47, i64 0, i64 %p_cast"   --->   Operation 170 'getelementptr' 'local_mem_group_data_V_47_addr' <Predicate = true> <Delay = 0.00>
ST_4 : Operation 171 [1/1] (0.00ns)   --->   "%local_mem_group_data_V_48_addr = getelementptr i16 %local_mem_group_data_V_48, i64 0, i64 %p_cast"   --->   Operation 171 'getelementptr' 'local_mem_group_data_V_48_addr' <Predicate = true> <Delay = 0.00>
ST_4 : Operation 172 [1/1] (0.00ns)   --->   "%local_mem_group_data_V_49_addr = getelementptr i16 %local_mem_group_data_V_49, i64 0, i64 %p_cast"   --->   Operation 172 'getelementptr' 'local_mem_group_data_V_49_addr' <Predicate = true> <Delay = 0.00>
ST_4 : Operation 173 [1/1] (0.00ns)   --->   "%local_mem_group_data_V_50_addr = getelementptr i16 %local_mem_group_data_V_50, i64 0, i64 %p_cast"   --->   Operation 173 'getelementptr' 'local_mem_group_data_V_50_addr' <Predicate = true> <Delay = 0.00>
ST_4 : Operation 174 [1/1] (0.00ns)   --->   "%local_mem_group_data_V_51_addr = getelementptr i16 %local_mem_group_data_V_51, i64 0, i64 %p_cast"   --->   Operation 174 'getelementptr' 'local_mem_group_data_V_51_addr' <Predicate = true> <Delay = 0.00>
ST_4 : Operation 175 [1/1] (0.00ns)   --->   "%local_mem_group_data_V_52_addr = getelementptr i16 %local_mem_group_data_V_52, i64 0, i64 %p_cast"   --->   Operation 175 'getelementptr' 'local_mem_group_data_V_52_addr' <Predicate = true> <Delay = 0.00>
ST_4 : Operation 176 [1/1] (0.00ns)   --->   "%local_mem_group_data_V_53_addr = getelementptr i16 %local_mem_group_data_V_53, i64 0, i64 %p_cast"   --->   Operation 176 'getelementptr' 'local_mem_group_data_V_53_addr' <Predicate = true> <Delay = 0.00>
ST_4 : Operation 177 [1/1] (0.00ns)   --->   "%local_mem_group_data_V_54_addr = getelementptr i16 %local_mem_group_data_V_54, i64 0, i64 %p_cast"   --->   Operation 177 'getelementptr' 'local_mem_group_data_V_54_addr' <Predicate = true> <Delay = 0.00>
ST_4 : Operation 178 [1/1] (0.00ns)   --->   "%local_mem_group_data_V_55_addr = getelementptr i16 %local_mem_group_data_V_55, i64 0, i64 %p_cast"   --->   Operation 178 'getelementptr' 'local_mem_group_data_V_55_addr' <Predicate = true> <Delay = 0.00>
ST_4 : Operation 179 [1/1] (0.00ns)   --->   "%local_mem_group_data_V_56_addr = getelementptr i16 %local_mem_group_data_V_56, i64 0, i64 %p_cast"   --->   Operation 179 'getelementptr' 'local_mem_group_data_V_56_addr' <Predicate = true> <Delay = 0.00>
ST_4 : Operation 180 [1/1] (0.00ns)   --->   "%local_mem_group_data_V_57_addr = getelementptr i16 %local_mem_group_data_V_57, i64 0, i64 %p_cast"   --->   Operation 180 'getelementptr' 'local_mem_group_data_V_57_addr' <Predicate = true> <Delay = 0.00>
ST_4 : Operation 181 [1/1] (0.00ns)   --->   "%local_mem_group_data_V_58_addr = getelementptr i16 %local_mem_group_data_V_58, i64 0, i64 %p_cast"   --->   Operation 181 'getelementptr' 'local_mem_group_data_V_58_addr' <Predicate = true> <Delay = 0.00>
ST_4 : Operation 182 [1/1] (0.00ns)   --->   "%local_mem_group_data_V_59_addr = getelementptr i16 %local_mem_group_data_V_59, i64 0, i64 %p_cast"   --->   Operation 182 'getelementptr' 'local_mem_group_data_V_59_addr' <Predicate = true> <Delay = 0.00>
ST_4 : Operation 183 [1/1] (0.00ns)   --->   "%local_mem_group_data_V_60_addr = getelementptr i16 %local_mem_group_data_V_60, i64 0, i64 %p_cast"   --->   Operation 183 'getelementptr' 'local_mem_group_data_V_60_addr' <Predicate = true> <Delay = 0.00>
ST_4 : Operation 184 [1/1] (0.00ns)   --->   "%local_mem_group_data_V_61_addr = getelementptr i16 %local_mem_group_data_V_61, i64 0, i64 %p_cast"   --->   Operation 184 'getelementptr' 'local_mem_group_data_V_61_addr' <Predicate = true> <Delay = 0.00>
ST_4 : Operation 185 [1/1] (0.00ns)   --->   "%local_mem_group_data_V_62_addr = getelementptr i16 %local_mem_group_data_V_62, i64 0, i64 %p_cast"   --->   Operation 185 'getelementptr' 'local_mem_group_data_V_62_addr' <Predicate = true> <Delay = 0.00>
ST_4 : Operation 186 [1/1] (0.00ns)   --->   "%local_mem_group_data_V_63_addr = getelementptr i16 %local_mem_group_data_V_63, i64 0, i64 %p_cast"   --->   Operation 186 'getelementptr' 'local_mem_group_data_V_63_addr' <Predicate = true> <Delay = 0.00>
ST_4 : Operation 187 [1/1] (0.00ns)   --->   "%local_mem_group_data_V_64_addr = getelementptr i16 %local_mem_group_data_V_64, i64 0, i64 %p_cast"   --->   Operation 187 'getelementptr' 'local_mem_group_data_V_64_addr' <Predicate = true> <Delay = 0.00>
ST_4 : Operation 188 [1/1] (0.00ns)   --->   "%local_mem_group_data_V_65_addr = getelementptr i16 %local_mem_group_data_V_65, i64 0, i64 %p_cast"   --->   Operation 188 'getelementptr' 'local_mem_group_data_V_65_addr' <Predicate = true> <Delay = 0.00>
ST_4 : Operation 189 [1/1] (0.00ns)   --->   "%local_mem_group_data_V_66_addr = getelementptr i16 %local_mem_group_data_V_66, i64 0, i64 %p_cast"   --->   Operation 189 'getelementptr' 'local_mem_group_data_V_66_addr' <Predicate = true> <Delay = 0.00>
ST_4 : Operation 190 [1/1] (0.00ns)   --->   "%local_mem_group_data_V_67_addr = getelementptr i16 %local_mem_group_data_V_67, i64 0, i64 %p_cast"   --->   Operation 190 'getelementptr' 'local_mem_group_data_V_67_addr' <Predicate = true> <Delay = 0.00>
ST_4 : Operation 191 [1/1] (0.00ns)   --->   "%local_mem_group_data_V_68_addr = getelementptr i16 %local_mem_group_data_V_68, i64 0, i64 %p_cast"   --->   Operation 191 'getelementptr' 'local_mem_group_data_V_68_addr' <Predicate = true> <Delay = 0.00>
ST_4 : Operation 192 [1/1] (0.00ns)   --->   "%local_mem_group_data_V_69_addr = getelementptr i16 %local_mem_group_data_V_69, i64 0, i64 %p_cast"   --->   Operation 192 'getelementptr' 'local_mem_group_data_V_69_addr' <Predicate = true> <Delay = 0.00>
ST_4 : Operation 193 [1/1] (0.00ns)   --->   "%local_mem_group_data_V_70_addr = getelementptr i16 %local_mem_group_data_V_70, i64 0, i64 %p_cast"   --->   Operation 193 'getelementptr' 'local_mem_group_data_V_70_addr' <Predicate = true> <Delay = 0.00>
ST_4 : Operation 194 [1/1] (0.00ns)   --->   "%local_mem_group_data_V_71_addr = getelementptr i16 %local_mem_group_data_V_71, i64 0, i64 %p_cast"   --->   Operation 194 'getelementptr' 'local_mem_group_data_V_71_addr' <Predicate = true> <Delay = 0.00>
ST_4 : Operation 195 [1/1] (0.00ns)   --->   "%specpipeline_ln57 = specpipeline void @_ssdm_op_SpecPipeline, i32 4294967295, i32 0, i32 0, i32 0, void @empty_18" [src/yolo_conv.cpp:57]   --->   Operation 195 'specpipeline' 'specpipeline_ln57' <Predicate = true> <Delay = 0.00>
ST_4 : Operation 196 [1/1] (0.00ns)   --->   "%specloopname_ln55 = specloopname void @_ssdm_op_SpecLoopName, void @empty_5" [src/yolo_conv.cpp:55]   --->   Operation 196 'specloopname' 'specloopname_ln55' <Predicate = true> <Delay = 0.00>
ST_4 : Operation 197 [1/1] (3.25ns)   --->   "%store_ln60 = store i16 %curr_input_data_sub_data_0_V, i7 %local_mem_group_data_V_58_addr" [src/yolo_conv.cpp:60]   --->   Operation 197 'store' 'store_ln60' <Predicate = (p_cast_mid2 == 6 & select_ln1027_4 == 1)> <Delay = 3.25> <CoreInst = "RAM_1WnR">   --->   Core 83 'RAM_1WnR' <Latency = 1> <II = 1> <Delay = 3.25> <Storage> <Opcode : 'load' 'store'> <Ports = 17> <Width = 16> <Depth = 128> <RAM>
ST_4 : Operation 198 [1/1] (0.00ns)   --->   "%br_ln60 = br void %arrayidx7116.exit2123" [src/yolo_conv.cpp:60]   --->   Operation 198 'br' 'br_ln60' <Predicate = (p_cast_mid2 == 6 & select_ln1027_4 == 1)> <Delay = 0.00>
ST_4 : Operation 199 [1/1] (3.25ns)   --->   "%store_ln60 = store i16 %curr_input_data_sub_data_0_V, i7 %local_mem_group_data_V_54_addr" [src/yolo_conv.cpp:60]   --->   Operation 199 'store' 'store_ln60' <Predicate = (p_cast_mid2 == 6 & select_ln1027_4 == 0)> <Delay = 3.25> <CoreInst = "RAM_1WnR">   --->   Core 83 'RAM_1WnR' <Latency = 1> <II = 1> <Delay = 3.25> <Storage> <Opcode : 'load' 'store'> <Ports = 17> <Width = 16> <Depth = 128> <RAM>
ST_4 : Operation 200 [1/1] (0.00ns)   --->   "%br_ln60 = br void %arrayidx7116.exit2123" [src/yolo_conv.cpp:60]   --->   Operation 200 'br' 'br_ln60' <Predicate = (p_cast_mid2 == 6 & select_ln1027_4 == 0)> <Delay = 0.00>
ST_4 : Operation 201 [1/1] (3.25ns)   --->   "%store_ln60 = store i16 %curr_input_data_sub_data_0_V, i7 %local_mem_group_data_V_62_addr" [src/yolo_conv.cpp:60]   --->   Operation 201 'store' 'store_ln60' <Predicate = (p_cast_mid2 == 6 & select_ln1027_4 != 0 & select_ln1027_4 != 1)> <Delay = 3.25> <CoreInst = "RAM_1WnR">   --->   Core 83 'RAM_1WnR' <Latency = 1> <II = 1> <Delay = 3.25> <Storage> <Opcode : 'load' 'store'> <Ports = 17> <Width = 16> <Depth = 128> <RAM>
ST_4 : Operation 202 [1/1] (0.00ns)   --->   "%br_ln60 = br void %arrayidx7116.exit2123" [src/yolo_conv.cpp:60]   --->   Operation 202 'br' 'br_ln60' <Predicate = (p_cast_mid2 == 6 & select_ln1027_4 != 0 & select_ln1027_4 != 1)> <Delay = 0.00>
ST_4 : Operation 203 [1/1] (3.25ns)   --->   "%store_ln60 = store i16 %curr_input_data_sub_data_0_V, i7 %local_mem_group_data_V_49_addr" [src/yolo_conv.cpp:60]   --->   Operation 203 'store' 'store_ln60' <Predicate = (p_cast_mid2 == 5 & select_ln1027_4 == 1)> <Delay = 3.25> <CoreInst = "RAM_1WnR">   --->   Core 83 'RAM_1WnR' <Latency = 1> <II = 1> <Delay = 3.25> <Storage> <Opcode : 'load' 'store'> <Ports = 17> <Width = 16> <Depth = 128> <RAM>
ST_4 : Operation 204 [1/1] (0.00ns)   --->   "%br_ln60 = br void %arrayidx7116.exit2118" [src/yolo_conv.cpp:60]   --->   Operation 204 'br' 'br_ln60' <Predicate = (p_cast_mid2 == 5 & select_ln1027_4 == 1)> <Delay = 0.00>
ST_4 : Operation 205 [1/1] (3.25ns)   --->   "%store_ln60 = store i16 %curr_input_data_sub_data_0_V, i7 %local_mem_group_data_V_45_addr" [src/yolo_conv.cpp:60]   --->   Operation 205 'store' 'store_ln60' <Predicate = (p_cast_mid2 == 5 & select_ln1027_4 == 0)> <Delay = 3.25> <CoreInst = "RAM_1WnR">   --->   Core 83 'RAM_1WnR' <Latency = 1> <II = 1> <Delay = 3.25> <Storage> <Opcode : 'load' 'store'> <Ports = 17> <Width = 16> <Depth = 128> <RAM>
ST_4 : Operation 206 [1/1] (0.00ns)   --->   "%br_ln60 = br void %arrayidx7116.exit2118" [src/yolo_conv.cpp:60]   --->   Operation 206 'br' 'br_ln60' <Predicate = (p_cast_mid2 == 5 & select_ln1027_4 == 0)> <Delay = 0.00>
ST_4 : Operation 207 [1/1] (3.25ns)   --->   "%store_ln60 = store i16 %curr_input_data_sub_data_0_V, i7 %local_mem_group_data_V_53_addr" [src/yolo_conv.cpp:60]   --->   Operation 207 'store' 'store_ln60' <Predicate = (p_cast_mid2 == 5 & select_ln1027_4 != 0 & select_ln1027_4 != 1)> <Delay = 3.25> <CoreInst = "RAM_1WnR">   --->   Core 83 'RAM_1WnR' <Latency = 1> <II = 1> <Delay = 3.25> <Storage> <Opcode : 'load' 'store'> <Ports = 17> <Width = 16> <Depth = 128> <RAM>
ST_4 : Operation 208 [1/1] (0.00ns)   --->   "%br_ln60 = br void %arrayidx7116.exit2118" [src/yolo_conv.cpp:60]   --->   Operation 208 'br' 'br_ln60' <Predicate = (p_cast_mid2 == 5 & select_ln1027_4 != 0 & select_ln1027_4 != 1)> <Delay = 0.00>
ST_4 : Operation 209 [1/1] (3.25ns)   --->   "%store_ln60 = store i16 %curr_input_data_sub_data_0_V, i7 %local_mem_group_data_V_40_addr" [src/yolo_conv.cpp:60]   --->   Operation 209 'store' 'store_ln60' <Predicate = (p_cast_mid2 == 4 & select_ln1027_4 == 1)> <Delay = 3.25> <CoreInst = "RAM_1WnR">   --->   Core 83 'RAM_1WnR' <Latency = 1> <II = 1> <Delay = 3.25> <Storage> <Opcode : 'load' 'store'> <Ports = 17> <Width = 16> <Depth = 128> <RAM>
ST_4 : Operation 210 [1/1] (0.00ns)   --->   "%br_ln60 = br void %arrayidx7116.exit2113" [src/yolo_conv.cpp:60]   --->   Operation 210 'br' 'br_ln60' <Predicate = (p_cast_mid2 == 4 & select_ln1027_4 == 1)> <Delay = 0.00>
ST_4 : Operation 211 [1/1] (3.25ns)   --->   "%store_ln60 = store i16 %curr_input_data_sub_data_0_V, i7 %local_mem_group_data_V_36_addr" [src/yolo_conv.cpp:60]   --->   Operation 211 'store' 'store_ln60' <Predicate = (p_cast_mid2 == 4 & select_ln1027_4 == 0)> <Delay = 3.25> <CoreInst = "RAM_1WnR">   --->   Core 83 'RAM_1WnR' <Latency = 1> <II = 1> <Delay = 3.25> <Storage> <Opcode : 'load' 'store'> <Ports = 17> <Width = 16> <Depth = 128> <RAM>
ST_4 : Operation 212 [1/1] (0.00ns)   --->   "%br_ln60 = br void %arrayidx7116.exit2113" [src/yolo_conv.cpp:60]   --->   Operation 212 'br' 'br_ln60' <Predicate = (p_cast_mid2 == 4 & select_ln1027_4 == 0)> <Delay = 0.00>
ST_4 : Operation 213 [1/1] (3.25ns)   --->   "%store_ln60 = store i16 %curr_input_data_sub_data_0_V, i7 %local_mem_group_data_V_44_addr" [src/yolo_conv.cpp:60]   --->   Operation 213 'store' 'store_ln60' <Predicate = (p_cast_mid2 == 4 & select_ln1027_4 != 0 & select_ln1027_4 != 1)> <Delay = 3.25> <CoreInst = "RAM_1WnR">   --->   Core 83 'RAM_1WnR' <Latency = 1> <II = 1> <Delay = 3.25> <Storage> <Opcode : 'load' 'store'> <Ports = 17> <Width = 16> <Depth = 128> <RAM>
ST_4 : Operation 214 [1/1] (0.00ns)   --->   "%br_ln60 = br void %arrayidx7116.exit2113" [src/yolo_conv.cpp:60]   --->   Operation 214 'br' 'br_ln60' <Predicate = (p_cast_mid2 == 4 & select_ln1027_4 != 0 & select_ln1027_4 != 1)> <Delay = 0.00>
ST_4 : Operation 215 [1/1] (3.25ns)   --->   "%store_ln60 = store i16 %curr_input_data_sub_data_0_V, i7 %local_mem_group_data_V_31_addr" [src/yolo_conv.cpp:60]   --->   Operation 215 'store' 'store_ln60' <Predicate = (p_cast_mid2 == 3 & select_ln1027_4 == 1)> <Delay = 3.25> <CoreInst = "RAM_1WnR">   --->   Core 83 'RAM_1WnR' <Latency = 1> <II = 1> <Delay = 3.25> <Storage> <Opcode : 'load' 'store'> <Ports = 17> <Width = 16> <Depth = 128> <RAM>
ST_4 : Operation 216 [1/1] (0.00ns)   --->   "%br_ln60 = br void %arrayidx7116.exit2108" [src/yolo_conv.cpp:60]   --->   Operation 216 'br' 'br_ln60' <Predicate = (p_cast_mid2 == 3 & select_ln1027_4 == 1)> <Delay = 0.00>
ST_4 : Operation 217 [1/1] (3.25ns)   --->   "%store_ln60 = store i16 %curr_input_data_sub_data_0_V, i7 %local_mem_group_data_V_27_addr" [src/yolo_conv.cpp:60]   --->   Operation 217 'store' 'store_ln60' <Predicate = (p_cast_mid2 == 3 & select_ln1027_4 == 0)> <Delay = 3.25> <CoreInst = "RAM_1WnR">   --->   Core 83 'RAM_1WnR' <Latency = 1> <II = 1> <Delay = 3.25> <Storage> <Opcode : 'load' 'store'> <Ports = 17> <Width = 16> <Depth = 128> <RAM>
ST_4 : Operation 218 [1/1] (0.00ns)   --->   "%br_ln60 = br void %arrayidx7116.exit2108" [src/yolo_conv.cpp:60]   --->   Operation 218 'br' 'br_ln60' <Predicate = (p_cast_mid2 == 3 & select_ln1027_4 == 0)> <Delay = 0.00>
ST_4 : Operation 219 [1/1] (3.25ns)   --->   "%store_ln60 = store i16 %curr_input_data_sub_data_0_V, i7 %local_mem_group_data_V_35_addr" [src/yolo_conv.cpp:60]   --->   Operation 219 'store' 'store_ln60' <Predicate = (p_cast_mid2 == 3 & select_ln1027_4 != 0 & select_ln1027_4 != 1)> <Delay = 3.25> <CoreInst = "RAM_1WnR">   --->   Core 83 'RAM_1WnR' <Latency = 1> <II = 1> <Delay = 3.25> <Storage> <Opcode : 'load' 'store'> <Ports = 17> <Width = 16> <Depth = 128> <RAM>
ST_4 : Operation 220 [1/1] (0.00ns)   --->   "%br_ln60 = br void %arrayidx7116.exit2108" [src/yolo_conv.cpp:60]   --->   Operation 220 'br' 'br_ln60' <Predicate = (p_cast_mid2 == 3 & select_ln1027_4 != 0 & select_ln1027_4 != 1)> <Delay = 0.00>
ST_4 : Operation 221 [1/1] (3.25ns)   --->   "%store_ln60 = store i16 %curr_input_data_sub_data_0_V, i7 %local_mem_group_data_V_22_addr" [src/yolo_conv.cpp:60]   --->   Operation 221 'store' 'store_ln60' <Predicate = (p_cast_mid2 == 2 & select_ln1027_4 == 1)> <Delay = 3.25> <CoreInst = "RAM_1WnR">   --->   Core 83 'RAM_1WnR' <Latency = 1> <II = 1> <Delay = 3.25> <Storage> <Opcode : 'load' 'store'> <Ports = 17> <Width = 16> <Depth = 128> <RAM>
ST_4 : Operation 222 [1/1] (0.00ns)   --->   "%br_ln60 = br void %arrayidx7116.exit2103" [src/yolo_conv.cpp:60]   --->   Operation 222 'br' 'br_ln60' <Predicate = (p_cast_mid2 == 2 & select_ln1027_4 == 1)> <Delay = 0.00>
ST_4 : Operation 223 [1/1] (3.25ns)   --->   "%store_ln60 = store i16 %curr_input_data_sub_data_0_V, i7 %local_mem_group_data_V_18_addr" [src/yolo_conv.cpp:60]   --->   Operation 223 'store' 'store_ln60' <Predicate = (p_cast_mid2 == 2 & select_ln1027_4 == 0)> <Delay = 3.25> <CoreInst = "RAM_1WnR">   --->   Core 83 'RAM_1WnR' <Latency = 1> <II = 1> <Delay = 3.25> <Storage> <Opcode : 'load' 'store'> <Ports = 17> <Width = 16> <Depth = 128> <RAM>
ST_4 : Operation 224 [1/1] (0.00ns)   --->   "%br_ln60 = br void %arrayidx7116.exit2103" [src/yolo_conv.cpp:60]   --->   Operation 224 'br' 'br_ln60' <Predicate = (p_cast_mid2 == 2 & select_ln1027_4 == 0)> <Delay = 0.00>
ST_4 : Operation 225 [1/1] (3.25ns)   --->   "%store_ln60 = store i16 %curr_input_data_sub_data_0_V, i7 %local_mem_group_data_V_26_addr" [src/yolo_conv.cpp:60]   --->   Operation 225 'store' 'store_ln60' <Predicate = (p_cast_mid2 == 2 & select_ln1027_4 != 0 & select_ln1027_4 != 1)> <Delay = 3.25> <CoreInst = "RAM_1WnR">   --->   Core 83 'RAM_1WnR' <Latency = 1> <II = 1> <Delay = 3.25> <Storage> <Opcode : 'load' 'store'> <Ports = 17> <Width = 16> <Depth = 128> <RAM>
ST_4 : Operation 226 [1/1] (0.00ns)   --->   "%br_ln60 = br void %arrayidx7116.exit2103" [src/yolo_conv.cpp:60]   --->   Operation 226 'br' 'br_ln60' <Predicate = (p_cast_mid2 == 2 & select_ln1027_4 != 0 & select_ln1027_4 != 1)> <Delay = 0.00>
ST_4 : Operation 227 [1/1] (3.25ns)   --->   "%store_ln60 = store i16 %curr_input_data_sub_data_0_V, i7 %local_mem_group_data_V_13_addr" [src/yolo_conv.cpp:60]   --->   Operation 227 'store' 'store_ln60' <Predicate = (p_cast_mid2 == 1 & select_ln1027_4 == 1)> <Delay = 3.25> <CoreInst = "RAM_1WnR">   --->   Core 83 'RAM_1WnR' <Latency = 1> <II = 1> <Delay = 3.25> <Storage> <Opcode : 'load' 'store'> <Ports = 17> <Width = 16> <Depth = 128> <RAM>
ST_4 : Operation 228 [1/1] (0.00ns)   --->   "%br_ln60 = br void %arrayidx7116.exit2098" [src/yolo_conv.cpp:60]   --->   Operation 228 'br' 'br_ln60' <Predicate = (p_cast_mid2 == 1 & select_ln1027_4 == 1)> <Delay = 0.00>
ST_4 : Operation 229 [1/1] (3.25ns)   --->   "%store_ln60 = store i16 %curr_input_data_sub_data_0_V, i7 %local_mem_group_data_V_9_addr" [src/yolo_conv.cpp:60]   --->   Operation 229 'store' 'store_ln60' <Predicate = (p_cast_mid2 == 1 & select_ln1027_4 == 0)> <Delay = 3.25> <CoreInst = "RAM_1WnR">   --->   Core 83 'RAM_1WnR' <Latency = 1> <II = 1> <Delay = 3.25> <Storage> <Opcode : 'load' 'store'> <Ports = 17> <Width = 16> <Depth = 128> <RAM>
ST_4 : Operation 230 [1/1] (0.00ns)   --->   "%br_ln60 = br void %arrayidx7116.exit2098" [src/yolo_conv.cpp:60]   --->   Operation 230 'br' 'br_ln60' <Predicate = (p_cast_mid2 == 1 & select_ln1027_4 == 0)> <Delay = 0.00>
ST_4 : Operation 231 [1/1] (3.25ns)   --->   "%store_ln60 = store i16 %curr_input_data_sub_data_0_V, i7 %local_mem_group_data_V_17_addr" [src/yolo_conv.cpp:60]   --->   Operation 231 'store' 'store_ln60' <Predicate = (p_cast_mid2 == 1 & select_ln1027_4 != 0 & select_ln1027_4 != 1)> <Delay = 3.25> <CoreInst = "RAM_1WnR">   --->   Core 83 'RAM_1WnR' <Latency = 1> <II = 1> <Delay = 3.25> <Storage> <Opcode : 'load' 'store'> <Ports = 17> <Width = 16> <Depth = 128> <RAM>
ST_4 : Operation 232 [1/1] (0.00ns)   --->   "%br_ln60 = br void %arrayidx7116.exit2098" [src/yolo_conv.cpp:60]   --->   Operation 232 'br' 'br_ln60' <Predicate = (p_cast_mid2 == 1 & select_ln1027_4 != 0 & select_ln1027_4 != 1)> <Delay = 0.00>
ST_4 : Operation 233 [1/1] (3.25ns)   --->   "%store_ln60 = store i16 %curr_input_data_sub_data_0_V, i7 %local_mem_group_data_V_4_addr" [src/yolo_conv.cpp:60]   --->   Operation 233 'store' 'store_ln60' <Predicate = (p_cast_mid2 == 0 & select_ln1027_4 == 1)> <Delay = 3.25> <CoreInst = "RAM_1WnR">   --->   Core 83 'RAM_1WnR' <Latency = 1> <II = 1> <Delay = 3.25> <Storage> <Opcode : 'load' 'store'> <Ports = 17> <Width = 16> <Depth = 128> <RAM>
ST_4 : Operation 234 [1/1] (0.00ns)   --->   "%br_ln60 = br void %arrayidx7116.exit2094" [src/yolo_conv.cpp:60]   --->   Operation 234 'br' 'br_ln60' <Predicate = (p_cast_mid2 == 0 & select_ln1027_4 == 1)> <Delay = 0.00>
ST_4 : Operation 235 [1/1] (3.25ns)   --->   "%store_ln60 = store i16 %curr_input_data_sub_data_0_V, i7 %local_mem_group_data_V_addr" [src/yolo_conv.cpp:60]   --->   Operation 235 'store' 'store_ln60' <Predicate = (p_cast_mid2 == 0 & select_ln1027_4 == 0)> <Delay = 3.25> <CoreInst = "RAM_1WnR">   --->   Core 83 'RAM_1WnR' <Latency = 1> <II = 1> <Delay = 3.25> <Storage> <Opcode : 'load' 'store'> <Ports = 17> <Width = 16> <Depth = 128> <RAM>
ST_4 : Operation 236 [1/1] (0.00ns)   --->   "%br_ln60 = br void %arrayidx7116.exit2094" [src/yolo_conv.cpp:60]   --->   Operation 236 'br' 'br_ln60' <Predicate = (p_cast_mid2 == 0 & select_ln1027_4 == 0)> <Delay = 0.00>
ST_4 : Operation 237 [1/1] (3.25ns)   --->   "%store_ln60 = store i16 %curr_input_data_sub_data_0_V, i7 %local_mem_group_data_V_8_addr" [src/yolo_conv.cpp:60]   --->   Operation 237 'store' 'store_ln60' <Predicate = (p_cast_mid2 == 0 & select_ln1027_4 != 0 & select_ln1027_4 != 1)> <Delay = 3.25> <CoreInst = "RAM_1WnR">   --->   Core 83 'RAM_1WnR' <Latency = 1> <II = 1> <Delay = 3.25> <Storage> <Opcode : 'load' 'store'> <Ports = 17> <Width = 16> <Depth = 128> <RAM>
ST_4 : Operation 238 [1/1] (0.00ns)   --->   "%br_ln60 = br void %arrayidx7116.exit2094" [src/yolo_conv.cpp:60]   --->   Operation 238 'br' 'br_ln60' <Predicate = (p_cast_mid2 == 0 & select_ln1027_4 != 0 & select_ln1027_4 != 1)> <Delay = 0.00>
ST_4 : Operation 239 [1/1] (3.25ns)   --->   "%store_ln60 = store i16 %curr_input_data_sub_data_0_V, i7 %local_mem_group_data_V_67_addr" [src/yolo_conv.cpp:60]   --->   Operation 239 'store' 'store_ln60' <Predicate = (p_cast_mid2 == 7 & select_ln1027_4 == 1)> <Delay = 3.25> <CoreInst = "RAM_1WnR">   --->   Core 83 'RAM_1WnR' <Latency = 1> <II = 1> <Delay = 3.25> <Storage> <Opcode : 'load' 'store'> <Ports = 17> <Width = 16> <Depth = 128> <RAM>
ST_4 : Operation 240 [1/1] (0.00ns)   --->   "%br_ln60 = br void %arrayidx7116.exit2128" [src/yolo_conv.cpp:60]   --->   Operation 240 'br' 'br_ln60' <Predicate = (p_cast_mid2 == 7 & select_ln1027_4 == 1)> <Delay = 0.00>
ST_4 : Operation 241 [1/1] (3.25ns)   --->   "%store_ln60 = store i16 %curr_input_data_sub_data_0_V, i7 %local_mem_group_data_V_63_addr" [src/yolo_conv.cpp:60]   --->   Operation 241 'store' 'store_ln60' <Predicate = (p_cast_mid2 == 7 & select_ln1027_4 == 0)> <Delay = 3.25> <CoreInst = "RAM_1WnR">   --->   Core 83 'RAM_1WnR' <Latency = 1> <II = 1> <Delay = 3.25> <Storage> <Opcode : 'load' 'store'> <Ports = 17> <Width = 16> <Depth = 128> <RAM>
ST_4 : Operation 242 [1/1] (0.00ns)   --->   "%br_ln60 = br void %arrayidx7116.exit2128" [src/yolo_conv.cpp:60]   --->   Operation 242 'br' 'br_ln60' <Predicate = (p_cast_mid2 == 7 & select_ln1027_4 == 0)> <Delay = 0.00>
ST_4 : Operation 243 [1/1] (3.25ns)   --->   "%store_ln60 = store i16 %curr_input_data_sub_data_0_V, i7 %local_mem_group_data_V_71_addr" [src/yolo_conv.cpp:60]   --->   Operation 243 'store' 'store_ln60' <Predicate = (p_cast_mid2 == 7 & select_ln1027_4 != 0 & select_ln1027_4 != 1)> <Delay = 3.25> <CoreInst = "RAM_1WnR">   --->   Core 83 'RAM_1WnR' <Latency = 1> <II = 1> <Delay = 3.25> <Storage> <Opcode : 'load' 'store'> <Ports = 17> <Width = 16> <Depth = 128> <RAM>
ST_4 : Operation 244 [1/1] (0.00ns)   --->   "%br_ln60 = br void %arrayidx7116.exit2128" [src/yolo_conv.cpp:60]   --->   Operation 244 'br' 'br_ln60' <Predicate = (p_cast_mid2 == 7 & select_ln1027_4 != 0 & select_ln1027_4 != 1)> <Delay = 0.00>
ST_4 : Operation 245 [1/1] (3.25ns)   --->   "%store_ln63 = store i16 %curr_input_data_sub_data_1_V, i7 %local_mem_group_data_V_59_addr" [src/yolo_conv.cpp:63]   --->   Operation 245 'store' 'store_ln63' <Predicate = (p_cast_mid2 == 6 & !icmp_ln61 & !icmp_ln63)> <Delay = 3.25> <CoreInst = "RAM_1WnR">   --->   Core 83 'RAM_1WnR' <Latency = 1> <II = 1> <Delay = 3.25> <Storage> <Opcode : 'load' 'store'> <Ports = 17> <Width = 16> <Depth = 128> <RAM>
ST_4 : Operation 246 [1/1] (3.25ns)   --->   "%store_ln64 = store i16 %curr_input_data_sub_data_2_V, i7 %local_mem_group_data_V_60_addr" [src/yolo_conv.cpp:64]   --->   Operation 246 'store' 'store_ln64' <Predicate = (p_cast_mid2 == 6 & !icmp_ln61 & !icmp_ln63)> <Delay = 3.25> <CoreInst = "RAM_1WnR">   --->   Core 83 'RAM_1WnR' <Latency = 1> <II = 1> <Delay = 3.25> <Storage> <Opcode : 'load' 'store'> <Ports = 17> <Width = 16> <Depth = 128> <RAM>
ST_4 : Operation 247 [1/1] (3.25ns)   --->   "%store_ln65 = store i16 %curr_input_data_sub_data_3_V, i7 %local_mem_group_data_V_61_addr" [src/yolo_conv.cpp:65]   --->   Operation 247 'store' 'store_ln65' <Predicate = (p_cast_mid2 == 6 & !icmp_ln61 & !icmp_ln63)> <Delay = 3.25> <CoreInst = "RAM_1WnR">   --->   Core 83 'RAM_1WnR' <Latency = 1> <II = 1> <Delay = 3.25> <Storage> <Opcode : 'load' 'store'> <Ports = 17> <Width = 16> <Depth = 128> <RAM>
ST_4 : Operation 248 [1/1] (0.00ns)   --->   "%br_ln65 = br void %arrayidx10028.exit2221" [src/yolo_conv.cpp:65]   --->   Operation 248 'br' 'br_ln65' <Predicate = (p_cast_mid2 == 6 & !icmp_ln61 & !icmp_ln63)> <Delay = 0.00>
ST_4 : Operation 249 [1/1] (3.25ns)   --->   "%store_ln63 = store i16 %curr_input_data_sub_data_1_V, i7 %local_mem_group_data_V_55_addr" [src/yolo_conv.cpp:63]   --->   Operation 249 'store' 'store_ln63' <Predicate = (p_cast_mid2 == 6 & !icmp_ln61 & icmp_ln63)> <Delay = 3.25> <CoreInst = "RAM_1WnR">   --->   Core 83 'RAM_1WnR' <Latency = 1> <II = 1> <Delay = 3.25> <Storage> <Opcode : 'load' 'store'> <Ports = 17> <Width = 16> <Depth = 128> <RAM>
ST_4 : Operation 250 [1/1] (3.25ns)   --->   "%store_ln64 = store i16 %curr_input_data_sub_data_2_V, i7 %local_mem_group_data_V_56_addr" [src/yolo_conv.cpp:64]   --->   Operation 250 'store' 'store_ln64' <Predicate = (p_cast_mid2 == 6 & !icmp_ln61 & icmp_ln63)> <Delay = 3.25> <CoreInst = "RAM_1WnR">   --->   Core 83 'RAM_1WnR' <Latency = 1> <II = 1> <Delay = 3.25> <Storage> <Opcode : 'load' 'store'> <Ports = 17> <Width = 16> <Depth = 128> <RAM>
ST_4 : Operation 251 [1/1] (3.25ns)   --->   "%store_ln65 = store i16 %curr_input_data_sub_data_3_V, i7 %local_mem_group_data_V_57_addr" [src/yolo_conv.cpp:65]   --->   Operation 251 'store' 'store_ln65' <Predicate = (p_cast_mid2 == 6 & !icmp_ln61 & icmp_ln63)> <Delay = 3.25> <CoreInst = "RAM_1WnR">   --->   Core 83 'RAM_1WnR' <Latency = 1> <II = 1> <Delay = 3.25> <Storage> <Opcode : 'load' 'store'> <Ports = 17> <Width = 16> <Depth = 128> <RAM>
ST_4 : Operation 252 [1/1] (0.00ns)   --->   "%br_ln65 = br void %arrayidx10028.exit2221" [src/yolo_conv.cpp:65]   --->   Operation 252 'br' 'br_ln65' <Predicate = (p_cast_mid2 == 6 & !icmp_ln61 & icmp_ln63)> <Delay = 0.00>
ST_4 : Operation 253 [1/1] (3.25ns)   --->   "%store_ln63 = store i16 %curr_input_data_sub_data_1_V, i7 %local_mem_group_data_V_50_addr" [src/yolo_conv.cpp:63]   --->   Operation 253 'store' 'store_ln63' <Predicate = (p_cast_mid2 == 5 & !icmp_ln61 & !icmp_ln63)> <Delay = 3.25> <CoreInst = "RAM_1WnR">   --->   Core 83 'RAM_1WnR' <Latency = 1> <II = 1> <Delay = 3.25> <Storage> <Opcode : 'load' 'store'> <Ports = 17> <Width = 16> <Depth = 128> <RAM>
ST_4 : Operation 254 [1/1] (3.25ns)   --->   "%store_ln64 = store i16 %curr_input_data_sub_data_2_V, i7 %local_mem_group_data_V_51_addr" [src/yolo_conv.cpp:64]   --->   Operation 254 'store' 'store_ln64' <Predicate = (p_cast_mid2 == 5 & !icmp_ln61 & !icmp_ln63)> <Delay = 3.25> <CoreInst = "RAM_1WnR">   --->   Core 83 'RAM_1WnR' <Latency = 1> <II = 1> <Delay = 3.25> <Storage> <Opcode : 'load' 'store'> <Ports = 17> <Width = 16> <Depth = 128> <RAM>
ST_4 : Operation 255 [1/1] (3.25ns)   --->   "%store_ln65 = store i16 %curr_input_data_sub_data_3_V, i7 %local_mem_group_data_V_52_addr" [src/yolo_conv.cpp:65]   --->   Operation 255 'store' 'store_ln65' <Predicate = (p_cast_mid2 == 5 & !icmp_ln61 & !icmp_ln63)> <Delay = 3.25> <CoreInst = "RAM_1WnR">   --->   Core 83 'RAM_1WnR' <Latency = 1> <II = 1> <Delay = 3.25> <Storage> <Opcode : 'load' 'store'> <Ports = 17> <Width = 16> <Depth = 128> <RAM>
ST_4 : Operation 256 [1/1] (0.00ns)   --->   "%br_ln65 = br void %arrayidx10028.exit2217" [src/yolo_conv.cpp:65]   --->   Operation 256 'br' 'br_ln65' <Predicate = (p_cast_mid2 == 5 & !icmp_ln61 & !icmp_ln63)> <Delay = 0.00>
ST_4 : Operation 257 [1/1] (3.25ns)   --->   "%store_ln63 = store i16 %curr_input_data_sub_data_1_V, i7 %local_mem_group_data_V_46_addr" [src/yolo_conv.cpp:63]   --->   Operation 257 'store' 'store_ln63' <Predicate = (p_cast_mid2 == 5 & !icmp_ln61 & icmp_ln63)> <Delay = 3.25> <CoreInst = "RAM_1WnR">   --->   Core 83 'RAM_1WnR' <Latency = 1> <II = 1> <Delay = 3.25> <Storage> <Opcode : 'load' 'store'> <Ports = 17> <Width = 16> <Depth = 128> <RAM>
ST_4 : Operation 258 [1/1] (3.25ns)   --->   "%store_ln64 = store i16 %curr_input_data_sub_data_2_V, i7 %local_mem_group_data_V_47_addr" [src/yolo_conv.cpp:64]   --->   Operation 258 'store' 'store_ln64' <Predicate = (p_cast_mid2 == 5 & !icmp_ln61 & icmp_ln63)> <Delay = 3.25> <CoreInst = "RAM_1WnR">   --->   Core 83 'RAM_1WnR' <Latency = 1> <II = 1> <Delay = 3.25> <Storage> <Opcode : 'load' 'store'> <Ports = 17> <Width = 16> <Depth = 128> <RAM>
ST_4 : Operation 259 [1/1] (3.25ns)   --->   "%store_ln65 = store i16 %curr_input_data_sub_data_3_V, i7 %local_mem_group_data_V_48_addr" [src/yolo_conv.cpp:65]   --->   Operation 259 'store' 'store_ln65' <Predicate = (p_cast_mid2 == 5 & !icmp_ln61 & icmp_ln63)> <Delay = 3.25> <CoreInst = "RAM_1WnR">   --->   Core 83 'RAM_1WnR' <Latency = 1> <II = 1> <Delay = 3.25> <Storage> <Opcode : 'load' 'store'> <Ports = 17> <Width = 16> <Depth = 128> <RAM>
ST_4 : Operation 260 [1/1] (0.00ns)   --->   "%br_ln65 = br void %arrayidx10028.exit2217" [src/yolo_conv.cpp:65]   --->   Operation 260 'br' 'br_ln65' <Predicate = (p_cast_mid2 == 5 & !icmp_ln61 & icmp_ln63)> <Delay = 0.00>
ST_4 : Operation 261 [1/1] (3.25ns)   --->   "%store_ln63 = store i16 %curr_input_data_sub_data_1_V, i7 %local_mem_group_data_V_41_addr" [src/yolo_conv.cpp:63]   --->   Operation 261 'store' 'store_ln63' <Predicate = (p_cast_mid2 == 4 & !icmp_ln61 & !icmp_ln63)> <Delay = 3.25> <CoreInst = "RAM_1WnR">   --->   Core 83 'RAM_1WnR' <Latency = 1> <II = 1> <Delay = 3.25> <Storage> <Opcode : 'load' 'store'> <Ports = 17> <Width = 16> <Depth = 128> <RAM>
ST_4 : Operation 262 [1/1] (3.25ns)   --->   "%store_ln64 = store i16 %curr_input_data_sub_data_2_V, i7 %local_mem_group_data_V_42_addr" [src/yolo_conv.cpp:64]   --->   Operation 262 'store' 'store_ln64' <Predicate = (p_cast_mid2 == 4 & !icmp_ln61 & !icmp_ln63)> <Delay = 3.25> <CoreInst = "RAM_1WnR">   --->   Core 83 'RAM_1WnR' <Latency = 1> <II = 1> <Delay = 3.25> <Storage> <Opcode : 'load' 'store'> <Ports = 17> <Width = 16> <Depth = 128> <RAM>
ST_4 : Operation 263 [1/1] (3.25ns)   --->   "%store_ln65 = store i16 %curr_input_data_sub_data_3_V, i7 %local_mem_group_data_V_43_addr" [src/yolo_conv.cpp:65]   --->   Operation 263 'store' 'store_ln65' <Predicate = (p_cast_mid2 == 4 & !icmp_ln61 & !icmp_ln63)> <Delay = 3.25> <CoreInst = "RAM_1WnR">   --->   Core 83 'RAM_1WnR' <Latency = 1> <II = 1> <Delay = 3.25> <Storage> <Opcode : 'load' 'store'> <Ports = 17> <Width = 16> <Depth = 128> <RAM>
ST_4 : Operation 264 [1/1] (0.00ns)   --->   "%br_ln65 = br void %arrayidx10028.exit2213" [src/yolo_conv.cpp:65]   --->   Operation 264 'br' 'br_ln65' <Predicate = (p_cast_mid2 == 4 & !icmp_ln61 & !icmp_ln63)> <Delay = 0.00>
ST_4 : Operation 265 [1/1] (3.25ns)   --->   "%store_ln63 = store i16 %curr_input_data_sub_data_1_V, i7 %local_mem_group_data_V_37_addr" [src/yolo_conv.cpp:63]   --->   Operation 265 'store' 'store_ln63' <Predicate = (p_cast_mid2 == 4 & !icmp_ln61 & icmp_ln63)> <Delay = 3.25> <CoreInst = "RAM_1WnR">   --->   Core 83 'RAM_1WnR' <Latency = 1> <II = 1> <Delay = 3.25> <Storage> <Opcode : 'load' 'store'> <Ports = 17> <Width = 16> <Depth = 128> <RAM>
ST_4 : Operation 266 [1/1] (3.25ns)   --->   "%store_ln64 = store i16 %curr_input_data_sub_data_2_V, i7 %local_mem_group_data_V_38_addr" [src/yolo_conv.cpp:64]   --->   Operation 266 'store' 'store_ln64' <Predicate = (p_cast_mid2 == 4 & !icmp_ln61 & icmp_ln63)> <Delay = 3.25> <CoreInst = "RAM_1WnR">   --->   Core 83 'RAM_1WnR' <Latency = 1> <II = 1> <Delay = 3.25> <Storage> <Opcode : 'load' 'store'> <Ports = 17> <Width = 16> <Depth = 128> <RAM>
ST_4 : Operation 267 [1/1] (3.25ns)   --->   "%store_ln65 = store i16 %curr_input_data_sub_data_3_V, i7 %local_mem_group_data_V_39_addr" [src/yolo_conv.cpp:65]   --->   Operation 267 'store' 'store_ln65' <Predicate = (p_cast_mid2 == 4 & !icmp_ln61 & icmp_ln63)> <Delay = 3.25> <CoreInst = "RAM_1WnR">   --->   Core 83 'RAM_1WnR' <Latency = 1> <II = 1> <Delay = 3.25> <Storage> <Opcode : 'load' 'store'> <Ports = 17> <Width = 16> <Depth = 128> <RAM>
ST_4 : Operation 268 [1/1] (0.00ns)   --->   "%br_ln65 = br void %arrayidx10028.exit2213" [src/yolo_conv.cpp:65]   --->   Operation 268 'br' 'br_ln65' <Predicate = (p_cast_mid2 == 4 & !icmp_ln61 & icmp_ln63)> <Delay = 0.00>
ST_4 : Operation 269 [1/1] (3.25ns)   --->   "%store_ln63 = store i16 %curr_input_data_sub_data_1_V, i7 %local_mem_group_data_V_32_addr" [src/yolo_conv.cpp:63]   --->   Operation 269 'store' 'store_ln63' <Predicate = (p_cast_mid2 == 3 & !icmp_ln61 & !icmp_ln63)> <Delay = 3.25> <CoreInst = "RAM_1WnR">   --->   Core 83 'RAM_1WnR' <Latency = 1> <II = 1> <Delay = 3.25> <Storage> <Opcode : 'load' 'store'> <Ports = 17> <Width = 16> <Depth = 128> <RAM>
ST_4 : Operation 270 [1/1] (3.25ns)   --->   "%store_ln64 = store i16 %curr_input_data_sub_data_2_V, i7 %local_mem_group_data_V_33_addr" [src/yolo_conv.cpp:64]   --->   Operation 270 'store' 'store_ln64' <Predicate = (p_cast_mid2 == 3 & !icmp_ln61 & !icmp_ln63)> <Delay = 3.25> <CoreInst = "RAM_1WnR">   --->   Core 83 'RAM_1WnR' <Latency = 1> <II = 1> <Delay = 3.25> <Storage> <Opcode : 'load' 'store'> <Ports = 17> <Width = 16> <Depth = 128> <RAM>
ST_4 : Operation 271 [1/1] (3.25ns)   --->   "%store_ln65 = store i16 %curr_input_data_sub_data_3_V, i7 %local_mem_group_data_V_34_addr" [src/yolo_conv.cpp:65]   --->   Operation 271 'store' 'store_ln65' <Predicate = (p_cast_mid2 == 3 & !icmp_ln61 & !icmp_ln63)> <Delay = 3.25> <CoreInst = "RAM_1WnR">   --->   Core 83 'RAM_1WnR' <Latency = 1> <II = 1> <Delay = 3.25> <Storage> <Opcode : 'load' 'store'> <Ports = 17> <Width = 16> <Depth = 128> <RAM>
ST_4 : Operation 272 [1/1] (0.00ns)   --->   "%br_ln65 = br void %arrayidx10028.exit2209" [src/yolo_conv.cpp:65]   --->   Operation 272 'br' 'br_ln65' <Predicate = (p_cast_mid2 == 3 & !icmp_ln61 & !icmp_ln63)> <Delay = 0.00>
ST_4 : Operation 273 [1/1] (3.25ns)   --->   "%store_ln63 = store i16 %curr_input_data_sub_data_1_V, i7 %local_mem_group_data_V_28_addr" [src/yolo_conv.cpp:63]   --->   Operation 273 'store' 'store_ln63' <Predicate = (p_cast_mid2 == 3 & !icmp_ln61 & icmp_ln63)> <Delay = 3.25> <CoreInst = "RAM_1WnR">   --->   Core 83 'RAM_1WnR' <Latency = 1> <II = 1> <Delay = 3.25> <Storage> <Opcode : 'load' 'store'> <Ports = 17> <Width = 16> <Depth = 128> <RAM>
ST_4 : Operation 274 [1/1] (3.25ns)   --->   "%store_ln64 = store i16 %curr_input_data_sub_data_2_V, i7 %local_mem_group_data_V_29_addr" [src/yolo_conv.cpp:64]   --->   Operation 274 'store' 'store_ln64' <Predicate = (p_cast_mid2 == 3 & !icmp_ln61 & icmp_ln63)> <Delay = 3.25> <CoreInst = "RAM_1WnR">   --->   Core 83 'RAM_1WnR' <Latency = 1> <II = 1> <Delay = 3.25> <Storage> <Opcode : 'load' 'store'> <Ports = 17> <Width = 16> <Depth = 128> <RAM>
ST_4 : Operation 275 [1/1] (3.25ns)   --->   "%store_ln65 = store i16 %curr_input_data_sub_data_3_V, i7 %local_mem_group_data_V_30_addr" [src/yolo_conv.cpp:65]   --->   Operation 275 'store' 'store_ln65' <Predicate = (p_cast_mid2 == 3 & !icmp_ln61 & icmp_ln63)> <Delay = 3.25> <CoreInst = "RAM_1WnR">   --->   Core 83 'RAM_1WnR' <Latency = 1> <II = 1> <Delay = 3.25> <Storage> <Opcode : 'load' 'store'> <Ports = 17> <Width = 16> <Depth = 128> <RAM>
ST_4 : Operation 276 [1/1] (0.00ns)   --->   "%br_ln65 = br void %arrayidx10028.exit2209" [src/yolo_conv.cpp:65]   --->   Operation 276 'br' 'br_ln65' <Predicate = (p_cast_mid2 == 3 & !icmp_ln61 & icmp_ln63)> <Delay = 0.00>
ST_4 : Operation 277 [1/1] (3.25ns)   --->   "%store_ln63 = store i16 %curr_input_data_sub_data_1_V, i7 %local_mem_group_data_V_23_addr" [src/yolo_conv.cpp:63]   --->   Operation 277 'store' 'store_ln63' <Predicate = (p_cast_mid2 == 2 & !icmp_ln61 & !icmp_ln63)> <Delay = 3.25> <CoreInst = "RAM_1WnR">   --->   Core 83 'RAM_1WnR' <Latency = 1> <II = 1> <Delay = 3.25> <Storage> <Opcode : 'load' 'store'> <Ports = 17> <Width = 16> <Depth = 128> <RAM>
ST_4 : Operation 278 [1/1] (3.25ns)   --->   "%store_ln64 = store i16 %curr_input_data_sub_data_2_V, i7 %local_mem_group_data_V_24_addr" [src/yolo_conv.cpp:64]   --->   Operation 278 'store' 'store_ln64' <Predicate = (p_cast_mid2 == 2 & !icmp_ln61 & !icmp_ln63)> <Delay = 3.25> <CoreInst = "RAM_1WnR">   --->   Core 83 'RAM_1WnR' <Latency = 1> <II = 1> <Delay = 3.25> <Storage> <Opcode : 'load' 'store'> <Ports = 17> <Width = 16> <Depth = 128> <RAM>
ST_4 : Operation 279 [1/1] (3.25ns)   --->   "%store_ln65 = store i16 %curr_input_data_sub_data_3_V, i7 %local_mem_group_data_V_25_addr" [src/yolo_conv.cpp:65]   --->   Operation 279 'store' 'store_ln65' <Predicate = (p_cast_mid2 == 2 & !icmp_ln61 & !icmp_ln63)> <Delay = 3.25> <CoreInst = "RAM_1WnR">   --->   Core 83 'RAM_1WnR' <Latency = 1> <II = 1> <Delay = 3.25> <Storage> <Opcode : 'load' 'store'> <Ports = 17> <Width = 16> <Depth = 128> <RAM>
ST_4 : Operation 280 [1/1] (0.00ns)   --->   "%br_ln65 = br void %arrayidx10028.exit2205" [src/yolo_conv.cpp:65]   --->   Operation 280 'br' 'br_ln65' <Predicate = (p_cast_mid2 == 2 & !icmp_ln61 & !icmp_ln63)> <Delay = 0.00>
ST_4 : Operation 281 [1/1] (3.25ns)   --->   "%store_ln63 = store i16 %curr_input_data_sub_data_1_V, i7 %local_mem_group_data_V_19_addr" [src/yolo_conv.cpp:63]   --->   Operation 281 'store' 'store_ln63' <Predicate = (p_cast_mid2 == 2 & !icmp_ln61 & icmp_ln63)> <Delay = 3.25> <CoreInst = "RAM_1WnR">   --->   Core 83 'RAM_1WnR' <Latency = 1> <II = 1> <Delay = 3.25> <Storage> <Opcode : 'load' 'store'> <Ports = 17> <Width = 16> <Depth = 128> <RAM>
ST_4 : Operation 282 [1/1] (3.25ns)   --->   "%store_ln64 = store i16 %curr_input_data_sub_data_2_V, i7 %local_mem_group_data_V_20_addr" [src/yolo_conv.cpp:64]   --->   Operation 282 'store' 'store_ln64' <Predicate = (p_cast_mid2 == 2 & !icmp_ln61 & icmp_ln63)> <Delay = 3.25> <CoreInst = "RAM_1WnR">   --->   Core 83 'RAM_1WnR' <Latency = 1> <II = 1> <Delay = 3.25> <Storage> <Opcode : 'load' 'store'> <Ports = 17> <Width = 16> <Depth = 128> <RAM>
ST_4 : Operation 283 [1/1] (3.25ns)   --->   "%store_ln65 = store i16 %curr_input_data_sub_data_3_V, i7 %local_mem_group_data_V_21_addr" [src/yolo_conv.cpp:65]   --->   Operation 283 'store' 'store_ln65' <Predicate = (p_cast_mid2 == 2 & !icmp_ln61 & icmp_ln63)> <Delay = 3.25> <CoreInst = "RAM_1WnR">   --->   Core 83 'RAM_1WnR' <Latency = 1> <II = 1> <Delay = 3.25> <Storage> <Opcode : 'load' 'store'> <Ports = 17> <Width = 16> <Depth = 128> <RAM>
ST_4 : Operation 284 [1/1] (0.00ns)   --->   "%br_ln65 = br void %arrayidx10028.exit2205" [src/yolo_conv.cpp:65]   --->   Operation 284 'br' 'br_ln65' <Predicate = (p_cast_mid2 == 2 & !icmp_ln61 & icmp_ln63)> <Delay = 0.00>
ST_4 : Operation 285 [1/1] (3.25ns)   --->   "%store_ln63 = store i16 %curr_input_data_sub_data_1_V, i7 %local_mem_group_data_V_14_addr" [src/yolo_conv.cpp:63]   --->   Operation 285 'store' 'store_ln63' <Predicate = (p_cast_mid2 == 1 & !icmp_ln61 & !icmp_ln63)> <Delay = 3.25> <CoreInst = "RAM_1WnR">   --->   Core 83 'RAM_1WnR' <Latency = 1> <II = 1> <Delay = 3.25> <Storage> <Opcode : 'load' 'store'> <Ports = 17> <Width = 16> <Depth = 128> <RAM>
ST_4 : Operation 286 [1/1] (3.25ns)   --->   "%store_ln64 = store i16 %curr_input_data_sub_data_2_V, i7 %local_mem_group_data_V_15_addr" [src/yolo_conv.cpp:64]   --->   Operation 286 'store' 'store_ln64' <Predicate = (p_cast_mid2 == 1 & !icmp_ln61 & !icmp_ln63)> <Delay = 3.25> <CoreInst = "RAM_1WnR">   --->   Core 83 'RAM_1WnR' <Latency = 1> <II = 1> <Delay = 3.25> <Storage> <Opcode : 'load' 'store'> <Ports = 17> <Width = 16> <Depth = 128> <RAM>
ST_4 : Operation 287 [1/1] (3.25ns)   --->   "%store_ln65 = store i16 %curr_input_data_sub_data_3_V, i7 %local_mem_group_data_V_16_addr" [src/yolo_conv.cpp:65]   --->   Operation 287 'store' 'store_ln65' <Predicate = (p_cast_mid2 == 1 & !icmp_ln61 & !icmp_ln63)> <Delay = 3.25> <CoreInst = "RAM_1WnR">   --->   Core 83 'RAM_1WnR' <Latency = 1> <II = 1> <Delay = 3.25> <Storage> <Opcode : 'load' 'store'> <Ports = 17> <Width = 16> <Depth = 128> <RAM>
ST_4 : Operation 288 [1/1] (0.00ns)   --->   "%br_ln65 = br void %arrayidx10028.exit2201" [src/yolo_conv.cpp:65]   --->   Operation 288 'br' 'br_ln65' <Predicate = (p_cast_mid2 == 1 & !icmp_ln61 & !icmp_ln63)> <Delay = 0.00>
ST_4 : Operation 289 [1/1] (3.25ns)   --->   "%store_ln63 = store i16 %curr_input_data_sub_data_1_V, i7 %local_mem_group_data_V_10_addr" [src/yolo_conv.cpp:63]   --->   Operation 289 'store' 'store_ln63' <Predicate = (p_cast_mid2 == 1 & !icmp_ln61 & icmp_ln63)> <Delay = 3.25> <CoreInst = "RAM_1WnR">   --->   Core 83 'RAM_1WnR' <Latency = 1> <II = 1> <Delay = 3.25> <Storage> <Opcode : 'load' 'store'> <Ports = 17> <Width = 16> <Depth = 128> <RAM>
ST_4 : Operation 290 [1/1] (3.25ns)   --->   "%store_ln64 = store i16 %curr_input_data_sub_data_2_V, i7 %local_mem_group_data_V_11_addr" [src/yolo_conv.cpp:64]   --->   Operation 290 'store' 'store_ln64' <Predicate = (p_cast_mid2 == 1 & !icmp_ln61 & icmp_ln63)> <Delay = 3.25> <CoreInst = "RAM_1WnR">   --->   Core 83 'RAM_1WnR' <Latency = 1> <II = 1> <Delay = 3.25> <Storage> <Opcode : 'load' 'store'> <Ports = 17> <Width = 16> <Depth = 128> <RAM>
ST_4 : Operation 291 [1/1] (3.25ns)   --->   "%store_ln65 = store i16 %curr_input_data_sub_data_3_V, i7 %local_mem_group_data_V_12_addr" [src/yolo_conv.cpp:65]   --->   Operation 291 'store' 'store_ln65' <Predicate = (p_cast_mid2 == 1 & !icmp_ln61 & icmp_ln63)> <Delay = 3.25> <CoreInst = "RAM_1WnR">   --->   Core 83 'RAM_1WnR' <Latency = 1> <II = 1> <Delay = 3.25> <Storage> <Opcode : 'load' 'store'> <Ports = 17> <Width = 16> <Depth = 128> <RAM>
ST_4 : Operation 292 [1/1] (0.00ns)   --->   "%br_ln65 = br void %arrayidx10028.exit2201" [src/yolo_conv.cpp:65]   --->   Operation 292 'br' 'br_ln65' <Predicate = (p_cast_mid2 == 1 & !icmp_ln61 & icmp_ln63)> <Delay = 0.00>
ST_4 : Operation 293 [1/1] (3.25ns)   --->   "%store_ln63 = store i16 %curr_input_data_sub_data_1_V, i7 %local_mem_group_data_V_5_addr" [src/yolo_conv.cpp:63]   --->   Operation 293 'store' 'store_ln63' <Predicate = (p_cast_mid2 == 0 & !icmp_ln61 & !icmp_ln63)> <Delay = 3.25> <CoreInst = "RAM_1WnR">   --->   Core 83 'RAM_1WnR' <Latency = 1> <II = 1> <Delay = 3.25> <Storage> <Opcode : 'load' 'store'> <Ports = 17> <Width = 16> <Depth = 128> <RAM>
ST_4 : Operation 294 [1/1] (3.25ns)   --->   "%store_ln64 = store i16 %curr_input_data_sub_data_2_V, i7 %local_mem_group_data_V_6_addr" [src/yolo_conv.cpp:64]   --->   Operation 294 'store' 'store_ln64' <Predicate = (p_cast_mid2 == 0 & !icmp_ln61 & !icmp_ln63)> <Delay = 3.25> <CoreInst = "RAM_1WnR">   --->   Core 83 'RAM_1WnR' <Latency = 1> <II = 1> <Delay = 3.25> <Storage> <Opcode : 'load' 'store'> <Ports = 17> <Width = 16> <Depth = 128> <RAM>
ST_4 : Operation 295 [1/1] (3.25ns)   --->   "%store_ln65 = store i16 %curr_input_data_sub_data_3_V, i7 %local_mem_group_data_V_7_addr" [src/yolo_conv.cpp:65]   --->   Operation 295 'store' 'store_ln65' <Predicate = (p_cast_mid2 == 0 & !icmp_ln61 & !icmp_ln63)> <Delay = 3.25> <CoreInst = "RAM_1WnR">   --->   Core 83 'RAM_1WnR' <Latency = 1> <II = 1> <Delay = 3.25> <Storage> <Opcode : 'load' 'store'> <Ports = 17> <Width = 16> <Depth = 128> <RAM>
ST_4 : Operation 296 [1/1] (0.00ns)   --->   "%br_ln65 = br void %arrayidx10028.exit2197" [src/yolo_conv.cpp:65]   --->   Operation 296 'br' 'br_ln65' <Predicate = (p_cast_mid2 == 0 & !icmp_ln61 & !icmp_ln63)> <Delay = 0.00>
ST_4 : Operation 297 [1/1] (3.25ns)   --->   "%store_ln63 = store i16 %curr_input_data_sub_data_1_V, i7 %local_mem_group_data_V_1_addr" [src/yolo_conv.cpp:63]   --->   Operation 297 'store' 'store_ln63' <Predicate = (p_cast_mid2 == 0 & !icmp_ln61 & icmp_ln63)> <Delay = 3.25> <CoreInst = "RAM_1WnR">   --->   Core 83 'RAM_1WnR' <Latency = 1> <II = 1> <Delay = 3.25> <Storage> <Opcode : 'load' 'store'> <Ports = 17> <Width = 16> <Depth = 128> <RAM>
ST_4 : Operation 298 [1/1] (3.25ns)   --->   "%store_ln64 = store i16 %curr_input_data_sub_data_2_V, i7 %local_mem_group_data_V_2_addr" [src/yolo_conv.cpp:64]   --->   Operation 298 'store' 'store_ln64' <Predicate = (p_cast_mid2 == 0 & !icmp_ln61 & icmp_ln63)> <Delay = 3.25> <CoreInst = "RAM_1WnR">   --->   Core 83 'RAM_1WnR' <Latency = 1> <II = 1> <Delay = 3.25> <Storage> <Opcode : 'load' 'store'> <Ports = 17> <Width = 16> <Depth = 128> <RAM>
ST_4 : Operation 299 [1/1] (3.25ns)   --->   "%store_ln65 = store i16 %curr_input_data_sub_data_3_V, i7 %local_mem_group_data_V_3_addr" [src/yolo_conv.cpp:65]   --->   Operation 299 'store' 'store_ln65' <Predicate = (p_cast_mid2 == 0 & !icmp_ln61 & icmp_ln63)> <Delay = 3.25> <CoreInst = "RAM_1WnR">   --->   Core 83 'RAM_1WnR' <Latency = 1> <II = 1> <Delay = 3.25> <Storage> <Opcode : 'load' 'store'> <Ports = 17> <Width = 16> <Depth = 128> <RAM>
ST_4 : Operation 300 [1/1] (0.00ns)   --->   "%br_ln65 = br void %arrayidx10028.exit2197" [src/yolo_conv.cpp:65]   --->   Operation 300 'br' 'br_ln65' <Predicate = (p_cast_mid2 == 0 & !icmp_ln61 & icmp_ln63)> <Delay = 0.00>
ST_4 : Operation 301 [1/1] (3.25ns)   --->   "%store_ln63 = store i16 %curr_input_data_sub_data_1_V, i7 %local_mem_group_data_V_68_addr" [src/yolo_conv.cpp:63]   --->   Operation 301 'store' 'store_ln63' <Predicate = (p_cast_mid2 == 7 & !icmp_ln61 & !icmp_ln63)> <Delay = 3.25> <CoreInst = "RAM_1WnR">   --->   Core 83 'RAM_1WnR' <Latency = 1> <II = 1> <Delay = 3.25> <Storage> <Opcode : 'load' 'store'> <Ports = 17> <Width = 16> <Depth = 128> <RAM>
ST_4 : Operation 302 [1/1] (3.25ns)   --->   "%store_ln64 = store i16 %curr_input_data_sub_data_2_V, i7 %local_mem_group_data_V_69_addr" [src/yolo_conv.cpp:64]   --->   Operation 302 'store' 'store_ln64' <Predicate = (p_cast_mid2 == 7 & !icmp_ln61 & !icmp_ln63)> <Delay = 3.25> <CoreInst = "RAM_1WnR">   --->   Core 83 'RAM_1WnR' <Latency = 1> <II = 1> <Delay = 3.25> <Storage> <Opcode : 'load' 'store'> <Ports = 17> <Width = 16> <Depth = 128> <RAM>
ST_4 : Operation 303 [1/1] (3.25ns)   --->   "%store_ln65 = store i16 %curr_input_data_sub_data_3_V, i7 %local_mem_group_data_V_70_addr" [src/yolo_conv.cpp:65]   --->   Operation 303 'store' 'store_ln65' <Predicate = (p_cast_mid2 == 7 & !icmp_ln61 & !icmp_ln63)> <Delay = 3.25> <CoreInst = "RAM_1WnR">   --->   Core 83 'RAM_1WnR' <Latency = 1> <II = 1> <Delay = 3.25> <Storage> <Opcode : 'load' 'store'> <Ports = 17> <Width = 16> <Depth = 128> <RAM>
ST_4 : Operation 304 [1/1] (0.00ns)   --->   "%br_ln65 = br void %arrayidx10028.exit2225" [src/yolo_conv.cpp:65]   --->   Operation 304 'br' 'br_ln65' <Predicate = (p_cast_mid2 == 7 & !icmp_ln61 & !icmp_ln63)> <Delay = 0.00>
ST_4 : Operation 305 [1/1] (3.25ns)   --->   "%store_ln63 = store i16 %curr_input_data_sub_data_1_V, i7 %local_mem_group_data_V_64_addr" [src/yolo_conv.cpp:63]   --->   Operation 305 'store' 'store_ln63' <Predicate = (p_cast_mid2 == 7 & !icmp_ln61 & icmp_ln63)> <Delay = 3.25> <CoreInst = "RAM_1WnR">   --->   Core 83 'RAM_1WnR' <Latency = 1> <II = 1> <Delay = 3.25> <Storage> <Opcode : 'load' 'store'> <Ports = 17> <Width = 16> <Depth = 128> <RAM>
ST_4 : Operation 306 [1/1] (3.25ns)   --->   "%store_ln64 = store i16 %curr_input_data_sub_data_2_V, i7 %local_mem_group_data_V_65_addr" [src/yolo_conv.cpp:64]   --->   Operation 306 'store' 'store_ln64' <Predicate = (p_cast_mid2 == 7 & !icmp_ln61 & icmp_ln63)> <Delay = 3.25> <CoreInst = "RAM_1WnR">   --->   Core 83 'RAM_1WnR' <Latency = 1> <II = 1> <Delay = 3.25> <Storage> <Opcode : 'load' 'store'> <Ports = 17> <Width = 16> <Depth = 128> <RAM>
ST_4 : Operation 307 [1/1] (3.25ns)   --->   "%store_ln65 = store i16 %curr_input_data_sub_data_3_V, i7 %local_mem_group_data_V_66_addr" [src/yolo_conv.cpp:65]   --->   Operation 307 'store' 'store_ln65' <Predicate = (p_cast_mid2 == 7 & !icmp_ln61 & icmp_ln63)> <Delay = 3.25> <CoreInst = "RAM_1WnR">   --->   Core 83 'RAM_1WnR' <Latency = 1> <II = 1> <Delay = 3.25> <Storage> <Opcode : 'load' 'store'> <Ports = 17> <Width = 16> <Depth = 128> <RAM>
ST_4 : Operation 308 [1/1] (0.00ns)   --->   "%br_ln65 = br void %arrayidx10028.exit2225" [src/yolo_conv.cpp:65]   --->   Operation 308 'br' 'br_ln65' <Predicate = (p_cast_mid2 == 7 & !icmp_ln61 & icmp_ln63)> <Delay = 0.00>
ST_4 : Operation 309 [1/1] (0.00ns)   --->   "%br_ln66 = br void %for.inc" [src/yolo_conv.cpp:66]   --->   Operation 309 'br' 'br_ln66' <Predicate = (!icmp_ln61)> <Delay = 0.00>


============================================================
+ Verbose Summary: Timing violations
============================================================
Target clock period: 7.5ns, clock uncertainty: 2.03ns.

 <State 1>: 1.59ns
The critical path consists of the following:
	'alloca' operation ('indvar_flatten95') [98]  (0 ns)
	'store' operation ('store_ln0') of constant 0 on local variable 'indvar_flatten95' [111]  (1.59 ns)

 <State 2>: 4.67ns
The critical path consists of the following:
	'load' operation ('indvar_flatten_load') on local variable 'indvar_flatten' [118]  (0 ns)
	'icmp' operation ('icmp_ln1027_3') [130]  (1.66 ns)
	'select' operation ('select_ln1027') [131]  (1.19 ns)
	'add' operation ('add_ln52', src/yolo_conv.cpp:52) [138]  (1.83 ns)

 <State 3>: 3.24ns
The critical path consists of the following:
	'add' operation ('add_ln55', src/yolo_conv.cpp:55) [457]  (1.65 ns)
	'store' operation ('store_ln55', src/yolo_conv.cpp:55) of variable 'add_ln55', src/yolo_conv.cpp:55 on local variable 'j' [464]  (1.59 ns)

 <State 4>: 5.12ns
The critical path consists of the following:
	'add' operation ('empty_43') [144]  (1.87 ns)
	'getelementptr' operation ('local_mem_group_data_V_45_addr') [191]  (0 ns)
	'store' operation ('store_ln60', src/yolo_conv.cpp:60) of variable 'tmp.data.sub_data_0.V' on array 'local_mem_group_data_V_45' [251]  (3.25 ns)


============================================================
+ Verbose Summary: Binding
============================================================
N/A
* FSMD analyzer results:
  - Output states:
 - Input state : 
  - Chain level:
	State 1
	State 2
	State 3
	State 4


============================================================
+ Verbose Summary: Datapath Resource usage 
============================================================
N/A
