#-----------------------------------------------------------
# Vivado v2022.2 (64-bit)
# SW Build 3671981 on Fri Oct 14 04:59:54 MDT 2022
# IP Build 3669848 on Fri Oct 14 08:30:02 MDT 2022
# Start of session at: Tue Nov 19 11:49:10 2024
# Process ID: 17152
# Current directory: /home/tony/Desktop/yolo_2022/Tiny_YOLO_v3_ZYNQ/code/sys/myproj/project_1.runs/design_1_rst_ps7_0_100M_0_synth_1
# Command line: vivado -log design_1_rst_ps7_0_100M_0.vds -product Vivado -mode batch -messageDb vivado.pb -notrace -source design_1_rst_ps7_0_100M_0.tcl
# Log file: /home/tony/Desktop/yolo_2022/Tiny_YOLO_v3_ZYNQ/code/sys/myproj/project_1.runs/design_1_rst_ps7_0_100M_0_synth_1/design_1_rst_ps7_0_100M_0.vds
# Journal file: /home/tony/Desktop/yolo_2022/Tiny_YOLO_v3_ZYNQ/code/sys/myproj/project_1.runs/design_1_rst_ps7_0_100M_0_synth_1/vivado.jou
# Running On: tony, OS: Linux, CPU Frequency: 3205.587 MHz, CPU Physical cores: 14, Host memory: 33431 MB
#-----------------------------------------------------------
source design_1_rst_ps7_0_100M_0.tcl -notrace
